[0.101s] DEBUG:colcon:Command line arguments: ['/usr/bin/colcon', 'build', '--packages-select', 'grupo07_robot_kinematics', '--symlink-install']
[0.101s] DEBUG:colcon:Parsed command line arguments: Namespace(log_base=None, log_level=None, verb_name='build', build_base='build', install_base='install', merge_install=False, symlink_install=True, test_result_base=None, continue_on_error=False, executor='parallel', parallel_workers=16, event_handlers=None, ignore_user_meta=False, metas=['./colcon.meta'], base_paths=['.'], packages_ignore=None, packages_ignore_regex=None, paths=None, packages_up_to=None, packages_up_to_regex=None, packages_above=None, packages_above_and_dependencies=None, packages_above_depth=None, packages_select_by_dep=None, packages_skip_by_dep=None, packages_skip_up_to=None, packages_select_build_failed=False, packages_skip_build_finished=False, packages_select_test_failures=False, packages_skip_test_passed=False, packages_select=['grupo07_robot_kinematics'], packages_skip=None, packages_select_regex=None, packages_skip_regex=None, packages_start=None, packages_end=None, allow_overriding=[], cmake_args=None, cmake_target=None, cmake_target_skip_unavailable=False, cmake_clean_cache=False, cmake_clean_first=False, cmake_force_configure=False, ament_cmake_args=None, catkin_cmake_args=None, catkin_skip_building_tests=False, mixin_files=None, mixin=None, verb_parser=<colcon_mixin.mixin.mixin_argument.MixinArgumentDecorator object at 0x7f9808cce750>, verb_extension=<colcon_core.verb.build.BuildVerb object at 0x7f9808de2f30>, main=<bound method BuildVerb.main of <colcon_core.verb.build.BuildVerb object at 0x7f9808de2f30>>, mixin_verb=('build',))
[0.136s] Level 1:colcon.colcon_core.package_discovery:discover_packages(colcon_meta) check parameters
[0.136s] Level 1:colcon.colcon_core.package_discovery:discover_packages(recursive) check parameters
[0.136s] Level 1:colcon.colcon_core.package_discovery:discover_packages(ignore) check parameters
[0.136s] Level 1:colcon.colcon_core.package_discovery:discover_packages(path) check parameters
[0.136s] Level 1:colcon.colcon_core.package_discovery:discover_packages(colcon_meta) discover
[0.137s] Level 1:colcon.colcon_core.package_discovery:discover_packages(recursive) discover
[0.137s] INFO:colcon.colcon_core.package_discovery:Crawling recursively for packages in '/home/alex/Desktop/Robot/grupo_07_kuka_kr7_r900_3_ws'
[0.137s] Level 1:colcon.colcon_core.package_identification:_identify(.) by extensions ['ignore', 'ignore_ament_install']
[0.137s] Level 1:colcon.colcon_core.package_identification:_identify(.) by extension 'ignore'
[0.137s] Level 1:colcon.colcon_core.package_identification:_identify(.) by extension 'ignore_ament_install'
[0.137s] Level 1:colcon.colcon_core.package_identification:_identify(.) by extensions ['colcon_pkg']
[0.137s] Level 1:colcon.colcon_core.package_identification:_identify(.) by extension 'colcon_pkg'
[0.137s] Level 1:colcon.colcon_core.package_identification:_identify(.) by extensions ['colcon_meta']
[0.137s] Level 1:colcon.colcon_core.package_identification:_identify(.) by extension 'colcon_meta'
[0.137s] Level 1:colcon.colcon_core.package_identification:_identify(.) by extensions ['ros']
[0.137s] Level 1:colcon.colcon_core.package_identification:_identify(.) by extension 'ros'
[0.159s] Level 1:colcon.colcon_core.package_identification:_identify(.) by extensions ['cmake', 'python']
[0.159s] Level 1:colcon.colcon_core.package_identification:_identify(.) by extension 'cmake'
[0.159s] Level 1:colcon.colcon_core.package_identification:_identify(.) by extension 'python'
[0.159s] Level 1:colcon.colcon_core.package_identification:_identify(.) by extensions ['python_setup_py']
[0.159s] Level 1:colcon.colcon_core.package_identification:_identify(.) by extension 'python_setup_py'
[0.159s] Level 1:colcon.colcon_core.package_identification:_identify(build) by extensions ['ignore', 'ignore_ament_install']
[0.159s] Level 1:colcon.colcon_core.package_identification:_identify(build) by extension 'ignore'
[0.159s] Level 1:colcon.colcon_core.package_identification:_identify(build) ignored
[0.159s] Level 1:colcon.colcon_core.package_identification:_identify(docs) by extensions ['ignore', 'ignore_ament_install']
[0.160s] Level 1:colcon.colcon_core.package_identification:_identify(docs) by extension 'ignore'
[0.160s] Level 1:colcon.colcon_core.package_identification:_identify(docs) by extension 'ignore_ament_install'
[0.160s] Level 1:colcon.colcon_core.package_identification:_identify(docs) by extensions ['colcon_pkg']
[0.160s] Level 1:colcon.colcon_core.package_identification:_identify(docs) by extension 'colcon_pkg'
[0.160s] Level 1:colcon.colcon_core.package_identification:_identify(docs) by extensions ['colcon_meta']
[0.160s] Level 1:colcon.colcon_core.package_identification:_identify(docs) by extension 'colcon_meta'
[0.160s] Level 1:colcon.colcon_core.package_identification:_identify(docs) by extensions ['ros']
[0.160s] Level 1:colcon.colcon_core.package_identification:_identify(docs) by extension 'ros'
[0.160s] Level 1:colcon.colcon_core.package_identification:_identify(docs) by extensions ['cmake', 'python']
[0.160s] Level 1:colcon.colcon_core.package_identification:_identify(docs) by extension 'cmake'
[0.160s] Level 1:colcon.colcon_core.package_identification:_identify(docs) by extension 'python'
[0.160s] Level 1:colcon.colcon_core.package_identification:_identify(docs) by extensions ['python_setup_py']
[0.160s] Level 1:colcon.colcon_core.package_identification:_identify(docs) by extension 'python_setup_py'
[0.160s] Level 1:colcon.colcon_core.package_identification:_identify(install) by extensions ['ignore', 'ignore_ament_install']
[0.160s] Level 1:colcon.colcon_core.package_identification:_identify(install) by extension 'ignore'
[0.160s] Level 1:colcon.colcon_core.package_identification:_identify(install) ignored
[0.161s] Level 1:colcon.colcon_core.package_identification:_identify(log) by extensions ['ignore', 'ignore_ament_install']
[0.161s] Level 1:colcon.colcon_core.package_identification:_identify(log) by extension 'ignore'
[0.161s] Level 1:colcon.colcon_core.package_identification:_identify(log) ignored
[0.161s] Level 1:colcon.colcon_core.package_identification:_identify(src) by extensions ['ignore', 'ignore_ament_install']
[0.161s] Level 1:colcon.colcon_core.package_identification:_identify(src) by extension 'ignore'
[0.161s] Level 1:colcon.colcon_core.package_identification:_identify(src) by extension 'ignore_ament_install'
[0.161s] Level 1:colcon.colcon_core.package_identification:_identify(src) by extensions ['colcon_pkg']
[0.161s] Level 1:colcon.colcon_core.package_identification:_identify(src) by extension 'colcon_pkg'
[0.161s] Level 1:colcon.colcon_core.package_identification:_identify(src) by extensions ['colcon_meta']
[0.161s] Level 1:colcon.colcon_core.package_identification:_identify(src) by extension 'colcon_meta'
[0.161s] Level 1:colcon.colcon_core.package_identification:_identify(src) by extensions ['ros']
[0.161s] Level 1:colcon.colcon_core.package_identification:_identify(src) by extension 'ros'
[0.161s] Level 1:colcon.colcon_core.package_identification:_identify(src) by extensions ['cmake', 'python']
[0.161s] Level 1:colcon.colcon_core.package_identification:_identify(src) by extension 'cmake'
[0.161s] Level 1:colcon.colcon_core.package_identification:_identify(src) by extension 'python'
[0.161s] Level 1:colcon.colcon_core.package_identification:_identify(src) by extensions ['python_setup_py']
[0.161s] Level 1:colcon.colcon_core.package_identification:_identify(src) by extension 'python_setup_py'
[0.162s] Level 1:colcon.colcon_core.package_identification:_identify(src/grupo07_kuka_kr7_bringup) by extensions ['ignore', 'ignore_ament_install']
[0.162s] Level 1:colcon.colcon_core.package_identification:_identify(src/grupo07_kuka_kr7_bringup) by extension 'ignore'
[0.162s] Level 1:colcon.colcon_core.package_identification:_identify(src/grupo07_kuka_kr7_bringup) by extension 'ignore_ament_install'
[0.162s] Level 1:colcon.colcon_core.package_identification:_identify(src/grupo07_kuka_kr7_bringup) by extensions ['colcon_pkg']
[0.162s] Level 1:colcon.colcon_core.package_identification:_identify(src/grupo07_kuka_kr7_bringup) by extension 'colcon_pkg'
[0.162s] Level 1:colcon.colcon_core.package_identification:_identify(src/grupo07_kuka_kr7_bringup) by extensions ['colcon_meta']
[0.162s] Level 1:colcon.colcon_core.package_identification:_identify(src/grupo07_kuka_kr7_bringup) by extension 'colcon_meta'
[0.162s] Level 1:colcon.colcon_core.package_identification:_identify(src/grupo07_kuka_kr7_bringup) by extensions ['ros']
[0.162s] Level 1:colcon.colcon_core.package_identification:_identify(src/grupo07_kuka_kr7_bringup) by extension 'ros'
[0.164s] DEBUG:colcon.colcon_core.package_identification:Package 'src/grupo07_kuka_kr7_bringup' with type 'ros.ament_cmake' and name 'grupo07_kuka_kr7_bringup'
[0.164s] Level 1:colcon.colcon_core.package_identification:_identify(src/grupo07_kuka_kr7_kinematics) by extensions ['ignore', 'ignore_ament_install']
[0.164s] Level 1:colcon.colcon_core.package_identification:_identify(src/grupo07_kuka_kr7_kinematics) by extension 'ignore'
[0.164s] Level 1:colcon.colcon_core.package_identification:_identify(src/grupo07_kuka_kr7_kinematics) by extension 'ignore_ament_install'
[0.164s] Level 1:colcon.colcon_core.package_identification:_identify(src/grupo07_kuka_kr7_kinematics) by extensions ['colcon_pkg']
[0.164s] Level 1:colcon.colcon_core.package_identification:_identify(src/grupo07_kuka_kr7_kinematics) by extension 'colcon_pkg'
[0.164s] Level 1:colcon.colcon_core.package_identification:_identify(src/grupo07_kuka_kr7_kinematics) by extensions ['colcon_meta']
[0.164s] Level 1:colcon.colcon_core.package_identification:_identify(src/grupo07_kuka_kr7_kinematics) by extension 'colcon_meta'
[0.164s] Level 1:colcon.colcon_core.package_identification:_identify(src/grupo07_kuka_kr7_kinematics) by extensions ['ros']
[0.164s] Level 1:colcon.colcon_core.package_identification:_identify(src/grupo07_kuka_kr7_kinematics) by extension 'ros'
[0.165s] DEBUG:colcon.colcon_core.package_identification:Package 'src/grupo07_kuka_kr7_kinematics' with type 'ros.ament_python' and name 'grupo07_kuka_kr7_kinematics'
[0.165s] Level 1:colcon.colcon_core.package_identification:_identify(src/grupo07_robot_kinematics) by extensions ['ignore', 'ignore_ament_install']
[0.165s] Level 1:colcon.colcon_core.package_identification:_identify(src/grupo07_robot_kinematics) by extension 'ignore'
[0.165s] Level 1:colcon.colcon_core.package_identification:_identify(src/grupo07_robot_kinematics) by extension 'ignore_ament_install'
[0.165s] Level 1:colcon.colcon_core.package_identification:_identify(src/grupo07_robot_kinematics) by extensions ['colcon_pkg']
[0.165s] Level 1:colcon.colcon_core.package_identification:_identify(src/grupo07_robot_kinematics) by extension 'colcon_pkg'
[0.165s] Level 1:colcon.colcon_core.package_identification:_identify(src/grupo07_robot_kinematics) by extensions ['colcon_meta']
[0.165s] Level 1:colcon.colcon_core.package_identification:_identify(src/grupo07_robot_kinematics) by extension 'colcon_meta'
[0.165s] Level 1:colcon.colcon_core.package_identification:_identify(src/grupo07_robot_kinematics) by extensions ['ros']
[0.165s] Level 1:colcon.colcon_core.package_identification:_identify(src/grupo07_robot_kinematics) by extension 'ros'
[0.166s] DEBUG:colcon.colcon_core.package_identification:Package 'src/grupo07_robot_kinematics' with type 'ros.ament_python' and name 'grupo07_robot_kinematics'
[0.166s] Level 1:colcon.colcon_core.package_identification:_identify(src/kuka_robot_descriptions) by extensions ['ignore', 'ignore_ament_install']
[0.166s] Level 1:colcon.colcon_core.package_identification:_identify(src/kuka_robot_descriptions) by extension 'ignore'
[0.166s] Level 1:colcon.colcon_core.package_identification:_identify(src/kuka_robot_descriptions) by extension 'ignore_ament_install'
[0.166s] Level 1:colcon.colcon_core.package_identification:_identify(src/kuka_robot_descriptions) by extensions ['colcon_pkg']
[0.166s] Level 1:colcon.colcon_core.package_identification:_identify(src/kuka_robot_descriptions) by extension 'colcon_pkg'
[0.166s] Level 1:colcon.colcon_core.package_identification:_identify(src/kuka_robot_descriptions) by extensions ['colcon_meta']
[0.166s] Level 1:colcon.colcon_core.package_identification:_identify(src/kuka_robot_descriptions) by extension 'colcon_meta'
[0.166s] Level 1:colcon.colcon_core.package_identification:_identify(src/kuka_robot_descriptions) by extensions ['ros']
[0.166s] Level 1:colcon.colcon_core.package_identification:_identify(src/kuka_robot_descriptions) by extension 'ros'
[0.166s] Level 1:colcon.colcon_core.package_identification:_identify(src/kuka_robot_descriptions) by extensions ['cmake', 'python']
[0.167s] Level 1:colcon.colcon_core.package_identification:_identify(src/kuka_robot_descriptions) by extension 'cmake'
[0.167s] Level 1:colcon.colcon_core.package_identification:_identify(src/kuka_robot_descriptions) by extension 'python'
[0.167s] Level 1:colcon.colcon_core.package_identification:_identify(src/kuka_robot_descriptions) by extensions ['python_setup_py']
[0.167s] Level 1:colcon.colcon_core.package_identification:_identify(src/kuka_robot_descriptions) by extension 'python_setup_py'
[0.167s] Level 1:colcon.colcon_core.package_identification:_identify(src/kuka_robot_descriptions/kuka_agilus_support) by extensions ['ignore', 'ignore_ament_install']
[0.167s] Level 1:colcon.colcon_core.package_identification:_identify(src/kuka_robot_descriptions/kuka_agilus_support) by extension 'ignore'
[0.167s] Level 1:colcon.colcon_core.package_identification:_identify(src/kuka_robot_descriptions/kuka_agilus_support) by extension 'ignore_ament_install'
[0.167s] Level 1:colcon.colcon_core.package_identification:_identify(src/kuka_robot_descriptions/kuka_agilus_support) by extensions ['colcon_pkg']
[0.167s] Level 1:colcon.colcon_core.package_identification:_identify(src/kuka_robot_descriptions/kuka_agilus_support) by extension 'colcon_pkg'
[0.167s] Level 1:colcon.colcon_core.package_identification:_identify(src/kuka_robot_descriptions/kuka_agilus_support) by extensions ['colcon_meta']
[0.167s] Level 1:colcon.colcon_core.package_identification:_identify(src/kuka_robot_descriptions/kuka_agilus_support) by extension 'colcon_meta'
[0.167s] Level 1:colcon.colcon_core.package_identification:_identify(src/kuka_robot_descriptions/kuka_agilus_support) by extensions ['ros']
[0.167s] Level 1:colcon.colcon_core.package_identification:_identify(src/kuka_robot_descriptions/kuka_agilus_support) by extension 'ros'
[0.168s] DEBUG:colcon.colcon_core.package_identification:Package 'src/kuka_robot_descriptions/kuka_agilus_support' with type 'ros.ament_cmake' and name 'kuka_agilus_support'
[0.168s] Level 1:colcon.colcon_core.package_identification:_identify(src/kuka_robot_descriptions/kuka_resources) by extensions ['ignore', 'ignore_ament_install']
[0.168s] Level 1:colcon.colcon_core.package_identification:_identify(src/kuka_robot_descriptions/kuka_resources) by extension 'ignore'
[0.168s] Level 1:colcon.colcon_core.package_identification:_identify(src/kuka_robot_descriptions/kuka_resources) by extension 'ignore_ament_install'
[0.168s] Level 1:colcon.colcon_core.package_identification:_identify(src/kuka_robot_descriptions/kuka_resources) by extensions ['colcon_pkg']
[0.168s] Level 1:colcon.colcon_core.package_identification:_identify(src/kuka_robot_descriptions/kuka_resources) by extension 'colcon_pkg'
[0.168s] Level 1:colcon.colcon_core.package_identification:_identify(src/kuka_robot_descriptions/kuka_resources) by extensions ['colcon_meta']
[0.168s] Level 1:colcon.colcon_core.package_identification:_identify(src/kuka_robot_descriptions/kuka_resources) by extension 'colcon_meta'
[0.168s] Level 1:colcon.colcon_core.package_identification:_identify(src/kuka_robot_descriptions/kuka_resources) by extensions ['ros']
[0.168s] Level 1:colcon.colcon_core.package_identification:_identify(src/kuka_robot_descriptions/kuka_resources) by extension 'ros'
[0.169s] DEBUG:colcon.colcon_core.package_identification:Package 'src/kuka_robot_descriptions/kuka_resources' with type 'ros.ament_cmake' and name 'kuka_resources'
[0.169s] Level 1:colcon.colcon_core.package_discovery:discover_packages(recursive) using defaults
[0.169s] Level 1:colcon.colcon_core.package_discovery:discover_packages(ignore) discover
[0.169s] Level 1:colcon.colcon_core.package_discovery:discover_packages(ignore) using defaults
[0.169s] Level 1:colcon.colcon_core.package_discovery:discover_packages(path) discover
[0.169s] Level 1:colcon.colcon_core.package_discovery:discover_packages(path) using defaults
[0.185s] INFO:colcon.colcon_core.package_selection:Skipping not selected package 'grupo07_kuka_kr7_kinematics' in 'src/grupo07_kuka_kr7_kinematics'
[0.185s] INFO:colcon.colcon_core.package_selection:Skipping not selected package 'kuka_resources' in 'src/kuka_robot_descriptions/kuka_resources'
[0.185s] INFO:colcon.colcon_core.package_selection:Skipping not selected package 'kuka_agilus_support' in 'src/kuka_robot_descriptions/kuka_agilus_support'
[0.185s] INFO:colcon.colcon_core.package_selection:Skipping not selected package 'grupo07_kuka_kr7_bringup' in 'src/grupo07_kuka_kr7_bringup'
[0.186s] Level 1:colcon.colcon_core.package_discovery:discover_packages(prefix_path) check parameters
[0.186s] Level 1:colcon.colcon_core.package_discovery:discover_packages(prefix_path) discover
[0.189s] DEBUG:colcon.colcon_installed_package_information.package_discovery:Found 5 installed packages in /home/alex/Desktop/Robot/grupo_07_kuka_kr7_r900_3_ws/install
[0.190s] DEBUG:colcon.colcon_installed_package_information.package_discovery:Found 21 installed packages in /home/alex/Desktop/Robotica/ros2_ws/install
[0.190s] DEBUG:colcon.colcon_installed_package_information.package_discovery:Found 21 installed packages in /home/alex/Desktop/Robotica/ros2_ws/src/install
[0.194s] DEBUG:colcon.colcon_installed_package_information.package_discovery:Found 493 installed packages in /opt/ros/jazzy
[0.196s] Level 1:colcon.colcon_core.package_discovery:discover_packages(prefix_path) using defaults
[0.265s] Level 5:colcon.colcon_core.verb:set package 'grupo07_robot_kinematics' build argument 'cmake_args' from command line to 'None'
[0.265s] Level 5:colcon.colcon_core.verb:set package 'grupo07_robot_kinematics' build argument 'cmake_target' from command line to 'None'
[0.265s] Level 5:colcon.colcon_core.verb:set package 'grupo07_robot_kinematics' build argument 'cmake_target_skip_unavailable' from command line to 'False'
[0.265s] Level 5:colcon.colcon_core.verb:set package 'grupo07_robot_kinematics' build argument 'cmake_clean_cache' from command line to 'False'
[0.265s] Level 5:colcon.colcon_core.verb:set package 'grupo07_robot_kinematics' build argument 'cmake_clean_first' from command line to 'False'
[0.265s] Level 5:colcon.colcon_core.verb:set package 'grupo07_robot_kinematics' build argument 'cmake_force_configure' from command line to 'False'
[0.265s] Level 5:colcon.colcon_core.verb:set package 'grupo07_robot_kinematics' build argument 'ament_cmake_args' from command line to 'None'
[0.265s] Level 5:colcon.colcon_core.verb:set package 'grupo07_robot_kinematics' build argument 'catkin_cmake_args' from command line to 'None'
[0.266s] Level 5:colcon.colcon_core.verb:set package 'grupo07_robot_kinematics' build argument 'catkin_skip_building_tests' from command line to 'False'
[0.266s] DEBUG:colcon.colcon_core.verb:Building package 'grupo07_robot_kinematics' with the following arguments: {'ament_cmake_args': None, 'build_base': '/home/alex/Desktop/Robot/grupo_07_kuka_kr7_r900_3_ws/build/grupo07_robot_kinematics', 'catkin_cmake_args': None, 'catkin_skip_building_tests': False, 'cmake_args': None, 'cmake_clean_cache': False, 'cmake_clean_first': False, 'cmake_force_configure': False, 'cmake_target': None, 'cmake_target_skip_unavailable': False, 'install_base': '/home/alex/Desktop/Robot/grupo_07_kuka_kr7_r900_3_ws/install/grupo07_robot_kinematics', 'merge_install': False, 'path': '/home/alex/Desktop/Robot/grupo_07_kuka_kr7_r900_3_ws/src/grupo07_robot_kinematics', 'symlink_install': True, 'test_result_base': None}
[0.266s] INFO:colcon.colcon_core.executor:Executing jobs using 'parallel' executor
[0.266s] DEBUG:colcon.colcon_parallel_executor.executor.parallel:run_until_complete
[0.267s] INFO:colcon.colcon_ros.task.ament_python.build:Building ROS package in '/home/alex/Desktop/Robot/grupo_07_kuka_kr7_r900_3_ws/src/grupo07_robot_kinematics' with build type 'ament_python'
[0.267s] Level 1:colcon.colcon_core.shell:create_environment_hook('grupo07_robot_kinematics', 'ament_prefix_path')
[0.269s] INFO:colcon.colcon_core.plugin_system:Skipping extension 'colcon_core.shell.bat': Not used on non-Windows systems
[0.269s] INFO:colcon.colcon_core.shell:Creating environment hook '/home/alex/Desktop/Robot/grupo_07_kuka_kr7_r900_3_ws/install/grupo07_robot_kinematics/share/grupo07_robot_kinematics/hook/ament_prefix_path.ps1'
[0.270s] INFO:colcon.colcon_core.shell:Creating environment descriptor '/home/alex/Desktop/Robot/grupo_07_kuka_kr7_r900_3_ws/install/grupo07_robot_kinematics/share/grupo07_robot_kinematics/hook/ament_prefix_path.dsv'
[0.271s] INFO:colcon.colcon_core.shell:Creating environment hook '/home/alex/Desktop/Robot/grupo_07_kuka_kr7_r900_3_ws/install/grupo07_robot_kinematics/share/grupo07_robot_kinematics/hook/ament_prefix_path.sh'
[0.271s] INFO:colcon.colcon_core.shell:Skip shell extension 'powershell' for command environment: Not usable outside of PowerShell
[0.271s] DEBUG:colcon.colcon_core.shell:Skip shell extension 'dsv' for command environment
[0.487s] INFO:colcon.colcon_core.task.python.build:Building Python package in '/home/alex/Desktop/Robot/grupo_07_kuka_kr7_r900_3_ws/src/grupo07_robot_kinematics'
[0.487s] INFO:colcon.colcon_core.shell:Skip shell extension 'powershell' for command environment: Not usable outside of PowerShell
[0.488s] DEBUG:colcon.colcon_core.shell:Skip shell extension 'dsv' for command environment
[1.068s] DEBUG:colcon.colcon_core.task.python.build:Available setuptools commands: check, upload_docs, extract_messages, bdist_rpm, install_lib, setopt, rotate, install_scripts, install_egg_info, clean, install, install_data, bdist_dumb, bdist_egg, upload, bdist_wheel, update_catalog, develop, compile_catalog, alias, build_py, build_scripts, symlink_data, register, install_headers, build, sdist, bdist, init_catalog, saveopts, build_ext, dist_info, egg_info, editable_wheel, test, build_clib, easy_install
[1.393s] DEBUG:colcon.colcon_core.task.python.build:Available setuptools 'develop' options: --no-user-cfg, --build-directory, --always-unzip, --no-deps, --optimize, --site-dirs, --local-snapshots-ok, --upgrade, --force-installation-into-system-dir, --dry-run, --find-links, --no-find-links, --verbose, --editable, --egg-path, --prefix, --quiet, --user, --record, --install-layout, --install-dir, --exclude-scripts, --index-url, --help, --zip-ok, --version, --always-copy, --allow-hosts, --script-dir, --uninstall, --multi-version
[1.394s] DEBUG:colcon.colcon_core.event_handler.log_command:Invoking command in '/home/alex/Desktop/Robot/grupo_07_kuka_kr7_r900_3_ws/build/grupo07_robot_kinematics': DEBUGINFOD_URLS=https://debuginfod.ubuntu.com PS1=[ROSLAB d43] \u@\h:\w$ PYTHONPATH=/home/alex/Desktop/Robot/grupo_07_kuka_kr7_r900_3_ws/build/grupo07_robot_kinematics/prefix_override:/usr/lib/python3/dist-packages/colcon_core/task/python/colcon_distutils_commands:/home/alex/Desktop/Robot/grupo_07_kuka_kr7_r900_3_ws/install/grupo07_robot_kinematics/lib/python3.12/site-packages:${PYTHONPATH} /usr/bin/python3 -W ignore:setup.py install is deprecated -W ignore:easy_install command is deprecated setup.py develop --editable --build-directory /home/alex/Desktop/Robot/grupo_07_kuka_kr7_r900_3_ws/build/grupo07_robot_kinematics/build --no-deps symlink_data
[2.059s] Level 1:colcon.colcon_core.shell:create_environment_hook('grupo07_robot_kinematics', 'pythonpath_develop')
[2.059s] INFO:colcon.colcon_core.shell:Creating environment hook '/home/alex/Desktop/Robot/grupo_07_kuka_kr7_r900_3_ws/build/grupo07_robot_kinematics/share/grupo07_robot_kinematics/hook/pythonpath_develop.ps1'
[2.060s] DEBUG:colcon.colcon_core.event_handler.log_command:Invoked command in '/home/alex/Desktop/Robot/grupo_07_kuka_kr7_r900_3_ws/build/grupo07_robot_kinematics' returned '0': DEBUGINFOD_URLS=https://debuginfod.ubuntu.com PS1=[ROSLAB d43] \u@\h:\w$ PYTHONPATH=/home/alex/Desktop/Robot/grupo_07_kuka_kr7_r900_3_ws/build/grupo07_robot_kinematics/prefix_override:/usr/lib/python3/dist-packages/colcon_core/task/python/colcon_distutils_commands:/home/alex/Desktop/Robot/grupo_07_kuka_kr7_r900_3_ws/install/grupo07_robot_kinematics/lib/python3.12/site-packages:${PYTHONPATH} /usr/bin/python3 -W ignore:setup.py install is deprecated -W ignore:easy_install command is deprecated setup.py develop --editable --build-directory /home/alex/Desktop/Robot/grupo_07_kuka_kr7_r900_3_ws/build/grupo07_robot_kinematics/build --no-deps symlink_data
[2.060s] INFO:colcon.colcon_core.shell:Creating environment descriptor '/home/alex/Desktop/Robot/grupo_07_kuka_kr7_r900_3_ws/build/grupo07_robot_kinematics/share/grupo07_robot_kinematics/hook/pythonpath_develop.dsv'
[2.060s] INFO:colcon.colcon_core.shell:Creating environment hook '/home/alex/Desktop/Robot/grupo_07_kuka_kr7_r900_3_ws/build/grupo07_robot_kinematics/share/grupo07_robot_kinematics/hook/pythonpath_develop.sh'
[2.063s] Level 1:colcon.colcon_core.environment:checking '/home/alex/Desktop/Robot/grupo_07_kuka_kr7_r900_3_ws/install/grupo07_robot_kinematics' for CMake module files
[2.063s] Level 1:colcon.colcon_core.environment:checking '/home/alex/Desktop/Robot/grupo_07_kuka_kr7_r900_3_ws/install/grupo07_robot_kinematics' for CMake config files
[2.064s] Level 1:colcon.colcon_core.environment:checking '/home/alex/Desktop/Robot/grupo_07_kuka_kr7_r900_3_ws/install/grupo07_robot_kinematics/lib'
[2.064s] Level 1:colcon.colcon_core.environment:checking '/home/alex/Desktop/Robot/grupo_07_kuka_kr7_r900_3_ws/install/grupo07_robot_kinematics/bin'
[2.064s] Level 1:colcon.colcon_core.environment:checking '/home/alex/Desktop/Robot/grupo_07_kuka_kr7_r900_3_ws/install/grupo07_robot_kinematics/lib/pkgconfig/grupo07_robot_kinematics.pc'
[2.064s] Level 1:colcon.colcon_core.environment:checking '/home/alex/Desktop/Robot/grupo_07_kuka_kr7_r900_3_ws/install/grupo07_robot_kinematics/lib/python3.12/site-packages'
[2.064s] Level 1:colcon.colcon_core.shell:create_environment_hook('grupo07_robot_kinematics', 'pythonpath')
[2.064s] INFO:colcon.colcon_core.shell:Creating environment hook '/home/alex/Desktop/Robot/grupo_07_kuka_kr7_r900_3_ws/install/grupo07_robot_kinematics/share/grupo07_robot_kinematics/hook/pythonpath.ps1'
[2.065s] INFO:colcon.colcon_core.shell:Creating environment descriptor '/home/alex/Desktop/Robot/grupo_07_kuka_kr7_r900_3_ws/install/grupo07_robot_kinematics/share/grupo07_robot_kinematics/hook/pythonpath.dsv'
[2.065s] INFO:colcon.colcon_core.shell:Creating environment hook '/home/alex/Desktop/Robot/grupo_07_kuka_kr7_r900_3_ws/install/grupo07_robot_kinematics/share/grupo07_robot_kinematics/hook/pythonpath.sh'
[2.066s] Level 1:colcon.colcon_core.environment:checking '/home/alex/Desktop/Robot/grupo_07_kuka_kr7_r900_3_ws/install/grupo07_robot_kinematics/bin'
[2.066s] Level 1:colcon.colcon_core.environment:create_environment_scripts_only(grupo07_robot_kinematics)
[2.066s] INFO:colcon.colcon_core.shell:Creating package script '/home/alex/Desktop/Robot/grupo_07_kuka_kr7_r900_3_ws/install/grupo07_robot_kinematics/share/grupo07_robot_kinematics/package.ps1'
[2.067s] INFO:colcon.colcon_core.shell:Creating package descriptor '/home/alex/Desktop/Robot/grupo_07_kuka_kr7_r900_3_ws/install/grupo07_robot_kinematics/share/grupo07_robot_kinematics/package.dsv'
[2.067s] INFO:colcon.colcon_core.shell:Creating package script '/home/alex/Desktop/Robot/grupo_07_kuka_kr7_r900_3_ws/install/grupo07_robot_kinematics/share/grupo07_robot_kinematics/package.sh'
[2.068s] INFO:colcon.colcon_core.shell:Creating package script '/home/alex/Desktop/Robot/grupo_07_kuka_kr7_r900_3_ws/install/grupo07_robot_kinematics/share/grupo07_robot_kinematics/package.bash'
[2.068s] INFO:colcon.colcon_core.shell:Creating package script '/home/alex/Desktop/Robot/grupo_07_kuka_kr7_r900_3_ws/install/grupo07_robot_kinematics/share/grupo07_robot_kinematics/package.zsh'
[2.069s] Level 1:colcon.colcon_core.environment:create_file_with_runtime_dependencies(/home/alex/Desktop/Robot/grupo_07_kuka_kr7_r900_3_ws/install/grupo07_robot_kinematics/share/colcon-core/packages/grupo07_robot_kinematics)
[2.069s] DEBUG:colcon.colcon_parallel_executor.executor.parallel:closing loop
[2.069s] DEBUG:colcon.colcon_parallel_executor.executor.parallel:loop closed
[2.070s] DEBUG:colcon.colcon_parallel_executor.executor.parallel:run_until_complete finished with '0'
[2.070s] DEBUG:colcon.colcon_core.event_reactor:joining thread
[2.075s] INFO:colcon.colcon_core.plugin_system:Skipping extension 'colcon_notification.desktop_notification.terminal_notifier': Not used on non-Darwin systems
[2.075s] INFO:colcon.colcon_core.plugin_system:Skipping extension 'colcon_notification.desktop_notification.win32': Not used on non-Windows systems
[2.075s] INFO:colcon.colcon_notification.desktop_notification:Sending desktop notification using 'notify2'
[2.086s] DEBUG:colcon.colcon_core.event_reactor:joined thread
[2.086s] INFO:colcon.colcon_core.shell:Creating prefix script '/home/alex/Desktop/Robot/grupo_07_kuka_kr7_r900_3_ws/install/local_setup.ps1'
[2.087s] INFO:colcon.colcon_core.shell:Creating prefix util module '/home/alex/Desktop/Robot/grupo_07_kuka_kr7_r900_3_ws/install/_local_setup_util_ps1.py'
[2.088s] INFO:colcon.colcon_core.shell:Creating prefix chain script '/home/alex/Desktop/Robot/grupo_07_kuka_kr7_r900_3_ws/install/setup.ps1'
[2.091s] INFO:colcon.colcon_core.shell:Creating prefix script '/home/alex/Desktop/Robot/grupo_07_kuka_kr7_r900_3_ws/install/local_setup.sh'
[2.091s] INFO:colcon.colcon_core.shell:Creating prefix util module '/home/alex/Desktop/Robot/grupo_07_kuka_kr7_r900_3_ws/install/_local_setup_util_sh.py'
[2.092s] INFO:colcon.colcon_core.shell:Creating prefix chain script '/home/alex/Desktop/Robot/grupo_07_kuka_kr7_r900_3_ws/install/setup.sh'
[2.094s] INFO:colcon.colcon_core.shell:Creating prefix script '/home/alex/Desktop/Robot/grupo_07_kuka_kr7_r900_3_ws/install/local_setup.bash'
[2.095s] INFO:colcon.colcon_core.shell:Creating prefix chain script '/home/alex/Desktop/Robot/grupo_07_kuka_kr7_r900_3_ws/install/setup.bash'
[2.098s] INFO:colcon.colcon_core.shell:Creating prefix script '/home/alex/Desktop/Robot/grupo_07_kuka_kr7_r900_3_ws/install/local_setup.zsh'
[2.098s] INFO:colcon.colcon_core.shell:Creating prefix chain script '/home/alex/Desktop/Robot/grupo_07_kuka_kr7_r900_3_ws/install/setup.zsh'
