[0.015s] Invoking command in '/home/alex/Desktop/Robot/grupo_07_kuka_kr7_r900_3_ws/build/kuka_resources': CMAKE_PREFIX_PATH=${CMAKE_PREFIX_PATH}:/home/alex/Desktop/Robot/grupo_07_kuka_kr7_r900_3_ws/install/grupo07_kuka_kr7_kinematics:/opt/ros/jazzy DEBUGINFOD_URLS=https://debuginfod.ubuntu.com PS1=\[\e[1;32m\]\u@\h:\w\$\[\e[0m\] /usr/bin/cmake /home/alex/Desktop/Robot/grupo_07_kuka_kr7_r900_3_ws/src/kuka_robot_descriptions/kuka_resources -DCMAKE_INSTALL_PREFIX=/home/alex/Desktop/Robot/grupo_07_kuka_kr7_r900_3_ws/install/kuka_resources
[0.042s] -- Found ament_cmake: 2.5.6 (/opt/ros/jazzy/share/ament_cmake/cmake)
[0.236s] -- Override CMake install command with custom implementation using symlinks instead of copying resources
[0.242s] -- Found urdf: 2.10.1 (/opt/ros/jazzy/share/urdf/cmake)
[0.260s] -- Found TinyXML2 via Config file: /usr/lib/x86_64-linux-gnu/cmake/tinyxml2
[0.343s] -- Configuring done (0.3s)
[0.347s] -- Generating done (0.0s)
[0.348s] -- Build files have been written to: /home/alex/Desktop/Robot/grupo_07_kuka_kr7_r900_3_ws/build/kuka_resources
[0.354s] Invoked command in '/home/alex/Desktop/Robot/grupo_07_kuka_kr7_r900_3_ws/build/kuka_resources' returned '0': CMAKE_PREFIX_PATH=${CMAKE_PREFIX_PATH}:/home/alex/Desktop/Robot/grupo_07_kuka_kr7_r900_3_ws/install/grupo07_kuka_kr7_kinematics:/opt/ros/jazzy DEBUGINFOD_URLS=https://debuginfod.ubuntu.com PS1=\[\e[1;32m\]\u@\h:\w\$\[\e[0m\] /usr/bin/cmake /home/alex/Desktop/Robot/grupo_07_kuka_kr7_r900_3_ws/src/kuka_robot_descriptions/kuka_resources -DCMAKE_INSTALL_PREFIX=/home/alex/Desktop/Robot/grupo_07_kuka_kr7_r900_3_ws/install/kuka_resources
[0.355s] Invoking command in '/home/alex/Desktop/Robot/grupo_07_kuka_kr7_r900_3_ws/build/kuka_resources': CMAKE_PREFIX_PATH=${CMAKE_PREFIX_PATH}:/home/alex/Desktop/Robot/grupo_07_kuka_kr7_r900_3_ws/install/grupo07_kuka_kr7_kinematics:/opt/ros/jazzy DEBUGINFOD_URLS=https://debuginfod.ubuntu.com PS1=\[\e[1;32m\]\u@\h:\w\$\[\e[0m\] /usr/bin/cmake --build /home/alex/Desktop/Robot/grupo_07_kuka_kr7_r900_3_ws/build/kuka_resources -- -j16 -l16
[0.398s] Invoked command in '/home/alex/Desktop/Robot/grupo_07_kuka_kr7_r900_3_ws/build/kuka_resources' returned '0': CMAKE_PREFIX_PATH=${CMAKE_PREFIX_PATH}:/home/alex/Desktop/Robot/grupo_07_kuka_kr7_r900_3_ws/install/grupo07_kuka_kr7_kinematics:/opt/ros/jazzy DEBUGINFOD_URLS=https://debuginfod.ubuntu.com PS1=\[\e[1;32m\]\u@\h:\w\$\[\e[0m\] /usr/bin/cmake --build /home/alex/Desktop/Robot/grupo_07_kuka_kr7_r900_3_ws/build/kuka_resources -- -j16 -l16
[0.409s] Invoking command in '/home/alex/Desktop/Robot/grupo_07_kuka_kr7_r900_3_ws/build/kuka_resources': CMAKE_PREFIX_PATH=${CMAKE_PREFIX_PATH}:/home/alex/Desktop/Robot/grupo_07_kuka_kr7_r900_3_ws/install/grupo07_kuka_kr7_kinematics:/opt/ros/jazzy DEBUGINFOD_URLS=https://debuginfod.ubuntu.com PS1=\[\e[1;32m\]\u@\h:\w\$\[\e[0m\] /usr/bin/cmake --install /home/alex/Desktop/Robot/grupo_07_kuka_kr7_r900_3_ws/build/kuka_resources
[0.417s] -- Install configuration: ""
[0.418s] -- Execute custom install script
[0.418s] -- Up-to-date symlink: /home/alex/Desktop/Robot/grupo_07_kuka_kr7_r900_3_ws/install/kuka_resources/share/kuka_resources/srdf/dual_arm_template.srdf.xacro
[0.418s] -- Up-to-date symlink: /home/alex/Desktop/Robot/grupo_07_kuka_kr7_r900_3_ws/install/kuka_resources/share/kuka_resources/srdf/robot_arm_group_macro.xacro
[0.419s] -- Up-to-date symlink: /home/alex/Desktop/Robot/grupo_07_kuka_kr7_r900_3_ws/install/kuka_resources/share/kuka_resources/srdf/robot_arm_macro.xacro
[0.419s] -- Up-to-date symlink: /home/alex/Desktop/Robot/grupo_07_kuka_kr7_r900_3_ws/install/kuka_resources/share/kuka_resources/srdf/robot_with_external_axis_template.srdf.xacro
[0.419s] -- Up-to-date symlink: /home/alex/Desktop/Robot/grupo_07_kuka_kr7_r900_3_ws/install/kuka_resources/share/kuka_resources/urdf/common_colours.xacro
[0.419s] -- Up-to-date symlink: /home/alex/Desktop/Robot/grupo_07_kuka_kr7_r900_3_ws/install/kuka_resources/share/kuka_resources/urdf/common_constants.xacro
[0.419s] -- Up-to-date symlink: /home/alex/Desktop/Robot/grupo_07_kuka_kr7_r900_3_ws/install/kuka_resources/share/kuka_resources/urdf/common_materials.xacro
[0.419s] -- Up-to-date symlink: /home/alex/Desktop/Robot/grupo_07_kuka_kr7_r900_3_ws/install/kuka_resources/share/kuka_resources/urdf/dual_arm_template.urdf.xacro
[0.420s] -- Up-to-date symlink: /home/alex/Desktop/Robot/grupo_07_kuka_kr7_r900_3_ws/install/kuka_resources/share/kuka_resources/urdf/robot_with_external_axis_template.urdf.xacro
[0.420s] -- Up-to-date symlink: /home/alex/Desktop/Robot/grupo_07_kuka_kr7_r900_3_ws/install/kuka_resources/share/kuka_resources/config/fake_hardware_config_6_axis.yaml
[0.420s] -- Up-to-date symlink: /home/alex/Desktop/Robot/grupo_07_kuka_kr7_r900_3_ws/install/kuka_resources/share/kuka_resources/config/fake_hardware_config_6_axis_kl.yaml
[0.421s] -- Up-to-date symlink: /home/alex/Desktop/Robot/grupo_07_kuka_kr7_r900_3_ws/install/kuka_resources/share/kuka_resources/config/fake_hardware_config_7_axis.yaml
[0.421s] -- Up-to-date symlink: /home/alex/Desktop/Robot/grupo_07_kuka_kr7_r900_3_ws/install/kuka_resources/share/kuka_resources/config/moveit_controllers_6_axis_kl.yaml
[0.421s] -- Up-to-date symlink: /home/alex/Desktop/Robot/grupo_07_kuka_kr7_r900_3_ws/install/kuka_resources/share/kuka_resources/config/planning_6_axis.rviz
[0.422s] -- Up-to-date symlink: /home/alex/Desktop/Robot/grupo_07_kuka_kr7_r900_3_ws/install/kuka_resources/share/kuka_resources/config/planning_6_axis_kl.rviz
[0.422s] -- Up-to-date symlink: /home/alex/Desktop/Robot/grupo_07_kuka_kr7_r900_3_ws/install/kuka_resources/share/kuka_resources/config/planning_7_axis.rviz
[0.422s] -- Up-to-date symlink: /home/alex/Desktop/Robot/grupo_07_kuka_kr7_r900_3_ws/install/kuka_resources/share/kuka_resources/config/view_6_axis_kl_urdf.rviz
[0.422s] -- Up-to-date symlink: /home/alex/Desktop/Robot/grupo_07_kuka_kr7_r900_3_ws/install/kuka_resources/share/kuka_resources/config/view_6_axis_planning_scene.rviz
[0.422s] -- Up-to-date symlink: /home/alex/Desktop/Robot/grupo_07_kuka_kr7_r900_3_ws/install/kuka_resources/share/kuka_resources/config/view_6_axis_urdf.rviz
[0.422s] -- Up-to-date symlink: /home/alex/Desktop/Robot/grupo_07_kuka_kr7_r900_3_ws/install/kuka_resources/share/kuka_resources/config/view_7_axis_planning_scene.rviz
[0.422s] -- Up-to-date symlink: /home/alex/Desktop/Robot/grupo_07_kuka_kr7_r900_3_ws/install/kuka_resources/share/kuka_resources/config/view_7_axis_urdf.rviz
[0.422s] -- Up-to-date symlink: /home/alex/Desktop/Robot/grupo_07_kuka_kr7_r900_3_ws/install/kuka_resources/share/kuka_resources/config/view_multi_6_axis_urdf.rviz
[0.423s] -- Up-to-date symlink: /home/alex/Desktop/Robot/grupo_07_kuka_kr7_r900_3_ws/install/kuka_resources/share/kuka_resources/launch/fake_hardware_planning_template.launch.py
[0.423s] -- Up-to-date symlink: /home/alex/Desktop/Robot/grupo_07_kuka_kr7_r900_3_ws/install/kuka_resources/share/kuka_resources/launch/moveit_server_template.launch.py
[0.423s] -- Up-to-date symlink: /home/alex/Desktop/Robot/grupo_07_kuka_kr7_r900_3_ws/install/kuka_resources/share/ament_index/resource_index/package_run_dependencies/kuka_resources
[0.423s] -- Up-to-date symlink: /home/alex/Desktop/Robot/grupo_07_kuka_kr7_r900_3_ws/install/kuka_resources/share/ament_index/resource_index/parent_prefix_path/kuka_resources
[0.423s] -- Up-to-date symlink: /home/alex/Desktop/Robot/grupo_07_kuka_kr7_r900_3_ws/install/kuka_resources/share/kuka_resources/environment/ament_prefix_path.sh
[0.424s] -- Up-to-date symlink: /home/alex/Desktop/Robot/grupo_07_kuka_kr7_r900_3_ws/install/kuka_resources/share/kuka_resources/environment/ament_prefix_path.dsv
[0.424s] -- Up-to-date symlink: /home/alex/Desktop/Robot/grupo_07_kuka_kr7_r900_3_ws/install/kuka_resources/share/kuka_resources/environment/path.sh
[0.424s] -- Up-to-date symlink: /home/alex/Desktop/Robot/grupo_07_kuka_kr7_r900_3_ws/install/kuka_resources/share/kuka_resources/environment/path.dsv
[0.424s] -- Up-to-date symlink: /home/alex/Desktop/Robot/grupo_07_kuka_kr7_r900_3_ws/install/kuka_resources/share/kuka_resources/local_setup.bash
[0.425s] -- Up-to-date symlink: /home/alex/Desktop/Robot/grupo_07_kuka_kr7_r900_3_ws/install/kuka_resources/share/kuka_resources/local_setup.sh
[0.425s] -- Up-to-date symlink: /home/alex/Desktop/Robot/grupo_07_kuka_kr7_r900_3_ws/install/kuka_resources/share/kuka_resources/local_setup.zsh
[0.425s] -- Up-to-date symlink: /home/alex/Desktop/Robot/grupo_07_kuka_kr7_r900_3_ws/install/kuka_resources/share/kuka_resources/local_setup.dsv
[0.425s] -- Symlinking: /home/alex/Desktop/Robot/grupo_07_kuka_kr7_r900_3_ws/install/kuka_resources/share/kuka_resources/package.dsv
[0.437s] -- Up-to-date symlink: /home/alex/Desktop/Robot/grupo_07_kuka_kr7_r900_3_ws/install/kuka_resources/share/ament_index/resource_index/packages/kuka_resources
[0.437s] -- Up-to-date symlink: /home/alex/Desktop/Robot/grupo_07_kuka_kr7_r900_3_ws/install/kuka_resources/share/kuka_resources/cmake/kuka_resourcesConfig.cmake
[0.437s] -- Up-to-date symlink: /home/alex/Desktop/Robot/grupo_07_kuka_kr7_r900_3_ws/install/kuka_resources/share/kuka_resources/cmake/kuka_resourcesConfig-version.cmake
[0.437s] -- Up-to-date symlink: /home/alex/Desktop/Robot/grupo_07_kuka_kr7_r900_3_ws/install/kuka_resources/share/kuka_resources/package.xml
[0.440s] Invoked command in '/home/alex/Desktop/Robot/grupo_07_kuka_kr7_r900_3_ws/build/kuka_resources' returned '0': CMAKE_PREFIX_PATH=${CMAKE_PREFIX_PATH}:/home/alex/Desktop/Robot/grupo_07_kuka_kr7_r900_3_ws/install/grupo07_kuka_kr7_kinematics:/opt/ros/jazzy DEBUGINFOD_URLS=https://debuginfod.ubuntu.com PS1=\[\e[1;32m\]\u@\h:\w\$\[\e[0m\] /usr/bin/cmake --install /home/alex/Desktop/Robot/grupo_07_kuka_kr7_r900_3_ws/build/kuka_resources
