[1.137s] Invoking command in '/home/alex/Desktop/Robot/grupo_07_kuka_kr7_r900_3_ws/src/grupo07_robot_kinematics': DEBUGINFOD_URLS=https://debuginfod.ubuntu.com PS1=\[\e[1;32m\]\u@\h:\w\$\[\e[0m\] PYTHONPATH=/home/alex/Desktop/Robot/grupo_07_kuka_kr7_r900_3_ws/build/grupo07_robot_kinematics/prefix_override:/usr/lib/python3/dist-packages/colcon_core/task/python/colcon_distutils_commands:/home/alex/Desktop/Robot/grupo_07_kuka_kr7_r900_3_ws/install/grupo07_robot_kinematics/lib/python3.12/site-packages:${PYTHONPATH} /usr/bin/python3 -W ignore:setup.py install is deprecated -W ignore:easy_install command is deprecated setup.py egg_info --egg-base ../../build/grupo07_robot_kinematics build --build-base /home/alex/Desktop/Robot/grupo_07_kuka_kr7_r900_3_ws/build/grupo07_robot_kinematics/build install --record /home/alex/Desktop/Robot/grupo_07_kuka_kr7_r900_3_ws/build/grupo07_robot_kinematics/install.log --install-scripts $base/lib/grupo07_robot_kinematics --single-version-externally-managed install_data
[1.391s] running egg_info
[1.392s] creating ../../build/grupo07_robot_kinematics/grupo07_robot_kinematics.egg-info
[1.412s] writing ../../build/grupo07_robot_kinematics/grupo07_robot_kinematics.egg-info/PKG-INFO
[1.412s] writing dependency_links to ../../build/grupo07_robot_kinematics/grupo07_robot_kinematics.egg-info/dependency_links.txt
[1.412s] writing entry points to ../../build/grupo07_robot_kinematics/grupo07_robot_kinematics.egg-info/entry_points.txt
[1.412s] writing requirements to ../../build/grupo07_robot_kinematics/grupo07_robot_kinematics.egg-info/requires.txt
[1.412s] writing top-level names to ../../build/grupo07_robot_kinematics/grupo07_robot_kinematics.egg-info/top_level.txt
[1.412s] writing manifest file '../../build/grupo07_robot_kinematics/grupo07_robot_kinematics.egg-info/SOURCES.txt'
[1.455s] reading manifest file '../../build/grupo07_robot_kinematics/grupo07_robot_kinematics.egg-info/SOURCES.txt'
[1.456s] writing manifest file '../../build/grupo07_robot_kinematics/grupo07_robot_kinematics.egg-info/SOURCES.txt'
[1.456s] running build
[1.456s] running build_py
[1.456s] creating /home/alex/Desktop/Robot/grupo_07_kuka_kr7_r900_3_ws/build/grupo07_robot_kinematics/build
[1.457s] creating /home/alex/Desktop/Robot/grupo_07_kuka_kr7_r900_3_ws/build/grupo07_robot_kinematics/build/lib
[1.457s] creating /home/alex/Desktop/Robot/grupo_07_kuka_kr7_r900_3_ws/build/grupo07_robot_kinematics/build/lib/grupo07_robot_kinematics
[1.457s] copying grupo07_robot_kinematics/kinematics.py -> /home/alex/Desktop/Robot/grupo_07_kuka_kr7_r900_3_ws/build/grupo07_robot_kinematics/build/lib/grupo07_robot_kinematics
[1.457s] copying grupo07_robot_kinematics/__init__.py -> /home/alex/Desktop/Robot/grupo_07_kuka_kr7_r900_3_ws/build/grupo07_robot_kinematics/build/lib/grupo07_robot_kinematics
[1.457s] copying grupo07_robot_kinematics/fk_node.py -> /home/alex/Desktop/Robot/grupo_07_kuka_kr7_r900_3_ws/build/grupo07_robot_kinematics/build/lib/grupo07_robot_kinematics
[1.458s] running install
[1.463s] running install_lib
[1.483s] creating /home/alex/Desktop/Robot/grupo_07_kuka_kr7_r900_3_ws/install/grupo07_robot_kinematics/lib/python3.12/site-packages/grupo07_robot_kinematics
[1.483s] copying /home/alex/Desktop/Robot/grupo_07_kuka_kr7_r900_3_ws/build/grupo07_robot_kinematics/build/lib/grupo07_robot_kinematics/kinematics.py -> /home/alex/Desktop/Robot/grupo_07_kuka_kr7_r900_3_ws/install/grupo07_robot_kinematics/lib/python3.12/site-packages/grupo07_robot_kinematics
[1.484s] copying /home/alex/Desktop/Robot/grupo_07_kuka_kr7_r900_3_ws/build/grupo07_robot_kinematics/build/lib/grupo07_robot_kinematics/__init__.py -> /home/alex/Desktop/Robot/grupo_07_kuka_kr7_r900_3_ws/install/grupo07_robot_kinematics/lib/python3.12/site-packages/grupo07_robot_kinematics
[1.484s] copying /home/alex/Desktop/Robot/grupo_07_kuka_kr7_r900_3_ws/build/grupo07_robot_kinematics/build/lib/grupo07_robot_kinematics/fk_node.py -> /home/alex/Desktop/Robot/grupo_07_kuka_kr7_r900_3_ws/install/grupo07_robot_kinematics/lib/python3.12/site-packages/grupo07_robot_kinematics
[1.484s] byte-compiling /home/alex/Desktop/Robot/grupo_07_kuka_kr7_r900_3_ws/install/grupo07_robot_kinematics/lib/python3.12/site-packages/grupo07_robot_kinematics/kinematics.py to kinematics.cpython-312.pyc
[1.485s] byte-compiling /home/alex/Desktop/Robot/grupo_07_kuka_kr7_r900_3_ws/install/grupo07_robot_kinematics/lib/python3.12/site-packages/grupo07_robot_kinematics/__init__.py to __init__.cpython-312.pyc
[1.485s] byte-compiling /home/alex/Desktop/Robot/grupo_07_kuka_kr7_r900_3_ws/install/grupo07_robot_kinematics/lib/python3.12/site-packages/grupo07_robot_kinematics/fk_node.py to fk_node.cpython-312.pyc
[1.486s] running install_data
[1.486s] creating /home/alex/Desktop/Robot/grupo_07_kuka_kr7_r900_3_ws/install/grupo07_robot_kinematics/share/ament_index
[1.487s] creating /home/alex/Desktop/Robot/grupo_07_kuka_kr7_r900_3_ws/install/grupo07_robot_kinematics/share/ament_index/resource_index
[1.487s] creating /home/alex/Desktop/Robot/grupo_07_kuka_kr7_r900_3_ws/install/grupo07_robot_kinematics/share/ament_index/resource_index/packages
[1.487s] copying resource/grupo07_robot_kinematics -> /home/alex/Desktop/Robot/grupo_07_kuka_kr7_r900_3_ws/install/grupo07_robot_kinematics/share/ament_index/resource_index/packages
[1.487s] copying package.xml -> /home/alex/Desktop/Robot/grupo_07_kuka_kr7_r900_3_ws/install/grupo07_robot_kinematics/share/grupo07_robot_kinematics
[1.487s] running install_egg_info
[1.509s] Copying ../../build/grupo07_robot_kinematics/grupo07_robot_kinematics.egg-info to /home/alex/Desktop/Robot/grupo_07_kuka_kr7_r900_3_ws/install/grupo07_robot_kinematics/lib/python3.12/site-packages/grupo07_robot_kinematics-0.0.0-py3.12.egg-info
[1.510s] running install_scripts
[1.651s] Installing fk_node script to /home/alex/Desktop/Robot/grupo_07_kuka_kr7_r900_3_ws/install/grupo07_robot_kinematics/lib/grupo07_robot_kinematics
[1.651s] writing list of installed files to '/home/alex/Desktop/Robot/grupo_07_kuka_kr7_r900_3_ws/build/grupo07_robot_kinematics/install.log'
[1.691s] Invoked command in '/home/alex/Desktop/Robot/grupo_07_kuka_kr7_r900_3_ws/src/grupo07_robot_kinematics' returned '0': DEBUGINFOD_URLS=https://debuginfod.ubuntu.com PS1=\[\e[1;32m\]\u@\h:\w\$\[\e[0m\] PYTHONPATH=/home/alex/Desktop/Robot/grupo_07_kuka_kr7_r900_3_ws/build/grupo07_robot_kinematics/prefix_override:/usr/lib/python3/dist-packages/colcon_core/task/python/colcon_distutils_commands:/home/alex/Desktop/Robot/grupo_07_kuka_kr7_r900_3_ws/install/grupo07_robot_kinematics/lib/python3.12/site-packages:${PYTHONPATH} /usr/bin/python3 -W ignore:setup.py install is deprecated -W ignore:easy_install command is deprecated setup.py egg_info --egg-base ../../build/grupo07_robot_kinematics build --build-base /home/alex/Desktop/Robot/grupo_07_kuka_kr7_r900_3_ws/build/grupo07_robot_kinematics/build install --record /home/alex/Desktop/Robot/grupo_07_kuka_kr7_r900_3_ws/build/grupo07_robot_kinematics/install.log --install-scripts $base/lib/grupo07_robot_kinematics --single-version-externally-managed install_data
