[0.016s] Invoking command in '/home/alex/Desktop/Robot/grupo_07_kuka_kr7_r900_3_ws/build/kuka_agilus_support': CMAKE_PREFIX_PATH=/home/alex/Desktop/Robot/grupo_07_kuka_kr7_r900_3_ws/install/kuka_resources:/home/alex/Desktop/Robot/grupo_07_kuka_kr7_r900_3_ws/install/grupo07_kuka_kr7_bringup:/home/alex/Desktop/Robot/grupo_07_kuka_kr7_r900_3_ws/install/kuka_agilus_support:/home/alex/Desktop/Robotica/ros2_ws/install/turtlebot_services_interfaces:/home/alex/Desktop/Robotica/ros2_ws/install/turtlebot3:/home/alex/Desktop/Robotica/ros2_ws/install/turtlebot3_simulations:/home/alex/Desktop/Robotica/ros2_ws/install/turtlebot3_bringup:/home/alex/Desktop/Robotica/ros2_ws/install/turtlebot3_node:/home/alex/Desktop/Robotica/ros2_ws/install/turtlebot3_navigation2:/home/alex/Desktop/Robotica/ros2_ws/install/turtlebot3_fake_node:/home/alex/Desktop/Robotica/ros2_ws/install/turtlebot3_msgs:/home/alex/Desktop/Robotica/ros2_ws/install/turtlebot3_autorace_jazzy:/home/alex/Desktop/Robotica/ros2_ws/install/turtlebot3_gazebo:/home/alex/Desktop/Robotica/ros2_ws/install/turtlebot3_description:/home/alex/Desktop/Robotica/ros2_ws/install/turtlebot3_cartographer:/home/alex/Desktop/Robotica/ros2_ws/install/dynamixel_sdk_examples:/home/alex/Desktop/Robotica/ros2_ws/install/dynamixel_sdk_custom_interfaces:/home/alex/Desktop/Robotica/ros2_ws/install/dynamixel_sdk:/home/alex/Desktop/Robotica/ros2_ws/src/install/turtlebot_services_interfaces:/home/alex/Desktop/Robotica/ros2_ws/src/install/turtlebot3:/home/alex/Desktop/Robotica/ros2_ws/src/install/turtlebot3_simulations:/home/alex/Desktop/Robotica/ros2_ws/src/install/turtlebot3_bringup:/home/alex/Desktop/Robotica/ros2_ws/src/install/turtlebot3_node:/home/alex/Desktop/Robotica/ros2_ws/src/install/turtlebot3_navigation2:/home/alex/Desktop/Robotica/ros2_ws/src/install/turtlebot3_fake_node:/home/alex/Desktop/Robotica/ros2_ws/src/install/turtlebot3_msgs:/home/alex/Desktop/Robotica/ros2_ws/src/install/turtlebot3_autorace_jazzy:/home/alex/Desktop/Robotica/ros2_ws/src/install/turtlebot3_gazebo:/home/alex/Desktop/Robotica/ros2_ws/src/install/turtlebot3_description:/home/alex/Desktop/Robotica/ros2_ws/src/install/turtlebot3_cartographer:/home/alex/Desktop/Robotica/ros2_ws/src/install/dynamixel_sdk_examples:/home/alex/Desktop/Robotica/ros2_ws/src/install/dynamixel_sdk_custom_interfaces:/home/alex/Desktop/Robotica/ros2_ws/src/install/dynamixel_sdk:/opt/ros/jazzy/opt/gz_sim_vendor:/opt/ros/jazzy/opt/gz_sensors_vendor:/opt/ros/jazzy/opt/gz_physics_vendor:/opt/ros/jazzy/opt/sdformat_vendor:/opt/ros/jazzy/opt/gz_gui_vendor:/opt/ros/jazzy/opt/gz_transport_vendor:/opt/ros/jazzy/opt/gz_rendering_vendor:/opt/ros/jazzy/opt/gz_plugin_vendor:/opt/ros/jazzy/opt/gz_fuel_tools_vendor:/opt/ros/jazzy/opt/gz_msgs_vendor:/opt/ros/jazzy/opt/gz_common_vendor:/opt/ros/jazzy/opt/gz_math_vendor:/opt/ros/jazzy/opt/gz_utils_vendor:/opt/ros/jazzy/opt/gz_tools_vendor:/opt/ros/jazzy/opt/gz_ogre_next_vendor:/opt/ros/jazzy/opt/gz_dartsim_vendor:/opt/ros/jazzy/opt/gz_cmake_vendor:/home/alex/Desktop/Robot/grupo_07_kuka_kr7_r900_3_ws/install/grupo07_robot_kinematics:/home/alex/Desktop/Robot/grupo_07_kuka_kr7_r900_3_ws/install/grupo07_kuka_kr7_kinematics:/home/alex/Desktop/Robotica/ros2_ws/install/turtlebot_services:/home/alex/Desktop/Robotica/ros2_ws/install/turtlebot3_teleop:/home/alex/Desktop/Robotica/ros2_ws/install/turtlebot3_tasks:/home/alex/Desktop/Robotica/ros2_ws/install/turtlebot3_systems:/home/alex/Desktop/Robotica/ros2_ws/install/turtlebot3_example:/home/alex/Desktop/Robotica/ros2_ws/install/turtlebot3_autorace:/home/alex/Desktop/Robotica/ros2_ws/src/install/turtlebot_services:/home/alex/Desktop/Robotica/ros2_ws/src/install/turtlebot3_teleop:/home/alex/Desktop/Robotica/ros2_ws/src/install/turtlebot3_tasks:/home/alex/Desktop/Robotica/ros2_ws/src/install/turtlebot3_systems:/home/alex/Desktop/Robotica/ros2_ws/src/install/turtlebot3_example:/home/alex/Desktop/Robotica/ros2_ws/src/install/turtlebot3_autorace:/opt/ros/jazzy DEBUGINFOD_URLS=https://debuginfod.ubuntu.com PS1=[ROSLAB d43] \u@\h:\w$ /usr/bin/cmake --build /home/alex/Desktop/Robot/grupo_07_kuka_kr7_r900_3_ws/build/kuka_agilus_support -- -j16 -l16
[0.074s] Invoked command in '/home/alex/Desktop/Robot/grupo_07_kuka_kr7_r900_3_ws/build/kuka_agilus_support' returned '0': CMAKE_PREFIX_PATH=/home/alex/Desktop/Robot/grupo_07_kuka_kr7_r900_3_ws/install/kuka_resources:/home/alex/Desktop/Robot/grupo_07_kuka_kr7_r900_3_ws/install/grupo07_kuka_kr7_bringup:/home/alex/Desktop/Robot/grupo_07_kuka_kr7_r900_3_ws/install/kuka_agilus_support:/home/alex/Desktop/Robotica/ros2_ws/install/turtlebot_services_interfaces:/home/alex/Desktop/Robotica/ros2_ws/install/turtlebot3:/home/alex/Desktop/Robotica/ros2_ws/install/turtlebot3_simulations:/home/alex/Desktop/Robotica/ros2_ws/install/turtlebot3_bringup:/home/alex/Desktop/Robotica/ros2_ws/install/turtlebot3_node:/home/alex/Desktop/Robotica/ros2_ws/install/turtlebot3_navigation2:/home/alex/Desktop/Robotica/ros2_ws/install/turtlebot3_fake_node:/home/alex/Desktop/Robotica/ros2_ws/install/turtlebot3_msgs:/home/alex/Desktop/Robotica/ros2_ws/install/turtlebot3_autorace_jazzy:/home/alex/Desktop/Robotica/ros2_ws/install/turtlebot3_gazebo:/home/alex/Desktop/Robotica/ros2_ws/install/turtlebot3_description:/home/alex/Desktop/Robotica/ros2_ws/install/turtlebot3_cartographer:/home/alex/Desktop/Robotica/ros2_ws/install/dynamixel_sdk_examples:/home/alex/Desktop/Robotica/ros2_ws/install/dynamixel_sdk_custom_interfaces:/home/alex/Desktop/Robotica/ros2_ws/install/dynamixel_sdk:/home/alex/Desktop/Robotica/ros2_ws/src/install/turtlebot_services_interfaces:/home/alex/Desktop/Robotica/ros2_ws/src/install/turtlebot3:/home/alex/Desktop/Robotica/ros2_ws/src/install/turtlebot3_simulations:/home/alex/Desktop/Robotica/ros2_ws/src/install/turtlebot3_bringup:/home/alex/Desktop/Robotica/ros2_ws/src/install/turtlebot3_node:/home/alex/Desktop/Robotica/ros2_ws/src/install/turtlebot3_navigation2:/home/alex/Desktop/Robotica/ros2_ws/src/install/turtlebot3_fake_node:/home/alex/Desktop/Robotica/ros2_ws/src/install/turtlebot3_msgs:/home/alex/Desktop/Robotica/ros2_ws/src/install/turtlebot3_autorace_jazzy:/home/alex/Desktop/Robotica/ros2_ws/src/install/turtlebot3_gazebo:/home/alex/Desktop/Robotica/ros2_ws/src/install/turtlebot3_description:/home/alex/Desktop/Robotica/ros2_ws/src/install/turtlebot3_cartographer:/home/alex/Desktop/Robotica/ros2_ws/src/install/dynamixel_sdk_examples:/home/alex/Desktop/Robotica/ros2_ws/src/install/dynamixel_sdk_custom_interfaces:/home/alex/Desktop/Robotica/ros2_ws/src/install/dynamixel_sdk:/opt/ros/jazzy/opt/gz_sim_vendor:/opt/ros/jazzy/opt/gz_sensors_vendor:/opt/ros/jazzy/opt/gz_physics_vendor:/opt/ros/jazzy/opt/sdformat_vendor:/opt/ros/jazzy/opt/gz_gui_vendor:/opt/ros/jazzy/opt/gz_transport_vendor:/opt/ros/jazzy/opt/gz_rendering_vendor:/opt/ros/jazzy/opt/gz_plugin_vendor:/opt/ros/jazzy/opt/gz_fuel_tools_vendor:/opt/ros/jazzy/opt/gz_msgs_vendor:/opt/ros/jazzy/opt/gz_common_vendor:/opt/ros/jazzy/opt/gz_math_vendor:/opt/ros/jazzy/opt/gz_utils_vendor:/opt/ros/jazzy/opt/gz_tools_vendor:/opt/ros/jazzy/opt/gz_ogre_next_vendor:/opt/ros/jazzy/opt/gz_dartsim_vendor:/opt/ros/jazzy/opt/gz_cmake_vendor:/home/alex/Desktop/Robot/grupo_07_kuka_kr7_r900_3_ws/install/grupo07_robot_kinematics:/home/alex/Desktop/Robot/grupo_07_kuka_kr7_r900_3_ws/install/grupo07_kuka_kr7_kinematics:/home/alex/Desktop/Robotica/ros2_ws/install/turtlebot_services:/home/alex/Desktop/Robotica/ros2_ws/install/turtlebot3_teleop:/home/alex/Desktop/Robotica/ros2_ws/install/turtlebot3_tasks:/home/alex/Desktop/Robotica/ros2_ws/install/turtlebot3_systems:/home/alex/Desktop/Robotica/ros2_ws/install/turtlebot3_example:/home/alex/Desktop/Robotica/ros2_ws/install/turtlebot3_autorace:/home/alex/Desktop/Robotica/ros2_ws/src/install/turtlebot_services:/home/alex/Desktop/Robotica/ros2_ws/src/install/turtlebot3_teleop:/home/alex/Desktop/Robotica/ros2_ws/src/install/turtlebot3_tasks:/home/alex/Desktop/Robotica/ros2_ws/src/install/turtlebot3_systems:/home/alex/Desktop/Robotica/ros2_ws/src/install/turtlebot3_example:/home/alex/Desktop/Robotica/ros2_ws/src/install/turtlebot3_autorace:/opt/ros/jazzy DEBUGINFOD_URLS=https://debuginfod.ubuntu.com PS1=[ROSLAB d43] \u@\h:\w$ /usr/bin/cmake --build /home/alex/Desktop/Robot/grupo_07_kuka_kr7_r900_3_ws/build/kuka_agilus_support -- -j16 -l16
[0.075s] Invoking command in '/home/alex/Desktop/Robot/grupo_07_kuka_kr7_r900_3_ws/build/kuka_agilus_support': CMAKE_PREFIX_PATH=/home/alex/Desktop/Robot/grupo_07_kuka_kr7_r900_3_ws/install/kuka_resources:/home/alex/Desktop/Robot/grupo_07_kuka_kr7_r900_3_ws/install/grupo07_kuka_kr7_bringup:/home/alex/Desktop/Robot/grupo_07_kuka_kr7_r900_3_ws/install/kuka_agilus_support:/home/alex/Desktop/Robotica/ros2_ws/install/turtlebot_services_interfaces:/home/alex/Desktop/Robotica/ros2_ws/install/turtlebot3:/home/alex/Desktop/Robotica/ros2_ws/install/turtlebot3_simulations:/home/alex/Desktop/Robotica/ros2_ws/install/turtlebot3_bringup:/home/alex/Desktop/Robotica/ros2_ws/install/turtlebot3_node:/home/alex/Desktop/Robotica/ros2_ws/install/turtlebot3_navigation2:/home/alex/Desktop/Robotica/ros2_ws/install/turtlebot3_fake_node:/home/alex/Desktop/Robotica/ros2_ws/install/turtlebot3_msgs:/home/alex/Desktop/Robotica/ros2_ws/install/turtlebot3_autorace_jazzy:/home/alex/Desktop/Robotica/ros2_ws/install/turtlebot3_gazebo:/home/alex/Desktop/Robotica/ros2_ws/install/turtlebot3_description:/home/alex/Desktop/Robotica/ros2_ws/install/turtlebot3_cartographer:/home/alex/Desktop/Robotica/ros2_ws/install/dynamixel_sdk_examples:/home/alex/Desktop/Robotica/ros2_ws/install/dynamixel_sdk_custom_interfaces:/home/alex/Desktop/Robotica/ros2_ws/install/dynamixel_sdk:/home/alex/Desktop/Robotica/ros2_ws/src/install/turtlebot_services_interfaces:/home/alex/Desktop/Robotica/ros2_ws/src/install/turtlebot3:/home/alex/Desktop/Robotica/ros2_ws/src/install/turtlebot3_simulations:/home/alex/Desktop/Robotica/ros2_ws/src/install/turtlebot3_bringup:/home/alex/Desktop/Robotica/ros2_ws/src/install/turtlebot3_node:/home/alex/Desktop/Robotica/ros2_ws/src/install/turtlebot3_navigation2:/home/alex/Desktop/Robotica/ros2_ws/src/install/turtlebot3_fake_node:/home/alex/Desktop/Robotica/ros2_ws/src/install/turtlebot3_msgs:/home/alex/Desktop/Robotica/ros2_ws/src/install/turtlebot3_autorace_jazzy:/home/alex/Desktop/Robotica/ros2_ws/src/install/turtlebot3_gazebo:/home/alex/Desktop/Robotica/ros2_ws/src/install/turtlebot3_description:/home/alex/Desktop/Robotica/ros2_ws/src/install/turtlebot3_cartographer:/home/alex/Desktop/Robotica/ros2_ws/src/install/dynamixel_sdk_examples:/home/alex/Desktop/Robotica/ros2_ws/src/install/dynamixel_sdk_custom_interfaces:/home/alex/Desktop/Robotica/ros2_ws/src/install/dynamixel_sdk:/opt/ros/jazzy/opt/gz_sim_vendor:/opt/ros/jazzy/opt/gz_sensors_vendor:/opt/ros/jazzy/opt/gz_physics_vendor:/opt/ros/jazzy/opt/sdformat_vendor:/opt/ros/jazzy/opt/gz_gui_vendor:/opt/ros/jazzy/opt/gz_transport_vendor:/opt/ros/jazzy/opt/gz_rendering_vendor:/opt/ros/jazzy/opt/gz_plugin_vendor:/opt/ros/jazzy/opt/gz_fuel_tools_vendor:/opt/ros/jazzy/opt/gz_msgs_vendor:/opt/ros/jazzy/opt/gz_common_vendor:/opt/ros/jazzy/opt/gz_math_vendor:/opt/ros/jazzy/opt/gz_utils_vendor:/opt/ros/jazzy/opt/gz_tools_vendor:/opt/ros/jazzy/opt/gz_ogre_next_vendor:/opt/ros/jazzy/opt/gz_dartsim_vendor:/opt/ros/jazzy/opt/gz_cmake_vendor:/home/alex/Desktop/Robot/grupo_07_kuka_kr7_r900_3_ws/install/grupo07_robot_kinematics:/home/alex/Desktop/Robot/grupo_07_kuka_kr7_r900_3_ws/install/grupo07_kuka_kr7_kinematics:/home/alex/Desktop/Robotica/ros2_ws/install/turtlebot_services:/home/alex/Desktop/Robotica/ros2_ws/install/turtlebot3_teleop:/home/alex/Desktop/Robotica/ros2_ws/install/turtlebot3_tasks:/home/alex/Desktop/Robotica/ros2_ws/install/turtlebot3_systems:/home/alex/Desktop/Robotica/ros2_ws/install/turtlebot3_example:/home/alex/Desktop/Robotica/ros2_ws/install/turtlebot3_autorace:/home/alex/Desktop/Robotica/ros2_ws/src/install/turtlebot_services:/home/alex/Desktop/Robotica/ros2_ws/src/install/turtlebot3_teleop:/home/alex/Desktop/Robotica/ros2_ws/src/install/turtlebot3_tasks:/home/alex/Desktop/Robotica/ros2_ws/src/install/turtlebot3_systems:/home/alex/Desktop/Robotica/ros2_ws/src/install/turtlebot3_example:/home/alex/Desktop/Robotica/ros2_ws/src/install/turtlebot3_autorace:/opt/ros/jazzy DEBUGINFOD_URLS=https://debuginfod.ubuntu.com PS1=[ROSLAB d43] \u@\h:\w$ /usr/bin/cmake --install /home/alex/Desktop/Robot/grupo_07_kuka_kr7_r900_3_ws/build/kuka_agilus_support
[0.086s] -- Install configuration: ""
[0.086s] -- Execute custom install script
[0.087s] -- Up-to-date symlink: /home/alex/Desktop/Robot/grupo_07_kuka_kr7_r900_3_ws/install/kuka_agilus_support/share/kuka_agilus_support/config/kr10_r1100_2_joint_limits.yaml
[0.087s] -- Up-to-date symlink: /home/alex/Desktop/Robot/grupo_07_kuka_kr7_r900_3_ws/install/kuka_agilus_support/share/kuka_agilus_support/config/kr10_r1100_3_joint_limits.yaml
[0.087s] -- Up-to-date symlink: /home/alex/Desktop/Robot/grupo_07_kuka_kr7_r900_3_ws/install/kuka_agilus_support/share/kuka_agilus_support/config/kr10_r900_2_joint_limits.yaml
[0.087s] -- Up-to-date symlink: /home/alex/Desktop/Robot/grupo_07_kuka_kr7_r900_3_ws/install/kuka_agilus_support/share/kuka_agilus_support/config/kr13_r900_3_joint_limits.yaml
[0.087s] -- Up-to-date symlink: /home/alex/Desktop/Robot/grupo_07_kuka_kr7_r900_3_ws/install/kuka_agilus_support/share/kuka_agilus_support/config/kr16_r1100_3_joint_limits.yaml
[0.088s] -- Up-to-date symlink: /home/alex/Desktop/Robot/grupo_07_kuka_kr7_r900_3_ws/install/kuka_agilus_support/share/kuka_agilus_support/config/kr4_r600_joint_limits.yaml
[0.088s] -- Up-to-date symlink: /home/alex/Desktop/Robot/grupo_07_kuka_kr7_r900_3_ws/install/kuka_agilus_support/share/kuka_agilus_support/config/kr6_r700_2_joint_limits.yaml
[0.088s] -- Up-to-date symlink: /home/alex/Desktop/Robot/grupo_07_kuka_kr7_r900_3_ws/install/kuka_agilus_support/share/kuka_agilus_support/config/kr6_r700_sixx_joint_limits.yaml
[0.088s] -- Up-to-date symlink: /home/alex/Desktop/Robot/grupo_07_kuka_kr7_r900_3_ws/install/kuka_agilus_support/share/kuka_agilus_support/config/kr6_r900_2_joint_limits.yaml
[0.088s] -- Up-to-date symlink: /home/alex/Desktop/Robot/grupo_07_kuka_kr7_r900_3_ws/install/kuka_agilus_support/share/kuka_agilus_support/config/kr6_r900_sixx_joint_limits.yaml
[0.089s] -- Up-to-date symlink: /home/alex/Desktop/Robot/grupo_07_kuka_kr7_r900_3_ws/install/kuka_agilus_support/share/kuka_agilus_support/config/kr7_r900_3_joint_limits.yaml
[0.089s] -- Up-to-date symlink: /home/alex/Desktop/Robot/grupo_07_kuka_kr7_r900_3_ws/install/kuka_agilus_support/share/kuka_agilus_support/config/opw_kinematics_kr6r700sixx.yaml
[0.089s] -- Up-to-date symlink: /home/alex/Desktop/Robot/grupo_07_kuka_kr7_r900_3_ws/install/kuka_agilus_support/share/kuka_agilus_support/config/opw_parameters_kr6r900_2.yaml
[0.089s] -- Up-to-date symlink: /home/alex/Desktop/Robot/grupo_07_kuka_kr7_r900_3_ws/install/kuka_agilus_support/share/kuka_agilus_support/launch/test_kr10_r1100_2.launch.py
[0.089s] -- Up-to-date symlink: /home/alex/Desktop/Robot/grupo_07_kuka_kr7_r900_3_ws/install/kuka_agilus_support/share/kuka_agilus_support/launch/test_kr10_r1100_3.launch.py
[0.089s] -- Up-to-date symlink: /home/alex/Desktop/Robot/grupo_07_kuka_kr7_r900_3_ws/install/kuka_agilus_support/share/kuka_agilus_support/launch/test_kr10_r900_2.launch.py
[0.090s] -- Up-to-date symlink: /home/alex/Desktop/Robot/grupo_07_kuka_kr7_r900_3_ws/install/kuka_agilus_support/share/kuka_agilus_support/launch/test_kr13_r900_3.launch.py
[0.090s] -- Up-to-date symlink: /home/alex/Desktop/Robot/grupo_07_kuka_kr7_r900_3_ws/install/kuka_agilus_support/share/kuka_agilus_support/launch/test_kr16_r1100_3.launch.py
[0.090s] -- Up-to-date symlink: /home/alex/Desktop/Robot/grupo_07_kuka_kr7_r900_3_ws/install/kuka_agilus_support/share/kuka_agilus_support/launch/test_kr4_r600.launch.py
[0.090s] -- Up-to-date symlink: /home/alex/Desktop/Robot/grupo_07_kuka_kr7_r900_3_ws/install/kuka_agilus_support/share/kuka_agilus_support/launch/test_kr6_r700_2.launch.py
[0.090s] -- Up-to-date symlink: /home/alex/Desktop/Robot/grupo_07_kuka_kr7_r900_3_ws/install/kuka_agilus_support/share/kuka_agilus_support/launch/test_kr6_r700_sixx.launch.py
[0.090s] -- Up-to-date symlink: /home/alex/Desktop/Robot/grupo_07_kuka_kr7_r900_3_ws/install/kuka_agilus_support/share/kuka_agilus_support/launch/test_kr6_r900_2.launch.py
[0.090s] -- Up-to-date symlink: /home/alex/Desktop/Robot/grupo_07_kuka_kr7_r900_3_ws/install/kuka_agilus_support/share/kuka_agilus_support/launch/test_kr6_r900_sixx.launch.py
[0.091s] -- Up-to-date symlink: /home/alex/Desktop/Robot/grupo_07_kuka_kr7_r900_3_ws/install/kuka_agilus_support/share/kuka_agilus_support/launch/test_kr7_r900_3.launch.py
[0.091s] -- Up-to-date symlink: /home/alex/Desktop/Robot/grupo_07_kuka_kr7_r900_3_ws/install/kuka_agilus_support/share/kuka_agilus_support/meshes/kr10_r1100_2/collision/base_link.stl
[0.091s] -- Up-to-date symlink: /home/alex/Desktop/Robot/grupo_07_kuka_kr7_r900_3_ws/install/kuka_agilus_support/share/kuka_agilus_support/meshes/kr10_r1100_2/collision/link_1.stl
[0.091s] -- Up-to-date symlink: /home/alex/Desktop/Robot/grupo_07_kuka_kr7_r900_3_ws/install/kuka_agilus_support/share/kuka_agilus_support/meshes/kr10_r1100_2/collision/link_2.stl
[0.091s] -- Up-to-date symlink: /home/alex/Desktop/Robot/grupo_07_kuka_kr7_r900_3_ws/install/kuka_agilus_support/share/kuka_agilus_support/meshes/kr10_r1100_2/collision/link_3.stl
[0.092s] -- Up-to-date symlink: /home/alex/Desktop/Robot/grupo_07_kuka_kr7_r900_3_ws/install/kuka_agilus_support/share/kuka_agilus_support/meshes/kr10_r1100_2/collision/link_4.stl
[0.092s] -- Up-to-date symlink: /home/alex/Desktop/Robot/grupo_07_kuka_kr7_r900_3_ws/install/kuka_agilus_support/share/kuka_agilus_support/meshes/kr10_r1100_2/collision/link_5.stl
[0.092s] -- Up-to-date symlink: /home/alex/Desktop/Robot/grupo_07_kuka_kr7_r900_3_ws/install/kuka_agilus_support/share/kuka_agilus_support/meshes/kr10_r1100_2/collision/link_6.stl
[0.092s] -- Up-to-date symlink: /home/alex/Desktop/Robot/grupo_07_kuka_kr7_r900_3_ws/install/kuka_agilus_support/share/kuka_agilus_support/meshes/kr10_r1100_2/visual/base_link.dae
[0.092s] -- Up-to-date symlink: /home/alex/Desktop/Robot/grupo_07_kuka_kr7_r900_3_ws/install/kuka_agilus_support/share/kuka_agilus_support/meshes/kr10_r1100_2/visual/base_link.stl
[0.093s] -- Up-to-date symlink: /home/alex/Desktop/Robot/grupo_07_kuka_kr7_r900_3_ws/install/kuka_agilus_support/share/kuka_agilus_support/meshes/kr10_r1100_2/visual/link_1.dae
[0.093s] -- Up-to-date symlink: /home/alex/Desktop/Robot/grupo_07_kuka_kr7_r900_3_ws/install/kuka_agilus_support/share/kuka_agilus_support/meshes/kr10_r1100_2/visual/link_1.stl
[0.093s] -- Up-to-date symlink: /home/alex/Desktop/Robot/grupo_07_kuka_kr7_r900_3_ws/install/kuka_agilus_support/share/kuka_agilus_support/meshes/kr10_r1100_2/visual/link_2.dae
[0.093s] -- Up-to-date symlink: /home/alex/Desktop/Robot/grupo_07_kuka_kr7_r900_3_ws/install/kuka_agilus_support/share/kuka_agilus_support/meshes/kr10_r1100_2/visual/link_2.stl
[0.093s] -- Up-to-date symlink: /home/alex/Desktop/Robot/grupo_07_kuka_kr7_r900_3_ws/install/kuka_agilus_support/share/kuka_agilus_support/meshes/kr10_r1100_2/visual/link_3.dae
[0.094s] -- Up-to-date symlink: /home/alex/Desktop/Robot/grupo_07_kuka_kr7_r900_3_ws/install/kuka_agilus_support/share/kuka_agilus_support/meshes/kr10_r1100_2/visual/link_3.stl
[0.094s] -- Up-to-date symlink: /home/alex/Desktop/Robot/grupo_07_kuka_kr7_r900_3_ws/install/kuka_agilus_support/share/kuka_agilus_support/meshes/kr10_r1100_2/visual/link_4.dae
[0.094s] -- Up-to-date symlink: /home/alex/Desktop/Robot/grupo_07_kuka_kr7_r900_3_ws/install/kuka_agilus_support/share/kuka_agilus_support/meshes/kr10_r1100_2/visual/link_4.stl
[0.094s] -- Up-to-date symlink: /home/alex/Desktop/Robot/grupo_07_kuka_kr7_r900_3_ws/install/kuka_agilus_support/share/kuka_agilus_support/meshes/kr10_r1100_2/visual/link_5.dae
[0.094s] -- Up-to-date symlink: /home/alex/Desktop/Robot/grupo_07_kuka_kr7_r900_3_ws/install/kuka_agilus_support/share/kuka_agilus_support/meshes/kr10_r1100_2/visual/link_5.stl
[0.095s] -- Up-to-date symlink: /home/alex/Desktop/Robot/grupo_07_kuka_kr7_r900_3_ws/install/kuka_agilus_support/share/kuka_agilus_support/meshes/kr10_r1100_2/visual/link_6.dae
[0.095s] -- Up-to-date symlink: /home/alex/Desktop/Robot/grupo_07_kuka_kr7_r900_3_ws/install/kuka_agilus_support/share/kuka_agilus_support/meshes/kr10_r1100_2/visual/link_6.stl
[0.095s] -- Up-to-date symlink: /home/alex/Desktop/Robot/grupo_07_kuka_kr7_r900_3_ws/install/kuka_agilus_support/share/kuka_agilus_support/meshes/kr10_r1100_3/collision/base_link.stl
[0.095s] -- Up-to-date symlink: /home/alex/Desktop/Robot/grupo_07_kuka_kr7_r900_3_ws/install/kuka_agilus_support/share/kuka_agilus_support/meshes/kr10_r1100_3/collision/link_1.stl
[0.095s] -- Up-to-date symlink: /home/alex/Desktop/Robot/grupo_07_kuka_kr7_r900_3_ws/install/kuka_agilus_support/share/kuka_agilus_support/meshes/kr10_r1100_3/collision/link_2.stl
[0.095s] -- Up-to-date symlink: /home/alex/Desktop/Robot/grupo_07_kuka_kr7_r900_3_ws/install/kuka_agilus_support/share/kuka_agilus_support/meshes/kr10_r1100_3/collision/link_3.stl
[0.096s] -- Up-to-date symlink: /home/alex/Desktop/Robot/grupo_07_kuka_kr7_r900_3_ws/install/kuka_agilus_support/share/kuka_agilus_support/meshes/kr10_r1100_3/collision/link_4.stl
[0.096s] -- Up-to-date symlink: /home/alex/Desktop/Robot/grupo_07_kuka_kr7_r900_3_ws/install/kuka_agilus_support/share/kuka_agilus_support/meshes/kr10_r1100_3/collision/link_5.stl
[0.096s] -- Up-to-date symlink: /home/alex/Desktop/Robot/grupo_07_kuka_kr7_r900_3_ws/install/kuka_agilus_support/share/kuka_agilus_support/meshes/kr10_r1100_3/collision/link_6.stl
[0.096s] -- Up-to-date symlink: /home/alex/Desktop/Robot/grupo_07_kuka_kr7_r900_3_ws/install/kuka_agilus_support/share/kuka_agilus_support/meshes/kr10_r1100_3/visual/base_link.dae
[0.096s] -- Up-to-date symlink: /home/alex/Desktop/Robot/grupo_07_kuka_kr7_r900_3_ws/install/kuka_agilus_support/share/kuka_agilus_support/meshes/kr10_r1100_3/visual/link_1.dae
[0.097s] -- Up-to-date symlink: /home/alex/Desktop/Robot/grupo_07_kuka_kr7_r900_3_ws/install/kuka_agilus_support/share/kuka_agilus_support/meshes/kr10_r1100_3/visual/link_2.dae
[0.097s] -- Up-to-date symlink: /home/alex/Desktop/Robot/grupo_07_kuka_kr7_r900_3_ws/install/kuka_agilus_support/share/kuka_agilus_support/meshes/kr10_r1100_3/visual/link_3.dae
[0.097s] -- Up-to-date symlink: /home/alex/Desktop/Robot/grupo_07_kuka_kr7_r900_3_ws/install/kuka_agilus_support/share/kuka_agilus_support/meshes/kr10_r1100_3/visual/link_4.dae
[0.097s] -- Up-to-date symlink: /home/alex/Desktop/Robot/grupo_07_kuka_kr7_r900_3_ws/install/kuka_agilus_support/share/kuka_agilus_support/meshes/kr10_r1100_3/visual/link_5.dae
[0.097s] -- Up-to-date symlink: /home/alex/Desktop/Robot/grupo_07_kuka_kr7_r900_3_ws/install/kuka_agilus_support/share/kuka_agilus_support/meshes/kr10_r1100_3/visual/link_6.dae
[0.097s] -- Up-to-date symlink: /home/alex/Desktop/Robot/grupo_07_kuka_kr7_r900_3_ws/install/kuka_agilus_support/share/kuka_agilus_support/meshes/kr10_r900_2/collision/base_link.stl
[0.098s] -- Up-to-date symlink: /home/alex/Desktop/Robot/grupo_07_kuka_kr7_r900_3_ws/install/kuka_agilus_support/share/kuka_agilus_support/meshes/kr10_r900_2/collision/link_1.stl
[0.098s] -- Up-to-date symlink: /home/alex/Desktop/Robot/grupo_07_kuka_kr7_r900_3_ws/install/kuka_agilus_support/share/kuka_agilus_support/meshes/kr10_r900_2/collision/link_2.stl
[0.098s] -- Up-to-date symlink: /home/alex/Desktop/Robot/grupo_07_kuka_kr7_r900_3_ws/install/kuka_agilus_support/share/kuka_agilus_support/meshes/kr10_r900_2/collision/link_3.stl
[0.098s] -- Up-to-date symlink: /home/alex/Desktop/Robot/grupo_07_kuka_kr7_r900_3_ws/install/kuka_agilus_support/share/kuka_agilus_support/meshes/kr10_r900_2/collision/link_4.stl
[0.098s] -- Up-to-date symlink: /home/alex/Desktop/Robot/grupo_07_kuka_kr7_r900_3_ws/install/kuka_agilus_support/share/kuka_agilus_support/meshes/kr10_r900_2/collision/link_5.stl
[0.099s] -- Up-to-date symlink: /home/alex/Desktop/Robot/grupo_07_kuka_kr7_r900_3_ws/install/kuka_agilus_support/share/kuka_agilus_support/meshes/kr10_r900_2/collision/link_6.stl
[0.099s] -- Up-to-date symlink: /home/alex/Desktop/Robot/grupo_07_kuka_kr7_r900_3_ws/install/kuka_agilus_support/share/kuka_agilus_support/meshes/kr10_r900_2/visual/base_link.dae
[0.099s] -- Up-to-date symlink: /home/alex/Desktop/Robot/grupo_07_kuka_kr7_r900_3_ws/install/kuka_agilus_support/share/kuka_agilus_support/meshes/kr10_r900_2/visual/link_1.dae
[0.099s] -- Up-to-date symlink: /home/alex/Desktop/Robot/grupo_07_kuka_kr7_r900_3_ws/install/kuka_agilus_support/share/kuka_agilus_support/meshes/kr10_r900_2/visual/link_2.dae
[0.099s] -- Up-to-date symlink: /home/alex/Desktop/Robot/grupo_07_kuka_kr7_r900_3_ws/install/kuka_agilus_support/share/kuka_agilus_support/meshes/kr10_r900_2/visual/link_3.dae
[0.099s] -- Up-to-date symlink: /home/alex/Desktop/Robot/grupo_07_kuka_kr7_r900_3_ws/install/kuka_agilus_support/share/kuka_agilus_support/meshes/kr10_r900_2/visual/link_4.dae
[0.099s] -- Up-to-date symlink: /home/alex/Desktop/Robot/grupo_07_kuka_kr7_r900_3_ws/install/kuka_agilus_support/share/kuka_agilus_support/meshes/kr10_r900_2/visual/link_5.dae
[0.100s] -- Up-to-date symlink: /home/alex/Desktop/Robot/grupo_07_kuka_kr7_r900_3_ws/install/kuka_agilus_support/share/kuka_agilus_support/meshes/kr10_r900_2/visual/link_6.dae
[0.100s] -- Up-to-date symlink: /home/alex/Desktop/Robot/grupo_07_kuka_kr7_r900_3_ws/install/kuka_agilus_support/share/kuka_agilus_support/meshes/kr13_r900_3/collision/base_link.stl
[0.100s] -- Up-to-date symlink: /home/alex/Desktop/Robot/grupo_07_kuka_kr7_r900_3_ws/install/kuka_agilus_support/share/kuka_agilus_support/meshes/kr13_r900_3/collision/link_1.stl
[0.100s] -- Up-to-date symlink: /home/alex/Desktop/Robot/grupo_07_kuka_kr7_r900_3_ws/install/kuka_agilus_support/share/kuka_agilus_support/meshes/kr13_r900_3/collision/link_2.stl
[0.100s] -- Up-to-date symlink: /home/alex/Desktop/Robot/grupo_07_kuka_kr7_r900_3_ws/install/kuka_agilus_support/share/kuka_agilus_support/meshes/kr13_r900_3/collision/link_3.stl
[0.100s] -- Up-to-date symlink: /home/alex/Desktop/Robot/grupo_07_kuka_kr7_r900_3_ws/install/kuka_agilus_support/share/kuka_agilus_support/meshes/kr13_r900_3/collision/link_4.stl
[0.100s] -- Up-to-date symlink: /home/alex/Desktop/Robot/grupo_07_kuka_kr7_r900_3_ws/install/kuka_agilus_support/share/kuka_agilus_support/meshes/kr13_r900_3/collision/link_5.stl
[0.100s] -- Up-to-date symlink: /home/alex/Desktop/Robot/grupo_07_kuka_kr7_r900_3_ws/install/kuka_agilus_support/share/kuka_agilus_support/meshes/kr13_r900_3/collision/link_6.stl
[0.100s] -- Up-to-date symlink: /home/alex/Desktop/Robot/grupo_07_kuka_kr7_r900_3_ws/install/kuka_agilus_support/share/kuka_agilus_support/meshes/kr13_r900_3/visual/base_link.dae
[0.101s] -- Up-to-date symlink: /home/alex/Desktop/Robot/grupo_07_kuka_kr7_r900_3_ws/install/kuka_agilus_support/share/kuka_agilus_support/meshes/kr13_r900_3/visual/link_1.dae
[0.101s] -- Up-to-date symlink: /home/alex/Desktop/Robot/grupo_07_kuka_kr7_r900_3_ws/install/kuka_agilus_support/share/kuka_agilus_support/meshes/kr13_r900_3/visual/link_2.dae
[0.101s] -- Up-to-date symlink: /home/alex/Desktop/Robot/grupo_07_kuka_kr7_r900_3_ws/install/kuka_agilus_support/share/kuka_agilus_support/meshes/kr13_r900_3/visual/link_3.dae
[0.101s] -- Up-to-date symlink: /home/alex/Desktop/Robot/grupo_07_kuka_kr7_r900_3_ws/install/kuka_agilus_support/share/kuka_agilus_support/meshes/kr13_r900_3/visual/link_4.dae
[0.101s] -- Up-to-date symlink: /home/alex/Desktop/Robot/grupo_07_kuka_kr7_r900_3_ws/install/kuka_agilus_support/share/kuka_agilus_support/meshes/kr13_r900_3/visual/link_5.dae
[0.101s] -- Up-to-date symlink: /home/alex/Desktop/Robot/grupo_07_kuka_kr7_r900_3_ws/install/kuka_agilus_support/share/kuka_agilus_support/meshes/kr13_r900_3/visual/link_6.dae
[0.101s] -- Up-to-date symlink: /home/alex/Desktop/Robot/grupo_07_kuka_kr7_r900_3_ws/install/kuka_agilus_support/share/kuka_agilus_support/meshes/kr16_r1100_3/collision/base_link.stl
[0.101s] -- Up-to-date symlink: /home/alex/Desktop/Robot/grupo_07_kuka_kr7_r900_3_ws/install/kuka_agilus_support/share/kuka_agilus_support/meshes/kr16_r1100_3/collision/link_1.stl
[0.101s] -- Up-to-date symlink: /home/alex/Desktop/Robot/grupo_07_kuka_kr7_r900_3_ws/install/kuka_agilus_support/share/kuka_agilus_support/meshes/kr16_r1100_3/collision/link_2.stl
[0.102s] -- Up-to-date symlink: /home/alex/Desktop/Robot/grupo_07_kuka_kr7_r900_3_ws/install/kuka_agilus_support/share/kuka_agilus_support/meshes/kr16_r1100_3/collision/link_3.stl
[0.102s] -- Up-to-date symlink: /home/alex/Desktop/Robot/grupo_07_kuka_kr7_r900_3_ws/install/kuka_agilus_support/share/kuka_agilus_support/meshes/kr16_r1100_3/collision/link_4.stl
[0.102s] -- Up-to-date symlink: /home/alex/Desktop/Robot/grupo_07_kuka_kr7_r900_3_ws/install/kuka_agilus_support/share/kuka_agilus_support/meshes/kr16_r1100_3/collision/link_5.stl
[0.102s] -- Up-to-date symlink: /home/alex/Desktop/Robot/grupo_07_kuka_kr7_r900_3_ws/install/kuka_agilus_support/share/kuka_agilus_support/meshes/kr16_r1100_3/collision/link_6.stl
[0.102s] -- Up-to-date symlink: /home/alex/Desktop/Robot/grupo_07_kuka_kr7_r900_3_ws/install/kuka_agilus_support/share/kuka_agilus_support/meshes/kr16_r1100_3/visual/base_link.dae
[0.102s] -- Up-to-date symlink: /home/alex/Desktop/Robot/grupo_07_kuka_kr7_r900_3_ws/install/kuka_agilus_support/share/kuka_agilus_support/meshes/kr16_r1100_3/visual/link_1.dae
[0.102s] -- Up-to-date symlink: /home/alex/Desktop/Robot/grupo_07_kuka_kr7_r900_3_ws/install/kuka_agilus_support/share/kuka_agilus_support/meshes/kr16_r1100_3/visual/link_2.dae
[0.102s] -- Up-to-date symlink: /home/alex/Desktop/Robot/grupo_07_kuka_kr7_r900_3_ws/install/kuka_agilus_support/share/kuka_agilus_support/meshes/kr16_r1100_3/visual/link_3.dae
[0.102s] -- Up-to-date symlink: /home/alex/Desktop/Robot/grupo_07_kuka_kr7_r900_3_ws/install/kuka_agilus_support/share/kuka_agilus_support/meshes/kr16_r1100_3/visual/link_4.dae
[0.103s] -- Up-to-date symlink: /home/alex/Desktop/Robot/grupo_07_kuka_kr7_r900_3_ws/install/kuka_agilus_support/share/kuka_agilus_support/meshes/kr16_r1100_3/visual/link_5.dae
[0.103s] -- Up-to-date symlink: /home/alex/Desktop/Robot/grupo_07_kuka_kr7_r900_3_ws/install/kuka_agilus_support/share/kuka_agilus_support/meshes/kr16_r1100_3/visual/link_6.dae
[0.103s] -- Up-to-date symlink: /home/alex/Desktop/Robot/grupo_07_kuka_kr7_r900_3_ws/install/kuka_agilus_support/share/kuka_agilus_support/meshes/kr4_r600/collision/base_link.stl
[0.103s] -- Up-to-date symlink: /home/alex/Desktop/Robot/grupo_07_kuka_kr7_r900_3_ws/install/kuka_agilus_support/share/kuka_agilus_support/meshes/kr4_r600/collision/link_1.stl
[0.103s] -- Up-to-date symlink: /home/alex/Desktop/Robot/grupo_07_kuka_kr7_r900_3_ws/install/kuka_agilus_support/share/kuka_agilus_support/meshes/kr4_r600/collision/link_2.stl
[0.103s] -- Up-to-date symlink: /home/alex/Desktop/Robot/grupo_07_kuka_kr7_r900_3_ws/install/kuka_agilus_support/share/kuka_agilus_support/meshes/kr4_r600/collision/link_3.stl
[0.103s] -- Up-to-date symlink: /home/alex/Desktop/Robot/grupo_07_kuka_kr7_r900_3_ws/install/kuka_agilus_support/share/kuka_agilus_support/meshes/kr4_r600/collision/link_4.stl
[0.103s] -- Up-to-date symlink: /home/alex/Desktop/Robot/grupo_07_kuka_kr7_r900_3_ws/install/kuka_agilus_support/share/kuka_agilus_support/meshes/kr4_r600/collision/link_5.stl
[0.103s] -- Up-to-date symlink: /home/alex/Desktop/Robot/grupo_07_kuka_kr7_r900_3_ws/install/kuka_agilus_support/share/kuka_agilus_support/meshes/kr4_r600/collision/link_6.stl
[0.104s] -- Up-to-date symlink: /home/alex/Desktop/Robot/grupo_07_kuka_kr7_r900_3_ws/install/kuka_agilus_support/share/kuka_agilus_support/meshes/kr4_r600/visual/base_link.dae
[0.104s] -- Up-to-date symlink: /home/alex/Desktop/Robot/grupo_07_kuka_kr7_r900_3_ws/install/kuka_agilus_support/share/kuka_agilus_support/meshes/kr4_r600/visual/link_1.dae
[0.104s] -- Up-to-date symlink: /home/alex/Desktop/Robot/grupo_07_kuka_kr7_r900_3_ws/install/kuka_agilus_support/share/kuka_agilus_support/meshes/kr4_r600/visual/link_2.dae
[0.104s] -- Up-to-date symlink: /home/alex/Desktop/Robot/grupo_07_kuka_kr7_r900_3_ws/install/kuka_agilus_support/share/kuka_agilus_support/meshes/kr4_r600/visual/link_3.dae
[0.104s] -- Up-to-date symlink: /home/alex/Desktop/Robot/grupo_07_kuka_kr7_r900_3_ws/install/kuka_agilus_support/share/kuka_agilus_support/meshes/kr4_r600/visual/link_4.dae
[0.104s] -- Up-to-date symlink: /home/alex/Desktop/Robot/grupo_07_kuka_kr7_r900_3_ws/install/kuka_agilus_support/share/kuka_agilus_support/meshes/kr4_r600/visual/link_5.dae
[0.104s] -- Up-to-date symlink: /home/alex/Desktop/Robot/grupo_07_kuka_kr7_r900_3_ws/install/kuka_agilus_support/share/kuka_agilus_support/meshes/kr4_r600/visual/link_6.dae
[0.104s] -- Up-to-date symlink: /home/alex/Desktop/Robot/grupo_07_kuka_kr7_r900_3_ws/install/kuka_agilus_support/share/kuka_agilus_support/meshes/kr6_r700_2/collision/base_link.stl
[0.104s] -- Up-to-date symlink: /home/alex/Desktop/Robot/grupo_07_kuka_kr7_r900_3_ws/install/kuka_agilus_support/share/kuka_agilus_support/meshes/kr6_r700_2/collision/link_1.stl
[0.104s] -- Up-to-date symlink: /home/alex/Desktop/Robot/grupo_07_kuka_kr7_r900_3_ws/install/kuka_agilus_support/share/kuka_agilus_support/meshes/kr6_r700_2/collision/link_2.stl
[0.105s] -- Up-to-date symlink: /home/alex/Desktop/Robot/grupo_07_kuka_kr7_r900_3_ws/install/kuka_agilus_support/share/kuka_agilus_support/meshes/kr6_r700_2/collision/link_3.stl
[0.105s] -- Up-to-date symlink: /home/alex/Desktop/Robot/grupo_07_kuka_kr7_r900_3_ws/install/kuka_agilus_support/share/kuka_agilus_support/meshes/kr6_r700_2/collision/link_4.stl
[0.105s] -- Up-to-date symlink: /home/alex/Desktop/Robot/grupo_07_kuka_kr7_r900_3_ws/install/kuka_agilus_support/share/kuka_agilus_support/meshes/kr6_r700_2/collision/link_5.stl
[0.105s] -- Up-to-date symlink: /home/alex/Desktop/Robot/grupo_07_kuka_kr7_r900_3_ws/install/kuka_agilus_support/share/kuka_agilus_support/meshes/kr6_r700_2/collision/link_6.stl
[0.105s] -- Up-to-date symlink: /home/alex/Desktop/Robot/grupo_07_kuka_kr7_r900_3_ws/install/kuka_agilus_support/share/kuka_agilus_support/meshes/kr6_r700_2/visual/base_link.dae
[0.105s] -- Up-to-date symlink: /home/alex/Desktop/Robot/grupo_07_kuka_kr7_r900_3_ws/install/kuka_agilus_support/share/kuka_agilus_support/meshes/kr6_r700_2/visual/link_1.dae
[0.105s] -- Up-to-date symlink: /home/alex/Desktop/Robot/grupo_07_kuka_kr7_r900_3_ws/install/kuka_agilus_support/share/kuka_agilus_support/meshes/kr6_r700_2/visual/link_2.dae
[0.105s] -- Up-to-date symlink: /home/alex/Desktop/Robot/grupo_07_kuka_kr7_r900_3_ws/install/kuka_agilus_support/share/kuka_agilus_support/meshes/kr6_r700_2/visual/link_3.dae
[0.106s] -- Up-to-date symlink: /home/alex/Desktop/Robot/grupo_07_kuka_kr7_r900_3_ws/install/kuka_agilus_support/share/kuka_agilus_support/meshes/kr6_r700_2/visual/link_4.dae
[0.106s] -- Up-to-date symlink: /home/alex/Desktop/Robot/grupo_07_kuka_kr7_r900_3_ws/install/kuka_agilus_support/share/kuka_agilus_support/meshes/kr6_r700_2/visual/link_5.dae
[0.106s] -- Up-to-date symlink: /home/alex/Desktop/Robot/grupo_07_kuka_kr7_r900_3_ws/install/kuka_agilus_support/share/kuka_agilus_support/meshes/kr6_r700_2/visual/link_6.dae
[0.106s] -- Up-to-date symlink: /home/alex/Desktop/Robot/grupo_07_kuka_kr7_r900_3_ws/install/kuka_agilus_support/share/kuka_agilus_support/meshes/kr6_r700_sixx/collision/base_link.stl
[0.106s] -- Up-to-date symlink: /home/alex/Desktop/Robot/grupo_07_kuka_kr7_r900_3_ws/install/kuka_agilus_support/share/kuka_agilus_support/meshes/kr6_r700_sixx/collision/link_1.stl
[0.106s] -- Up-to-date symlink: /home/alex/Desktop/Robot/grupo_07_kuka_kr7_r900_3_ws/install/kuka_agilus_support/share/kuka_agilus_support/meshes/kr6_r700_sixx/collision/link_2.stl
[0.106s] -- Up-to-date symlink: /home/alex/Desktop/Robot/grupo_07_kuka_kr7_r900_3_ws/install/kuka_agilus_support/share/kuka_agilus_support/meshes/kr6_r700_sixx/collision/link_3.stl
[0.106s] -- Up-to-date symlink: /home/alex/Desktop/Robot/grupo_07_kuka_kr7_r900_3_ws/install/kuka_agilus_support/share/kuka_agilus_support/meshes/kr6_r700_sixx/collision/link_4.stl
[0.106s] -- Up-to-date symlink: /home/alex/Desktop/Robot/grupo_07_kuka_kr7_r900_3_ws/install/kuka_agilus_support/share/kuka_agilus_support/meshes/kr6_r700_sixx/collision/link_5.stl
[0.107s] -- Up-to-date symlink: /home/alex/Desktop/Robot/grupo_07_kuka_kr7_r900_3_ws/install/kuka_agilus_support/share/kuka_agilus_support/meshes/kr6_r700_sixx/collision/link_6.stl
[0.107s] -- Up-to-date symlink: /home/alex/Desktop/Robot/grupo_07_kuka_kr7_r900_3_ws/install/kuka_agilus_support/share/kuka_agilus_support/meshes/kr6_r700_sixx/visual/base_link.dae
[0.107s] -- Up-to-date symlink: /home/alex/Desktop/Robot/grupo_07_kuka_kr7_r900_3_ws/install/kuka_agilus_support/share/kuka_agilus_support/meshes/kr6_r700_sixx/visual/link_1.dae
[0.107s] -- Up-to-date symlink: /home/alex/Desktop/Robot/grupo_07_kuka_kr7_r900_3_ws/install/kuka_agilus_support/share/kuka_agilus_support/meshes/kr6_r700_sixx/visual/link_2.dae
[0.107s] -- Up-to-date symlink: /home/alex/Desktop/Robot/grupo_07_kuka_kr7_r900_3_ws/install/kuka_agilus_support/share/kuka_agilus_support/meshes/kr6_r700_sixx/visual/link_3.dae
[0.107s] -- Up-to-date symlink: /home/alex/Desktop/Robot/grupo_07_kuka_kr7_r900_3_ws/install/kuka_agilus_support/share/kuka_agilus_support/meshes/kr6_r700_sixx/visual/link_4.dae
[0.107s] -- Up-to-date symlink: /home/alex/Desktop/Robot/grupo_07_kuka_kr7_r900_3_ws/install/kuka_agilus_support/share/kuka_agilus_support/meshes/kr6_r700_sixx/visual/link_5.dae
[0.107s] -- Up-to-date symlink: /home/alex/Desktop/Robot/grupo_07_kuka_kr7_r900_3_ws/install/kuka_agilus_support/share/kuka_agilus_support/meshes/kr6_r700_sixx/visual/link_6.dae
[0.108s] -- Up-to-date symlink: /home/alex/Desktop/Robot/grupo_07_kuka_kr7_r900_3_ws/install/kuka_agilus_support/share/kuka_agilus_support/meshes/kr6_r900_2/collision/base_link.stl
[0.108s] -- Up-to-date symlink: /home/alex/Desktop/Robot/grupo_07_kuka_kr7_r900_3_ws/install/kuka_agilus_support/share/kuka_agilus_support/meshes/kr6_r900_2/collision/link_1.stl
[0.108s] -- Up-to-date symlink: /home/alex/Desktop/Robot/grupo_07_kuka_kr7_r900_3_ws/install/kuka_agilus_support/share/kuka_agilus_support/meshes/kr6_r900_2/collision/link_2.stl
[0.108s] -- Up-to-date symlink: /home/alex/Desktop/Robot/grupo_07_kuka_kr7_r900_3_ws/install/kuka_agilus_support/share/kuka_agilus_support/meshes/kr6_r900_2/collision/link_3.stl
[0.108s] -- Up-to-date symlink: /home/alex/Desktop/Robot/grupo_07_kuka_kr7_r900_3_ws/install/kuka_agilus_support/share/kuka_agilus_support/meshes/kr6_r900_2/collision/link_4.stl
[0.108s] -- Up-to-date symlink: /home/alex/Desktop/Robot/grupo_07_kuka_kr7_r900_3_ws/install/kuka_agilus_support/share/kuka_agilus_support/meshes/kr6_r900_2/collision/link_5.stl
[0.108s] -- Up-to-date symlink: /home/alex/Desktop/Robot/grupo_07_kuka_kr7_r900_3_ws/install/kuka_agilus_support/share/kuka_agilus_support/meshes/kr6_r900_2/collision/link_6.stl
[0.108s] -- Up-to-date symlink: /home/alex/Desktop/Robot/grupo_07_kuka_kr7_r900_3_ws/install/kuka_agilus_support/share/kuka_agilus_support/meshes/kr6_r900_2/visual/base_link.dae
[0.108s] -- Up-to-date symlink: /home/alex/Desktop/Robot/grupo_07_kuka_kr7_r900_3_ws/install/kuka_agilus_support/share/kuka_agilus_support/meshes/kr6_r900_2/visual/link_1.dae
[0.109s] -- Up-to-date symlink: /home/alex/Desktop/Robot/grupo_07_kuka_kr7_r900_3_ws/install/kuka_agilus_support/share/kuka_agilus_support/meshes/kr6_r900_2/visual/link_2.dae
[0.109s] -- Up-to-date symlink: /home/alex/Desktop/Robot/grupo_07_kuka_kr7_r900_3_ws/install/kuka_agilus_support/share/kuka_agilus_support/meshes/kr6_r900_2/visual/link_3.dae
[0.109s] -- Up-to-date symlink: /home/alex/Desktop/Robot/grupo_07_kuka_kr7_r900_3_ws/install/kuka_agilus_support/share/kuka_agilus_support/meshes/kr6_r900_2/visual/link_4.dae
[0.109s] -- Up-to-date symlink: /home/alex/Desktop/Robot/grupo_07_kuka_kr7_r900_3_ws/install/kuka_agilus_support/share/kuka_agilus_support/meshes/kr6_r900_2/visual/link_5.dae
[0.109s] -- Up-to-date symlink: /home/alex/Desktop/Robot/grupo_07_kuka_kr7_r900_3_ws/install/kuka_agilus_support/share/kuka_agilus_support/meshes/kr6_r900_2/visual/link_6.dae
[0.109s] -- Up-to-date symlink: /home/alex/Desktop/Robot/grupo_07_kuka_kr7_r900_3_ws/install/kuka_agilus_support/share/kuka_agilus_support/meshes/kr6_r900_sixx/collision/base_link.stl
[0.109s] -- Up-to-date symlink: /home/alex/Desktop/Robot/grupo_07_kuka_kr7_r900_3_ws/install/kuka_agilus_support/share/kuka_agilus_support/meshes/kr6_r900_sixx/collision/link_1.stl
[0.109s] -- Up-to-date symlink: /home/alex/Desktop/Robot/grupo_07_kuka_kr7_r900_3_ws/install/kuka_agilus_support/share/kuka_agilus_support/meshes/kr6_r900_sixx/collision/link_2.stl
[0.110s] -- Up-to-date symlink: /home/alex/Desktop/Robot/grupo_07_kuka_kr7_r900_3_ws/install/kuka_agilus_support/share/kuka_agilus_support/meshes/kr6_r900_sixx/collision/link_3.stl
[0.110s] -- Up-to-date symlink: /home/alex/Desktop/Robot/grupo_07_kuka_kr7_r900_3_ws/install/kuka_agilus_support/share/kuka_agilus_support/meshes/kr6_r900_sixx/collision/link_4.stl
[0.110s] -- Up-to-date symlink: /home/alex/Desktop/Robot/grupo_07_kuka_kr7_r900_3_ws/install/kuka_agilus_support/share/kuka_agilus_support/meshes/kr6_r900_sixx/collision/link_5.stl
[0.110s] -- Up-to-date symlink: /home/alex/Desktop/Robot/grupo_07_kuka_kr7_r900_3_ws/install/kuka_agilus_support/share/kuka_agilus_support/meshes/kr6_r900_sixx/collision/link_6.stl
[0.110s] -- Up-to-date symlink: /home/alex/Desktop/Robot/grupo_07_kuka_kr7_r900_3_ws/install/kuka_agilus_support/share/kuka_agilus_support/meshes/kr6_r900_sixx/visual/base_link.dae
[0.110s] -- Up-to-date symlink: /home/alex/Desktop/Robot/grupo_07_kuka_kr7_r900_3_ws/install/kuka_agilus_support/share/kuka_agilus_support/meshes/kr6_r900_sixx/visual/link_1.dae
[0.110s] -- Up-to-date symlink: /home/alex/Desktop/Robot/grupo_07_kuka_kr7_r900_3_ws/install/kuka_agilus_support/share/kuka_agilus_support/meshes/kr6_r900_sixx/visual/link_2.dae
[0.110s] -- Up-to-date symlink: /home/alex/Desktop/Robot/grupo_07_kuka_kr7_r900_3_ws/install/kuka_agilus_support/share/kuka_agilus_support/meshes/kr6_r900_sixx/visual/link_3.dae
[0.110s] -- Up-to-date symlink: /home/alex/Desktop/Robot/grupo_07_kuka_kr7_r900_3_ws/install/kuka_agilus_support/share/kuka_agilus_support/meshes/kr6_r900_sixx/visual/link_4.dae
[0.111s] -- Up-to-date symlink: /home/alex/Desktop/Robot/grupo_07_kuka_kr7_r900_3_ws/install/kuka_agilus_support/share/kuka_agilus_support/meshes/kr6_r900_sixx/visual/link_5.dae
[0.111s] -- Up-to-date symlink: /home/alex/Desktop/Robot/grupo_07_kuka_kr7_r900_3_ws/install/kuka_agilus_support/share/kuka_agilus_support/meshes/kr6_r900_sixx/visual/link_6.dae
[0.111s] -- Up-to-date symlink: /home/alex/Desktop/Robot/grupo_07_kuka_kr7_r900_3_ws/install/kuka_agilus_support/share/kuka_agilus_support/meshes/kr7_r900_3/collision/base_link.stl
[0.112s] -- Up-to-date symlink: /home/alex/Desktop/Robot/grupo_07_kuka_kr7_r900_3_ws/install/kuka_agilus_support/share/kuka_agilus_support/meshes/kr7_r900_3/collision/link_1.stl
[0.112s] -- Up-to-date symlink: /home/alex/Desktop/Robot/grupo_07_kuka_kr7_r900_3_ws/install/kuka_agilus_support/share/kuka_agilus_support/meshes/kr7_r900_3/collision/link_2.stl
[0.112s] -- Up-to-date symlink: /home/alex/Desktop/Robot/grupo_07_kuka_kr7_r900_3_ws/install/kuka_agilus_support/share/kuka_agilus_support/meshes/kr7_r900_3/collision/link_3.stl
[0.112s] -- Up-to-date symlink: /home/alex/Desktop/Robot/grupo_07_kuka_kr7_r900_3_ws/install/kuka_agilus_support/share/kuka_agilus_support/meshes/kr7_r900_3/collision/link_4.stl
[0.112s] -- Up-to-date symlink: /home/alex/Desktop/Robot/grupo_07_kuka_kr7_r900_3_ws/install/kuka_agilus_support/share/kuka_agilus_support/meshes/kr7_r900_3/collision/link_5.stl
[0.112s] -- Up-to-date symlink: /home/alex/Desktop/Robot/grupo_07_kuka_kr7_r900_3_ws/install/kuka_agilus_support/share/kuka_agilus_support/meshes/kr7_r900_3/collision/link_6.stl
[0.113s] -- Up-to-date symlink: /home/alex/Desktop/Robot/grupo_07_kuka_kr7_r900_3_ws/install/kuka_agilus_support/share/kuka_agilus_support/meshes/kr7_r900_3/visual/base_link.dae
[0.113s] -- Up-to-date symlink: /home/alex/Desktop/Robot/grupo_07_kuka_kr7_r900_3_ws/install/kuka_agilus_support/share/kuka_agilus_support/meshes/kr7_r900_3/visual/link_1.dae
[0.113s] -- Up-to-date symlink: /home/alex/Desktop/Robot/grupo_07_kuka_kr7_r900_3_ws/install/kuka_agilus_support/share/kuka_agilus_support/meshes/kr7_r900_3/visual/link_2.dae
[0.113s] -- Up-to-date symlink: /home/alex/Desktop/Robot/grupo_07_kuka_kr7_r900_3_ws/install/kuka_agilus_support/share/kuka_agilus_support/meshes/kr7_r900_3/visual/link_3.dae
[0.113s] -- Up-to-date symlink: /home/alex/Desktop/Robot/grupo_07_kuka_kr7_r900_3_ws/install/kuka_agilus_support/share/kuka_agilus_support/meshes/kr7_r900_3/visual/link_4.dae
[0.113s] -- Up-to-date symlink: /home/alex/Desktop/Robot/grupo_07_kuka_kr7_r900_3_ws/install/kuka_agilus_support/share/kuka_agilus_support/meshes/kr7_r900_3/visual/link_5.dae
[0.114s] -- Up-to-date symlink: /home/alex/Desktop/Robot/grupo_07_kuka_kr7_r900_3_ws/install/kuka_agilus_support/share/kuka_agilus_support/meshes/kr7_r900_3/visual/link_6.dae
[0.114s] -- Up-to-date symlink: /home/alex/Desktop/Robot/grupo_07_kuka_kr7_r900_3_ws/install/kuka_agilus_support/share/kuka_agilus_support/urdf/kr10_r1100_2.urdf.xacro
[0.114s] -- Up-to-date symlink: /home/alex/Desktop/Robot/grupo_07_kuka_kr7_r900_3_ws/install/kuka_agilus_support/share/kuka_agilus_support/urdf/kr10_r1100_2_macro.xacro
[0.114s] -- Up-to-date symlink: /home/alex/Desktop/Robot/grupo_07_kuka_kr7_r900_3_ws/install/kuka_agilus_support/share/kuka_agilus_support/urdf/kr10_r1100_3.urdf.xacro
[0.114s] -- Up-to-date symlink: /home/alex/Desktop/Robot/grupo_07_kuka_kr7_r900_3_ws/install/kuka_agilus_support/share/kuka_agilus_support/urdf/kr10_r1100_3_macro.xacro
[0.114s] -- Up-to-date symlink: /home/alex/Desktop/Robot/grupo_07_kuka_kr7_r900_3_ws/install/kuka_agilus_support/share/kuka_agilus_support/urdf/kr10_r900_2.urdf.xacro
[0.114s] -- Up-to-date symlink: /home/alex/Desktop/Robot/grupo_07_kuka_kr7_r900_3_ws/install/kuka_agilus_support/share/kuka_agilus_support/urdf/kr10_r900_2_macro.xacro
[0.115s] -- Up-to-date symlink: /home/alex/Desktop/Robot/grupo_07_kuka_kr7_r900_3_ws/install/kuka_agilus_support/share/kuka_agilus_support/urdf/kr13_r900_3.urdf.xacro
[0.115s] -- Up-to-date symlink: /home/alex/Desktop/Robot/grupo_07_kuka_kr7_r900_3_ws/install/kuka_agilus_support/share/kuka_agilus_support/urdf/kr13_r900_3_macro.xacro
[0.115s] -- Up-to-date symlink: /home/alex/Desktop/Robot/grupo_07_kuka_kr7_r900_3_ws/install/kuka_agilus_support/share/kuka_agilus_support/urdf/kr16_r1100_3.urdf.xacro
[0.115s] -- Up-to-date symlink: /home/alex/Desktop/Robot/grupo_07_kuka_kr7_r900_3_ws/install/kuka_agilus_support/share/kuka_agilus_support/urdf/kr16_r1100_3_macro.xacro
[0.115s] -- Up-to-date symlink: /home/alex/Desktop/Robot/grupo_07_kuka_kr7_r900_3_ws/install/kuka_agilus_support/share/kuka_agilus_support/urdf/kr4_r600.urdf.xacro
[0.115s] -- Up-to-date symlink: /home/alex/Desktop/Robot/grupo_07_kuka_kr7_r900_3_ws/install/kuka_agilus_support/share/kuka_agilus_support/urdf/kr4_r600_macro.xacro
[0.116s] -- Up-to-date symlink: /home/alex/Desktop/Robot/grupo_07_kuka_kr7_r900_3_ws/install/kuka_agilus_support/share/kuka_agilus_support/urdf/kr6_r700_2.urdf.xacro
[0.116s] -- Up-to-date symlink: /home/alex/Desktop/Robot/grupo_07_kuka_kr7_r900_3_ws/install/kuka_agilus_support/share/kuka_agilus_support/urdf/kr6_r700_2_macro.xacro
[0.116s] -- Up-to-date symlink: /home/alex/Desktop/Robot/grupo_07_kuka_kr7_r900_3_ws/install/kuka_agilus_support/share/kuka_agilus_support/urdf/kr6_r700_sixx.urdf.xacro
[0.116s] -- Up-to-date symlink: /home/alex/Desktop/Robot/grupo_07_kuka_kr7_r900_3_ws/install/kuka_agilus_support/share/kuka_agilus_support/urdf/kr6_r700_sixx_macro.xacro
[0.116s] -- Up-to-date symlink: /home/alex/Desktop/Robot/grupo_07_kuka_kr7_r900_3_ws/install/kuka_agilus_support/share/kuka_agilus_support/urdf/kr6_r900_2.urdf.xacro
[0.116s] -- Up-to-date symlink: /home/alex/Desktop/Robot/grupo_07_kuka_kr7_r900_3_ws/install/kuka_agilus_support/share/kuka_agilus_support/urdf/kr6_r900_2_macro.xacro
[0.116s] -- Up-to-date symlink: /home/alex/Desktop/Robot/grupo_07_kuka_kr7_r900_3_ws/install/kuka_agilus_support/share/kuka_agilus_support/urdf/kr6_r900_sixx.urdf.xacro
[0.117s] -- Up-to-date symlink: /home/alex/Desktop/Robot/grupo_07_kuka_kr7_r900_3_ws/install/kuka_agilus_support/share/kuka_agilus_support/urdf/kr6_r900_sixx_macro.xacro
[0.117s] -- Up-to-date symlink: /home/alex/Desktop/Robot/grupo_07_kuka_kr7_r900_3_ws/install/kuka_agilus_support/share/kuka_agilus_support/urdf/kr7_r900_3.urdf.xacro
[0.117s] -- Up-to-date symlink: /home/alex/Desktop/Robot/grupo_07_kuka_kr7_r900_3_ws/install/kuka_agilus_support/share/kuka_agilus_support/urdf/kr7_r900_3_macro.xacro
[0.117s] -- Up-to-date symlink: /home/alex/Desktop/Robot/grupo_07_kuka_kr7_r900_3_ws/install/kuka_agilus_support/share/kuka_agilus_support/urdf/kr_agilus_ros2_control_macro.xacro
[0.117s] -- Up-to-date symlink: /home/alex/Desktop/Robot/grupo_07_kuka_kr7_r900_3_ws/install/kuka_agilus_support/share/kuka_agilus_support/environment/kuka_agilus_support.dsv
[0.117s] -- Up-to-date symlink: /home/alex/Desktop/Robot/grupo_07_kuka_kr7_r900_3_ws/install/kuka_agilus_support/share/ament_index/resource_index/package_run_dependencies/kuka_agilus_support
[0.117s] -- Up-to-date symlink: /home/alex/Desktop/Robot/grupo_07_kuka_kr7_r900_3_ws/install/kuka_agilus_support/share/ament_index/resource_index/parent_prefix_path/kuka_agilus_support
[0.118s] -- Up-to-date symlink: /home/alex/Desktop/Robot/grupo_07_kuka_kr7_r900_3_ws/install/kuka_agilus_support/share/kuka_agilus_support/environment/ament_prefix_path.sh
[0.118s] -- Up-to-date symlink: /home/alex/Desktop/Robot/grupo_07_kuka_kr7_r900_3_ws/install/kuka_agilus_support/share/kuka_agilus_support/environment/ament_prefix_path.dsv
[0.118s] -- Up-to-date symlink: /home/alex/Desktop/Robot/grupo_07_kuka_kr7_r900_3_ws/install/kuka_agilus_support/share/kuka_agilus_support/environment/path.sh
[0.118s] -- Up-to-date symlink: /home/alex/Desktop/Robot/grupo_07_kuka_kr7_r900_3_ws/install/kuka_agilus_support/share/kuka_agilus_support/environment/path.dsv
[0.118s] -- Up-to-date symlink: /home/alex/Desktop/Robot/grupo_07_kuka_kr7_r900_3_ws/install/kuka_agilus_support/share/kuka_agilus_support/local_setup.bash
[0.118s] -- Up-to-date symlink: /home/alex/Desktop/Robot/grupo_07_kuka_kr7_r900_3_ws/install/kuka_agilus_support/share/kuka_agilus_support/local_setup.sh
[0.119s] -- Up-to-date symlink: /home/alex/Desktop/Robot/grupo_07_kuka_kr7_r900_3_ws/install/kuka_agilus_support/share/kuka_agilus_support/local_setup.zsh
[0.119s] -- Up-to-date symlink: /home/alex/Desktop/Robot/grupo_07_kuka_kr7_r900_3_ws/install/kuka_agilus_support/share/kuka_agilus_support/local_setup.dsv
[0.119s] -- Symlinking: /home/alex/Desktop/Robot/grupo_07_kuka_kr7_r900_3_ws/install/kuka_agilus_support/share/kuka_agilus_support/package.dsv
[0.126s] -- Up-to-date symlink: /home/alex/Desktop/Robot/grupo_07_kuka_kr7_r900_3_ws/install/kuka_agilus_support/share/ament_index/resource_index/packages/kuka_agilus_support
[0.126s] -- Up-to-date symlink: /home/alex/Desktop/Robot/grupo_07_kuka_kr7_r900_3_ws/install/kuka_agilus_support/share/kuka_agilus_support/cmake/kuka_agilus_supportConfig.cmake
[0.126s] -- Up-to-date symlink: /home/alex/Desktop/Robot/grupo_07_kuka_kr7_r900_3_ws/install/kuka_agilus_support/share/kuka_agilus_support/cmake/kuka_agilus_supportConfig-version.cmake
[0.126s] -- Up-to-date symlink: /home/alex/Desktop/Robot/grupo_07_kuka_kr7_r900_3_ws/install/kuka_agilus_support/share/kuka_agilus_support/package.xml
[0.130s] Invoked command in '/home/alex/Desktop/Robot/grupo_07_kuka_kr7_r900_3_ws/build/kuka_agilus_support' returned '0': CMAKE_PREFIX_PATH=/home/alex/Desktop/Robot/grupo_07_kuka_kr7_r900_3_ws/install/kuka_resources:/home/alex/Desktop/Robot/grupo_07_kuka_kr7_r900_3_ws/install/grupo07_kuka_kr7_bringup:/home/alex/Desktop/Robot/grupo_07_kuka_kr7_r900_3_ws/install/kuka_agilus_support:/home/alex/Desktop/Robotica/ros2_ws/install/turtlebot_services_interfaces:/home/alex/Desktop/Robotica/ros2_ws/install/turtlebot3:/home/alex/Desktop/Robotica/ros2_ws/install/turtlebot3_simulations:/home/alex/Desktop/Robotica/ros2_ws/install/turtlebot3_bringup:/home/alex/Desktop/Robotica/ros2_ws/install/turtlebot3_node:/home/alex/Desktop/Robotica/ros2_ws/install/turtlebot3_navigation2:/home/alex/Desktop/Robotica/ros2_ws/install/turtlebot3_fake_node:/home/alex/Desktop/Robotica/ros2_ws/install/turtlebot3_msgs:/home/alex/Desktop/Robotica/ros2_ws/install/turtlebot3_autorace_jazzy:/home/alex/Desktop/Robotica/ros2_ws/install/turtlebot3_gazebo:/home/alex/Desktop/Robotica/ros2_ws/install/turtlebot3_description:/home/alex/Desktop/Robotica/ros2_ws/install/turtlebot3_cartographer:/home/alex/Desktop/Robotica/ros2_ws/install/dynamixel_sdk_examples:/home/alex/Desktop/Robotica/ros2_ws/install/dynamixel_sdk_custom_interfaces:/home/alex/Desktop/Robotica/ros2_ws/install/dynamixel_sdk:/home/alex/Desktop/Robotica/ros2_ws/src/install/turtlebot_services_interfaces:/home/alex/Desktop/Robotica/ros2_ws/src/install/turtlebot3:/home/alex/Desktop/Robotica/ros2_ws/src/install/turtlebot3_simulations:/home/alex/Desktop/Robotica/ros2_ws/src/install/turtlebot3_bringup:/home/alex/Desktop/Robotica/ros2_ws/src/install/turtlebot3_node:/home/alex/Desktop/Robotica/ros2_ws/src/install/turtlebot3_navigation2:/home/alex/Desktop/Robotica/ros2_ws/src/install/turtlebot3_fake_node:/home/alex/Desktop/Robotica/ros2_ws/src/install/turtlebot3_msgs:/home/alex/Desktop/Robotica/ros2_ws/src/install/turtlebot3_autorace_jazzy:/home/alex/Desktop/Robotica/ros2_ws/src/install/turtlebot3_gazebo:/home/alex/Desktop/Robotica/ros2_ws/src/install/turtlebot3_description:/home/alex/Desktop/Robotica/ros2_ws/src/install/turtlebot3_cartographer:/home/alex/Desktop/Robotica/ros2_ws/src/install/dynamixel_sdk_examples:/home/alex/Desktop/Robotica/ros2_ws/src/install/dynamixel_sdk_custom_interfaces:/home/alex/Desktop/Robotica/ros2_ws/src/install/dynamixel_sdk:/opt/ros/jazzy/opt/gz_sim_vendor:/opt/ros/jazzy/opt/gz_sensors_vendor:/opt/ros/jazzy/opt/gz_physics_vendor:/opt/ros/jazzy/opt/sdformat_vendor:/opt/ros/jazzy/opt/gz_gui_vendor:/opt/ros/jazzy/opt/gz_transport_vendor:/opt/ros/jazzy/opt/gz_rendering_vendor:/opt/ros/jazzy/opt/gz_plugin_vendor:/opt/ros/jazzy/opt/gz_fuel_tools_vendor:/opt/ros/jazzy/opt/gz_msgs_vendor:/opt/ros/jazzy/opt/gz_common_vendor:/opt/ros/jazzy/opt/gz_math_vendor:/opt/ros/jazzy/opt/gz_utils_vendor:/opt/ros/jazzy/opt/gz_tools_vendor:/opt/ros/jazzy/opt/gz_ogre_next_vendor:/opt/ros/jazzy/opt/gz_dartsim_vendor:/opt/ros/jazzy/opt/gz_cmake_vendor:/home/alex/Desktop/Robot/grupo_07_kuka_kr7_r900_3_ws/install/grupo07_robot_kinematics:/home/alex/Desktop/Robot/grupo_07_kuka_kr7_r900_3_ws/install/grupo07_kuka_kr7_kinematics:/home/alex/Desktop/Robotica/ros2_ws/install/turtlebot_services:/home/alex/Desktop/Robotica/ros2_ws/install/turtlebot3_teleop:/home/alex/Desktop/Robotica/ros2_ws/install/turtlebot3_tasks:/home/alex/Desktop/Robotica/ros2_ws/install/turtlebot3_systems:/home/alex/Desktop/Robotica/ros2_ws/install/turtlebot3_example:/home/alex/Desktop/Robotica/ros2_ws/install/turtlebot3_autorace:/home/alex/Desktop/Robotica/ros2_ws/src/install/turtlebot_services:/home/alex/Desktop/Robotica/ros2_ws/src/install/turtlebot3_teleop:/home/alex/Desktop/Robotica/ros2_ws/src/install/turtlebot3_tasks:/home/alex/Desktop/Robotica/ros2_ws/src/install/turtlebot3_systems:/home/alex/Desktop/Robotica/ros2_ws/src/install/turtlebot3_example:/home/alex/Desktop/Robotica/ros2_ws/src/install/turtlebot3_autorace:/opt/ros/jazzy DEBUGINFOD_URLS=https://debuginfod.ubuntu.com PS1=[ROSLAB d43] \u@\h:\w$ /usr/bin/cmake --install /home/alex/Desktop/Robot/grupo_07_kuka_kr7_r900_3_ws/build/kuka_agilus_support
