[0.778s] Invoking command in '/home/alex/Desktop/Robot/grupo_07_kuka_kr7_r900_3_ws/build/grupo07_kuka_kr7_kinematics': DEBUGINFOD_URLS=https://debuginfod.ubuntu.com PS1=\[\e[1;32m\]\u@\h:\w\$\[\e[0m\] PYTHONPATH=/home/alex/Desktop/Robot/grupo_07_kuka_kr7_r900_3_ws/build/grupo07_kuka_kr7_kinematics/prefix_override:/usr/lib/python3/dist-packages/colcon_core/task/python/colcon_distutils_commands:/home/alex/Desktop/Robot/grupo_07_kuka_kr7_r900_3_ws/install/grupo07_kuka_kr7_kinematics/lib/python3.12/site-packages:${PYTHONPATH} /usr/bin/python3 -W ignore:setup.py install is deprecated -W ignore:easy_install command is deprecated setup.py develop --uninstall --editable --build-directory /home/alex/Desktop/Robot/grupo_07_kuka_kr7_r900_3_ws/build/grupo07_kuka_kr7_kinematics/build
[1.060s] running develop
[1.264s] Removing /home/alex/Desktop/Robot/grupo_07_kuka_kr7_r900_3_ws/install/grupo07_kuka_kr7_kinematics/lib/python3.12/site-packages/grupo07-kuka-kr7-kinematics.egg-link (link to .)
[1.296s] Invoked command in '/home/alex/Desktop/Robot/grupo_07_kuka_kr7_r900_3_ws/build/grupo07_kuka_kr7_kinematics' returned '0': DEBUGINFOD_URLS=https://debuginfod.ubuntu.com PS1=\[\e[1;32m\]\u@\h:\w\$\[\e[0m\] PYTHONPATH=/home/alex/Desktop/Robot/grupo_07_kuka_kr7_r900_3_ws/build/grupo07_kuka_kr7_kinematics/prefix_override:/usr/lib/python3/dist-packages/colcon_core/task/python/colcon_distutils_commands:/home/alex/Desktop/Robot/grupo_07_kuka_kr7_r900_3_ws/install/grupo07_kuka_kr7_kinematics/lib/python3.12/site-packages:${PYTHONPATH} /usr/bin/python3 -W ignore:setup.py install is deprecated -W ignore:easy_install command is deprecated setup.py develop --uninstall --editable --build-directory /home/alex/Desktop/Robot/grupo_07_kuka_kr7_r900_3_ws/build/grupo07_kuka_kr7_kinematics/build
[1.297s] Invoking command in '/home/alex/Desktop/Robot/grupo_07_kuka_kr7_r900_3_ws/src/grupo07_kuka_kr7_kinematics': DEBUGINFOD_URLS=https://debuginfod.ubuntu.com PS1=\[\e[1;32m\]\u@\h:\w\$\[\e[0m\] PYTHONPATH=/home/alex/Desktop/Robot/grupo_07_kuka_kr7_r900_3_ws/build/grupo07_kuka_kr7_kinematics/prefix_override:/usr/lib/python3/dist-packages/colcon_core/task/python/colcon_distutils_commands:/home/alex/Desktop/Robot/grupo_07_kuka_kr7_r900_3_ws/install/grupo07_kuka_kr7_kinematics/lib/python3.12/site-packages:${PYTHONPATH} /usr/bin/python3 -W ignore:setup.py install is deprecated -W ignore:easy_install command is deprecated setup.py egg_info --egg-base ../../build/grupo07_kuka_kr7_kinematics build --build-base /home/alex/Desktop/Robot/grupo_07_kuka_kr7_r900_3_ws/build/grupo07_kuka_kr7_kinematics/build install --record /home/alex/Desktop/Robot/grupo_07_kuka_kr7_r900_3_ws/build/grupo07_kuka_kr7_kinematics/install.log --install-scripts $base/lib/grupo07_kuka_kr7_kinematics --single-version-externally-managed install_data --force
[1.540s] running egg_info
[1.559s] writing ../../build/grupo07_kuka_kr7_kinematics/grupo07_kuka_kr7_kinematics.egg-info/PKG-INFO
[1.559s] writing dependency_links to ../../build/grupo07_kuka_kr7_kinematics/grupo07_kuka_kr7_kinematics.egg-info/dependency_links.txt
[1.560s] writing requirements to ../../build/grupo07_kuka_kr7_kinematics/grupo07_kuka_kr7_kinematics.egg-info/requires.txt
[1.560s] writing top-level names to ../../build/grupo07_kuka_kr7_kinematics/grupo07_kuka_kr7_kinematics.egg-info/top_level.txt
[1.596s] reading manifest file '../../build/grupo07_kuka_kr7_kinematics/grupo07_kuka_kr7_kinematics.egg-info/SOURCES.txt'
[1.597s] writing manifest file '../../build/grupo07_kuka_kr7_kinematics/grupo07_kuka_kr7_kinematics.egg-info/SOURCES.txt'
[1.597s] running build
[1.597s] running build_py
[1.598s] creating /home/alex/Desktop/Robot/grupo_07_kuka_kr7_r900_3_ws/build/grupo07_kuka_kr7_kinematics/build
[1.598s] creating /home/alex/Desktop/Robot/grupo_07_kuka_kr7_r900_3_ws/build/grupo07_kuka_kr7_kinematics/build/lib
[1.598s] creating /home/alex/Desktop/Robot/grupo_07_kuka_kr7_r900_3_ws/build/grupo07_kuka_kr7_kinematics/build/lib/grupo07_kuka_kr7_kinematics
[1.598s] copying grupo07_kuka_kr7_kinematics/__init__.py -> /home/alex/Desktop/Robot/grupo_07_kuka_kr7_r900_3_ws/build/grupo07_kuka_kr7_kinematics/build/lib/grupo07_kuka_kr7_kinematics
[1.599s] running install
[1.603s] running install_lib
[1.622s] creating /home/alex/Desktop/Robot/grupo_07_kuka_kr7_r900_3_ws/install/grupo07_kuka_kr7_kinematics/lib/python3.12/site-packages/grupo07_kuka_kr7_kinematics
[1.623s] copying /home/alex/Desktop/Robot/grupo_07_kuka_kr7_r900_3_ws/build/grupo07_kuka_kr7_kinematics/build/lib/grupo07_kuka_kr7_kinematics/__init__.py -> /home/alex/Desktop/Robot/grupo_07_kuka_kr7_r900_3_ws/install/grupo07_kuka_kr7_kinematics/lib/python3.12/site-packages/grupo07_kuka_kr7_kinematics
[1.623s] byte-compiling /home/alex/Desktop/Robot/grupo_07_kuka_kr7_r900_3_ws/install/grupo07_kuka_kr7_kinematics/lib/python3.12/site-packages/grupo07_kuka_kr7_kinematics/__init__.py to __init__.cpython-312.pyc
[1.623s] running install_data
[1.624s] copying resource/grupo07_kuka_kr7_kinematics -> /home/alex/Desktop/Robot/grupo_07_kuka_kr7_r900_3_ws/install/grupo07_kuka_kr7_kinematics/share/ament_index/resource_index/packages
[1.624s] copying package.xml -> /home/alex/Desktop/Robot/grupo_07_kuka_kr7_r900_3_ws/install/grupo07_kuka_kr7_kinematics/share/grupo07_kuka_kr7_kinematics
[1.624s] running install_egg_info
[1.644s] Copying ../../build/grupo07_kuka_kr7_kinematics/grupo07_kuka_kr7_kinematics.egg-info to /home/alex/Desktop/Robot/grupo_07_kuka_kr7_r900_3_ws/install/grupo07_kuka_kr7_kinematics/lib/python3.12/site-packages/grupo07_kuka_kr7_kinematics-0.0.0-py3.12.egg-info
[1.645s] running install_scripts
[1.771s] writing list of installed files to '/home/alex/Desktop/Robot/grupo_07_kuka_kr7_r900_3_ws/build/grupo07_kuka_kr7_kinematics/install.log'
[1.798s] Invoked command in '/home/alex/Desktop/Robot/grupo_07_kuka_kr7_r900_3_ws/src/grupo07_kuka_kr7_kinematics' returned '0': DEBUGINFOD_URLS=https://debuginfod.ubuntu.com PS1=\[\e[1;32m\]\u@\h:\w\$\[\e[0m\] PYTHONPATH=/home/alex/Desktop/Robot/grupo_07_kuka_kr7_r900_3_ws/build/grupo07_kuka_kr7_kinematics/prefix_override:/usr/lib/python3/dist-packages/colcon_core/task/python/colcon_distutils_commands:/home/alex/Desktop/Robot/grupo_07_kuka_kr7_r900_3_ws/install/grupo07_kuka_kr7_kinematics/lib/python3.12/site-packages:${PYTHONPATH} /usr/bin/python3 -W ignore:setup.py install is deprecated -W ignore:easy_install command is deprecated setup.py egg_info --egg-base ../../build/grupo07_kuka_kr7_kinematics build --build-base /home/alex/Desktop/Robot/grupo_07_kuka_kr7_r900_3_ws/build/grupo07_kuka_kr7_kinematics/build install --record /home/alex/Desktop/Robot/grupo_07_kuka_kr7_r900_3_ws/build/grupo07_kuka_kr7_kinematics/install.log --install-scripts $base/lib/grupo07_kuka_kr7_kinematics --single-version-externally-managed install_data --force
