-- The C compiler identification is GNU 13.3.0
-- The CXX compiler identification is GNU 13.3.0
-- Detecting C compiler ABI info
-- Detecting C compiler ABI info - done
-- Check for working C compiler: /usr/bin/cc - skipped
-- Detecting C compile features
-- Detecting C compile features - done
-- Detecting CXX compiler ABI info
-- Detecting CXX compiler ABI info - done
-- Check for working CXX compiler: /usr/bin/c++ - skipped
-- Detecting CXX compile features
-- Detecting CXX compile features - done
-- Found ament_cmake: 2.5.6 (/opt/ros/jazzy/share/ament_cmake/cmake)
-- Found Python3: /usr/bin/python3 (found version "3.12.3") found components: Interpreter 
-- Override CMake install command with custom implementation using symlinks instead of copying resources
-- Found urdf: 2.10.1 (/opt/ros/jazzy/share/urdf/cmake)
-- Found TinyXML2 via Config file: /usr/lib/x86_64-linux-gnu/cmake/tinyxml2
-- Found xacro: 2.1.1 (/opt/ros/jazzy/share/xacro/cmake)
-- Found launch_testing_ament_cmake: 3.4.11 (/opt/ros/jazzy/share/launch_testing_ament_cmake/cmake)
-- Found python_cmake_module: 0.11.1 (/opt/ros/jazzy/share/python_cmake_module/cmake)
-- Found PythonExtra: /usr/bin/python3  
-- Configuring done (0.9s)
-- Generating done (0.0s)
-- Build files have been written to: /home/alex/Desktop/Robot/grupo_07_kuka_kr7_r900_3_ws/build/kuka_agilus_support
-- Install configuration: ""
-- Execute custom install script
-- Symlinking: /home/alex/Desktop/Robot/grupo_07_kuka_kr7_r900_3_ws/install/kuka_agilus_support/share/kuka_agilus_support/config/kr10_r1100_2_joint_limits.yaml
-- Symlinking: /home/alex/Desktop/Robot/grupo_07_kuka_kr7_r900_3_ws/install/kuka_agilus_support/share/kuka_agilus_support/config/kr10_r1100_3_joint_limits.yaml
-- Symlinking: /home/alex/Desktop/Robot/grupo_07_kuka_kr7_r900_3_ws/install/kuka_agilus_support/share/kuka_agilus_support/config/kr10_r900_2_joint_limits.yaml
-- Symlinking: /home/alex/Desktop/Robot/grupo_07_kuka_kr7_r900_3_ws/install/kuka_agilus_support/share/kuka_agilus_support/config/kr13_r900_3_joint_limits.yaml
-- Symlinking: /home/alex/Desktop/Robot/grupo_07_kuka_kr7_r900_3_ws/install/kuka_agilus_support/share/kuka_agilus_support/config/kr16_r1100_3_joint_limits.yaml
-- Symlinking: /home/alex/Desktop/Robot/grupo_07_kuka_kr7_r900_3_ws/install/kuka_agilus_support/share/kuka_agilus_support/config/kr4_r600_joint_limits.yaml
-- Symlinking: /home/alex/Desktop/Robot/grupo_07_kuka_kr7_r900_3_ws/install/kuka_agilus_support/share/kuka_agilus_support/config/kr6_r700_2_joint_limits.yaml
-- Symlinking: /home/alex/Desktop/Robot/grupo_07_kuka_kr7_r900_3_ws/install/kuka_agilus_support/share/kuka_agilus_support/config/kr6_r700_sixx_joint_limits.yaml
-- Symlinking: /home/alex/Desktop/Robot/grupo_07_kuka_kr7_r900_3_ws/install/kuka_agilus_support/share/kuka_agilus_support/config/kr6_r900_2_joint_limits.yaml
-- Symlinking: /home/alex/Desktop/Robot/grupo_07_kuka_kr7_r900_3_ws/install/kuka_agilus_support/share/kuka_agilus_support/config/kr6_r900_sixx_joint_limits.yaml
-- Symlinking: /home/alex/Desktop/Robot/grupo_07_kuka_kr7_r900_3_ws/install/kuka_agilus_support/share/kuka_agilus_support/config/kr7_r900_3_joint_limits.yaml
-- Symlinking: /home/alex/Desktop/Robot/grupo_07_kuka_kr7_r900_3_ws/install/kuka_agilus_support/share/kuka_agilus_support/config/opw_kinematics_kr6r700sixx.yaml
-- Symlinking: /home/alex/Desktop/Robot/grupo_07_kuka_kr7_r900_3_ws/install/kuka_agilus_support/share/kuka_agilus_support/config/opw_parameters_kr6r900_2.yaml
-- Symlinking: /home/alex/Desktop/Robot/grupo_07_kuka_kr7_r900_3_ws/install/kuka_agilus_support/share/kuka_agilus_support/launch/test_kr10_r1100_2.launch.py
-- Symlinking: /home/alex/Desktop/Robot/grupo_07_kuka_kr7_r900_3_ws/install/kuka_agilus_support/share/kuka_agilus_support/launch/test_kr10_r1100_3.launch.py
-- Symlinking: /home/alex/Desktop/Robot/grupo_07_kuka_kr7_r900_3_ws/install/kuka_agilus_support/share/kuka_agilus_support/launch/test_kr10_r900_2.launch.py
-- Symlinking: /home/alex/Desktop/Robot/grupo_07_kuka_kr7_r900_3_ws/install/kuka_agilus_support/share/kuka_agilus_support/launch/test_kr13_r900_3.launch.py
-- Symlinking: /home/alex/Desktop/Robot/grupo_07_kuka_kr7_r900_3_ws/install/kuka_agilus_support/share/kuka_agilus_support/launch/test_kr16_r1100_3.launch.py
-- Symlinking: /home/alex/Desktop/Robot/grupo_07_kuka_kr7_r900_3_ws/install/kuka_agilus_support/share/kuka_agilus_support/launch/test_kr4_r600.launch.py
-- Symlinking: /home/alex/Desktop/Robot/grupo_07_kuka_kr7_r900_3_ws/install/kuka_agilus_support/share/kuka_agilus_support/launch/test_kr6_r700_2.launch.py
-- Symlinking: /home/alex/Desktop/Robot/grupo_07_kuka_kr7_r900_3_ws/install/kuka_agilus_support/share/kuka_agilus_support/launch/test_kr6_r700_sixx.launch.py
-- Symlinking: /home/alex/Desktop/Robot/grupo_07_kuka_kr7_r900_3_ws/install/kuka_agilus_support/share/kuka_agilus_support/launch/test_kr6_r900_2.launch.py
-- Symlinking: /home/alex/Desktop/Robot/grupo_07_kuka_kr7_r900_3_ws/install/kuka_agilus_support/share/kuka_agilus_support/launch/test_kr6_r900_sixx.launch.py
-- Symlinking: /home/alex/Desktop/Robot/grupo_07_kuka_kr7_r900_3_ws/install/kuka_agilus_support/share/kuka_agilus_support/launch/test_kr7_r900_3.launch.py
-- Symlinking: /home/alex/Desktop/Robot/grupo_07_kuka_kr7_r900_3_ws/install/kuka_agilus_support/share/kuka_agilus_support/meshes/kr10_r1100_2/collision/base_link.stl
-- Symlinking: /home/alex/Desktop/Robot/grupo_07_kuka_kr7_r900_3_ws/install/kuka_agilus_support/share/kuka_agilus_support/meshes/kr10_r1100_2/collision/link_1.stl
-- Symlinking: /home/alex/Desktop/Robot/grupo_07_kuka_kr7_r900_3_ws/install/kuka_agilus_support/share/kuka_agilus_support/meshes/kr10_r1100_2/collision/link_2.stl
-- Symlinking: /home/alex/Desktop/Robot/grupo_07_kuka_kr7_r900_3_ws/install/kuka_agilus_support/share/kuka_agilus_support/meshes/kr10_r1100_2/collision/link_3.stl
-- Symlinking: /home/alex/Desktop/Robot/grupo_07_kuka_kr7_r900_3_ws/install/kuka_agilus_support/share/kuka_agilus_support/meshes/kr10_r1100_2/collision/link_4.stl
-- Symlinking: /home/alex/Desktop/Robot/grupo_07_kuka_kr7_r900_3_ws/install/kuka_agilus_support/share/kuka_agilus_support/meshes/kr10_r1100_2/collision/link_5.stl
-- Symlinking: /home/alex/Desktop/Robot/grupo_07_kuka_kr7_r900_3_ws/install/kuka_agilus_support/share/kuka_agilus_support/meshes/kr10_r1100_2/collision/link_6.stl
-- Symlinking: /home/alex/Desktop/Robot/grupo_07_kuka_kr7_r900_3_ws/install/kuka_agilus_support/share/kuka_agilus_support/meshes/kr10_r1100_2/visual/base_link.dae
-- Symlinking: /home/alex/Desktop/Robot/grupo_07_kuka_kr7_r900_3_ws/install/kuka_agilus_support/share/kuka_agilus_support/meshes/kr10_r1100_2/visual/base_link.stl
-- Symlinking: /home/alex/Desktop/Robot/grupo_07_kuka_kr7_r900_3_ws/install/kuka_agilus_support/share/kuka_agilus_support/meshes/kr10_r1100_2/visual/link_1.dae
-- Symlinking: /home/alex/Desktop/Robot/grupo_07_kuka_kr7_r900_3_ws/install/kuka_agilus_support/share/kuka_agilus_support/meshes/kr10_r1100_2/visual/link_1.stl
-- Symlinking: /home/alex/Desktop/Robot/grupo_07_kuka_kr7_r900_3_ws/install/kuka_agilus_support/share/kuka_agilus_support/meshes/kr10_r1100_2/visual/link_2.dae
-- Symlinking: /home/alex/Desktop/Robot/grupo_07_kuka_kr7_r900_3_ws/install/kuka_agilus_support/share/kuka_agilus_support/meshes/kr10_r1100_2/visual/link_2.stl
-- Symlinking: /home/alex/Desktop/Robot/grupo_07_kuka_kr7_r900_3_ws/install/kuka_agilus_support/share/kuka_agilus_support/meshes/kr10_r1100_2/visual/link_3.dae
-- Symlinking: /home/alex/Desktop/Robot/grupo_07_kuka_kr7_r900_3_ws/install/kuka_agilus_support/share/kuka_agilus_support/meshes/kr10_r1100_2/visual/link_3.stl
-- Symlinking: /home/alex/Desktop/Robot/grupo_07_kuka_kr7_r900_3_ws/install/kuka_agilus_support/share/kuka_agilus_support/meshes/kr10_r1100_2/visual/link_4.dae
-- Symlinking: /home/alex/Desktop/Robot/grupo_07_kuka_kr7_r900_3_ws/install/kuka_agilus_support/share/kuka_agilus_support/meshes/kr10_r1100_2/visual/link_4.stl
-- Symlinking: /home/alex/Desktop/Robot/grupo_07_kuka_kr7_r900_3_ws/install/kuka_agilus_support/share/kuka_agilus_support/meshes/kr10_r1100_2/visual/link_5.dae
-- Symlinking: /home/alex/Desktop/Robot/grupo_07_kuka_kr7_r900_3_ws/install/kuka_agilus_support/share/kuka_agilus_support/meshes/kr10_r1100_2/visual/link_5.stl
-- Symlinking: /home/alex/Desktop/Robot/grupo_07_kuka_kr7_r900_3_ws/install/kuka_agilus_support/share/kuka_agilus_support/meshes/kr10_r1100_2/visual/link_6.dae
-- Symlinking: /home/alex/Desktop/Robot/grupo_07_kuka_kr7_r900_3_ws/install/kuka_agilus_support/share/kuka_agilus_support/meshes/kr10_r1100_2/visual/link_6.stl
-- Symlinking: /home/alex/Desktop/Robot/grupo_07_kuka_kr7_r900_3_ws/install/kuka_agilus_support/share/kuka_agilus_support/meshes/kr10_r1100_3/collision/base_link.stl
-- Symlinking: /home/alex/Desktop/Robot/grupo_07_kuka_kr7_r900_3_ws/install/kuka_agilus_support/share/kuka_agilus_support/meshes/kr10_r1100_3/collision/link_1.stl
-- Symlinking: /home/alex/Desktop/Robot/grupo_07_kuka_kr7_r900_3_ws/install/kuka_agilus_support/share/kuka_agilus_support/meshes/kr10_r1100_3/collision/link_2.stl
-- Symlinking: /home/alex/Desktop/Robot/grupo_07_kuka_kr7_r900_3_ws/install/kuka_agilus_support/share/kuka_agilus_support/meshes/kr10_r1100_3/collision/link_3.stl
-- Symlinking: /home/alex/Desktop/Robot/grupo_07_kuka_kr7_r900_3_ws/install/kuka_agilus_support/share/kuka_agilus_support/meshes/kr10_r1100_3/collision/link_4.stl
-- Symlinking: /home/alex/Desktop/Robot/grupo_07_kuka_kr7_r900_3_ws/install/kuka_agilus_support/share/kuka_agilus_support/meshes/kr10_r1100_3/collision/link_5.stl
-- Symlinking: /home/alex/Desktop/Robot/grupo_07_kuka_kr7_r900_3_ws/install/kuka_agilus_support/share/kuka_agilus_support/meshes/kr10_r1100_3/collision/link_6.stl
-- Symlinking: /home/alex/Desktop/Robot/grupo_07_kuka_kr7_r900_3_ws/install/kuka_agilus_support/share/kuka_agilus_support/meshes/kr10_r1100_3/visual/base_link.dae
-- Symlinking: /home/alex/Desktop/Robot/grupo_07_kuka_kr7_r900_3_ws/install/kuka_agilus_support/share/kuka_agilus_support/meshes/kr10_r1100_3/visual/link_1.dae
-- Symlinking: /home/alex/Desktop/Robot/grupo_07_kuka_kr7_r900_3_ws/install/kuka_agilus_support/share/kuka_agilus_support/meshes/kr10_r1100_3/visual/link_2.dae
-- Symlinking: /home/alex/Desktop/Robot/grupo_07_kuka_kr7_r900_3_ws/install/kuka_agilus_support/share/kuka_agilus_support/meshes/kr10_r1100_3/visual/link_3.dae
-- Symlinking: /home/alex/Desktop/Robot/grupo_07_kuka_kr7_r900_3_ws/install/kuka_agilus_support/share/kuka_agilus_support/meshes/kr10_r1100_3/visual/link_4.dae
-- Symlinking: /home/alex/Desktop/Robot/grupo_07_kuka_kr7_r900_3_ws/install/kuka_agilus_support/share/kuka_agilus_support/meshes/kr10_r1100_3/visual/link_5.dae
-- Symlinking: /home/alex/Desktop/Robot/grupo_07_kuka_kr7_r900_3_ws/install/kuka_agilus_support/share/kuka_agilus_support/meshes/kr10_r1100_3/visual/link_6.dae
-- Symlinking: /home/alex/Desktop/Robot/grupo_07_kuka_kr7_r900_3_ws/install/kuka_agilus_support/share/kuka_agilus_support/meshes/kr10_r900_2/collision/base_link.stl
-- Symlinking: /home/alex/Desktop/Robot/grupo_07_kuka_kr7_r900_3_ws/install/kuka_agilus_support/share/kuka_agilus_support/meshes/kr10_r900_2/collision/link_1.stl
-- Symlinking: /home/alex/Desktop/Robot/grupo_07_kuka_kr7_r900_3_ws/install/kuka_agilus_support/share/kuka_agilus_support/meshes/kr10_r900_2/collision/link_2.stl
-- Symlinking: /home/alex/Desktop/Robot/grupo_07_kuka_kr7_r900_3_ws/install/kuka_agilus_support/share/kuka_agilus_support/meshes/kr10_r900_2/collision/link_3.stl
-- Symlinking: /home/alex/Desktop/Robot/grupo_07_kuka_kr7_r900_3_ws/install/kuka_agilus_support/share/kuka_agilus_support/meshes/kr10_r900_2/collision/link_4.stl
-- Symlinking: /home/alex/Desktop/Robot/grupo_07_kuka_kr7_r900_3_ws/install/kuka_agilus_support/share/kuka_agilus_support/meshes/kr10_r900_2/collision/link_5.stl
-- Symlinking: /home/alex/Desktop/Robot/grupo_07_kuka_kr7_r900_3_ws/install/kuka_agilus_support/share/kuka_agilus_support/meshes/kr10_r900_2/collision/link_6.stl
-- Symlinking: /home/alex/Desktop/Robot/grupo_07_kuka_kr7_r900_3_ws/install/kuka_agilus_support/share/kuka_agilus_support/meshes/kr10_r900_2/visual/base_link.dae
-- Symlinking: /home/alex/Desktop/Robot/grupo_07_kuka_kr7_r900_3_ws/install/kuka_agilus_support/share/kuka_agilus_support/meshes/kr10_r900_2/visual/link_1.dae
-- Symlinking: /home/alex/Desktop/Robot/grupo_07_kuka_kr7_r900_3_ws/install/kuka_agilus_support/share/kuka_agilus_support/meshes/kr10_r900_2/visual/link_2.dae
-- Symlinking: /home/alex/Desktop/Robot/grupo_07_kuka_kr7_r900_3_ws/install/kuka_agilus_support/share/kuka_agilus_support/meshes/kr10_r900_2/visual/link_3.dae
-- Symlinking: /home/alex/Desktop/Robot/grupo_07_kuka_kr7_r900_3_ws/install/kuka_agilus_support/share/kuka_agilus_support/meshes/kr10_r900_2/visual/link_4.dae
-- Symlinking: /home/alex/Desktop/Robot/grupo_07_kuka_kr7_r900_3_ws/install/kuka_agilus_support/share/kuka_agilus_support/meshes/kr10_r900_2/visual/link_5.dae
-- Symlinking: /home/alex/Desktop/Robot/grupo_07_kuka_kr7_r900_3_ws/install/kuka_agilus_support/share/kuka_agilus_support/meshes/kr10_r900_2/visual/link_6.dae
-- Symlinking: /home/alex/Desktop/Robot/grupo_07_kuka_kr7_r900_3_ws/install/kuka_agilus_support/share/kuka_agilus_support/meshes/kr13_r900_3/collision/base_link.stl
-- Symlinking: /home/alex/Desktop/Robot/grupo_07_kuka_kr7_r900_3_ws/install/kuka_agilus_support/share/kuka_agilus_support/meshes/kr13_r900_3/collision/link_1.stl
-- Symlinking: /home/alex/Desktop/Robot/grupo_07_kuka_kr7_r900_3_ws/install/kuka_agilus_support/share/kuka_agilus_support/meshes/kr13_r900_3/collision/link_2.stl
-- Symlinking: /home/alex/Desktop/Robot/grupo_07_kuka_kr7_r900_3_ws/install/kuka_agilus_support/share/kuka_agilus_support/meshes/kr13_r900_3/collision/link_3.stl
-- Symlinking: /home/alex/Desktop/Robot/grupo_07_kuka_kr7_r900_3_ws/install/kuka_agilus_support/share/kuka_agilus_support/meshes/kr13_r900_3/collision/link_4.stl
-- Symlinking: /home/alex/Desktop/Robot/grupo_07_kuka_kr7_r900_3_ws/install/kuka_agilus_support/share/kuka_agilus_support/meshes/kr13_r900_3/collision/link_5.stl
-- Symlinking: /home/alex/Desktop/Robot/grupo_07_kuka_kr7_r900_3_ws/install/kuka_agilus_support/share/kuka_agilus_support/meshes/kr13_r900_3/collision/link_6.stl
-- Symlinking: /home/alex/Desktop/Robot/grupo_07_kuka_kr7_r900_3_ws/install/kuka_agilus_support/share/kuka_agilus_support/meshes/kr13_r900_3/visual/base_link.dae
-- Symlinking: /home/alex/Desktop/Robot/grupo_07_kuka_kr7_r900_3_ws/install/kuka_agilus_support/share/kuka_agilus_support/meshes/kr13_r900_3/visual/link_1.dae
-- Symlinking: /home/alex/Desktop/Robot/grupo_07_kuka_kr7_r900_3_ws/install/kuka_agilus_support/share/kuka_agilus_support/meshes/kr13_r900_3/visual/link_2.dae
-- Symlinking: /home/alex/Desktop/Robot/grupo_07_kuka_kr7_r900_3_ws/install/kuka_agilus_support/share/kuka_agilus_support/meshes/kr13_r900_3/visual/link_3.dae
-- Symlinking: /home/alex/Desktop/Robot/grupo_07_kuka_kr7_r900_3_ws/install/kuka_agilus_support/share/kuka_agilus_support/meshes/kr13_r900_3/visual/link_4.dae
-- Symlinking: /home/alex/Desktop/Robot/grupo_07_kuka_kr7_r900_3_ws/install/kuka_agilus_support/share/kuka_agilus_support/meshes/kr13_r900_3/visual/link_5.dae
-- Symlinking: /home/alex/Desktop/Robot/grupo_07_kuka_kr7_r900_3_ws/install/kuka_agilus_support/share/kuka_agilus_support/meshes/kr13_r900_3/visual/link_6.dae
-- Symlinking: /home/alex/Desktop/Robot/grupo_07_kuka_kr7_r900_3_ws/install/kuka_agilus_support/share/kuka_agilus_support/meshes/kr16_r1100_3/collision/base_link.stl
-- Symlinking: /home/alex/Desktop/Robot/grupo_07_kuka_kr7_r900_3_ws/install/kuka_agilus_support/share/kuka_agilus_support/meshes/kr16_r1100_3/collision/link_1.stl
-- Symlinking: /home/alex/Desktop/Robot/grupo_07_kuka_kr7_r900_3_ws/install/kuka_agilus_support/share/kuka_agilus_support/meshes/kr16_r1100_3/collision/link_2.stl
-- Symlinking: /home/alex/Desktop/Robot/grupo_07_kuka_kr7_r900_3_ws/install/kuka_agilus_support/share/kuka_agilus_support/meshes/kr16_r1100_3/collision/link_3.stl
-- Symlinking: /home/alex/Desktop/Robot/grupo_07_kuka_kr7_r900_3_ws/install/kuka_agilus_support/share/kuka_agilus_support/meshes/kr16_r1100_3/collision/link_4.stl
-- Symlinking: /home/alex/Desktop/Robot/grupo_07_kuka_kr7_r900_3_ws/install/kuka_agilus_support/share/kuka_agilus_support/meshes/kr16_r1100_3/collision/link_5.stl
-- Symlinking: /home/alex/Desktop/Robot/grupo_07_kuka_kr7_r900_3_ws/install/kuka_agilus_support/share/kuka_agilus_support/meshes/kr16_r1100_3/collision/link_6.stl
-- Symlinking: /home/alex/Desktop/Robot/grupo_07_kuka_kr7_r900_3_ws/install/kuka_agilus_support/share/kuka_agilus_support/meshes/kr16_r1100_3/visual/base_link.dae
-- Symlinking: /home/alex/Desktop/Robot/grupo_07_kuka_kr7_r900_3_ws/install/kuka_agilus_support/share/kuka_agilus_support/meshes/kr16_r1100_3/visual/link_1.dae
-- Symlinking: /home/alex/Desktop/Robot/grupo_07_kuka_kr7_r900_3_ws/install/kuka_agilus_support/share/kuka_agilus_support/meshes/kr16_r1100_3/visual/link_2.dae
-- Symlinking: /home/alex/Desktop/Robot/grupo_07_kuka_kr7_r900_3_ws/install/kuka_agilus_support/share/kuka_agilus_support/meshes/kr16_r1100_3/visual/link_3.dae
-- Symlinking: /home/alex/Desktop/Robot/grupo_07_kuka_kr7_r900_3_ws/install/kuka_agilus_support/share/kuka_agilus_support/meshes/kr16_r1100_3/visual/link_4.dae
-- Symlinking: /home/alex/Desktop/Robot/grupo_07_kuka_kr7_r900_3_ws/install/kuka_agilus_support/share/kuka_agilus_support/meshes/kr16_r1100_3/visual/link_5.dae
-- Symlinking: /home/alex/Desktop/Robot/grupo_07_kuka_kr7_r900_3_ws/install/kuka_agilus_support/share/kuka_agilus_support/meshes/kr16_r1100_3/visual/link_6.dae
-- Symlinking: /home/alex/Desktop/Robot/grupo_07_kuka_kr7_r900_3_ws/install/kuka_agilus_support/share/kuka_agilus_support/meshes/kr4_r600/collision/base_link.stl
-- Symlinking: /home/alex/Desktop/Robot/grupo_07_kuka_kr7_r900_3_ws/install/kuka_agilus_support/share/kuka_agilus_support/meshes/kr4_r600/collision/link_1.stl
-- Symlinking: /home/alex/Desktop/Robot/grupo_07_kuka_kr7_r900_3_ws/install/kuka_agilus_support/share/kuka_agilus_support/meshes/kr4_r600/collision/link_2.stl
-- Symlinking: /home/alex/Desktop/Robot/grupo_07_kuka_kr7_r900_3_ws/install/kuka_agilus_support/share/kuka_agilus_support/meshes/kr4_r600/collision/link_3.stl
-- Symlinking: /home/alex/Desktop/Robot/grupo_07_kuka_kr7_r900_3_ws/install/kuka_agilus_support/share/kuka_agilus_support/meshes/kr4_r600/collision/link_4.stl
-- Symlinking: /home/alex/Desktop/Robot/grupo_07_kuka_kr7_r900_3_ws/install/kuka_agilus_support/share/kuka_agilus_support/meshes/kr4_r600/collision/link_5.stl
-- Symlinking: /home/alex/Desktop/Robot/grupo_07_kuka_kr7_r900_3_ws/install/kuka_agilus_support/share/kuka_agilus_support/meshes/kr4_r600/collision/link_6.stl
-- Symlinking: /home/alex/Desktop/Robot/grupo_07_kuka_kr7_r900_3_ws/install/kuka_agilus_support/share/kuka_agilus_support/meshes/kr4_r600/visual/base_link.dae
-- Symlinking: /home/alex/Desktop/Robot/grupo_07_kuka_kr7_r900_3_ws/install/kuka_agilus_support/share/kuka_agilus_support/meshes/kr4_r600/visual/link_1.dae
-- Symlinking: /home/alex/Desktop/Robot/grupo_07_kuka_kr7_r900_3_ws/install/kuka_agilus_support/share/kuka_agilus_support/meshes/kr4_r600/visual/link_2.dae
-- Symlinking: /home/alex/Desktop/Robot/grupo_07_kuka_kr7_r900_3_ws/install/kuka_agilus_support/share/kuka_agilus_support/meshes/kr4_r600/visual/link_3.dae
-- Symlinking: /home/alex/Desktop/Robot/grupo_07_kuka_kr7_r900_3_ws/install/kuka_agilus_support/share/kuka_agilus_support/meshes/kr4_r600/visual/link_4.dae
-- Symlinking: /home/alex/Desktop/Robot/grupo_07_kuka_kr7_r900_3_ws/install/kuka_agilus_support/share/kuka_agilus_support/meshes/kr4_r600/visual/link_5.dae
-- Symlinking: /home/alex/Desktop/Robot/grupo_07_kuka_kr7_r900_3_ws/install/kuka_agilus_support/share/kuka_agilus_support/meshes/kr4_r600/visual/link_6.dae
-- Symlinking: /home/alex/Desktop/Robot/grupo_07_kuka_kr7_r900_3_ws/install/kuka_agilus_support/share/kuka_agilus_support/meshes/kr6_r700_2/collision/base_link.stl
-- Symlinking: /home/alex/Desktop/Robot/grupo_07_kuka_kr7_r900_3_ws/install/kuka_agilus_support/share/kuka_agilus_support/meshes/kr6_r700_2/collision/link_1.stl
-- Symlinking: /home/alex/Desktop/Robot/grupo_07_kuka_kr7_r900_3_ws/install/kuka_agilus_support/share/kuka_agilus_support/meshes/kr6_r700_2/collision/link_2.stl
-- Symlinking: /home/alex/Desktop/Robot/grupo_07_kuka_kr7_r900_3_ws/install/kuka_agilus_support/share/kuka_agilus_support/meshes/kr6_r700_2/collision/link_3.stl
-- Symlinking: /home/alex/Desktop/Robot/grupo_07_kuka_kr7_r900_3_ws/install/kuka_agilus_support/share/kuka_agilus_support/meshes/kr6_r700_2/collision/link_4.stl
-- Symlinking: /home/alex/Desktop/Robot/grupo_07_kuka_kr7_r900_3_ws/install/kuka_agilus_support/share/kuka_agilus_support/meshes/kr6_r700_2/collision/link_5.stl
-- Symlinking: /home/alex/Desktop/Robot/grupo_07_kuka_kr7_r900_3_ws/install/kuka_agilus_support/share/kuka_agilus_support/meshes/kr6_r700_2/collision/link_6.stl
-- Symlinking: /home/alex/Desktop/Robot/grupo_07_kuka_kr7_r900_3_ws/install/kuka_agilus_support/share/kuka_agilus_support/meshes/kr6_r700_2/visual/base_link.dae
-- Symlinking: /home/alex/Desktop/Robot/grupo_07_kuka_kr7_r900_3_ws/install/kuka_agilus_support/share/kuka_agilus_support/meshes/kr6_r700_2/visual/link_1.dae
-- Symlinking: /home/alex/Desktop/Robot/grupo_07_kuka_kr7_r900_3_ws/install/kuka_agilus_support/share/kuka_agilus_support/meshes/kr6_r700_2/visual/link_2.dae
-- Symlinking: /home/alex/Desktop/Robot/grupo_07_kuka_kr7_r900_3_ws/install/kuka_agilus_support/share/kuka_agilus_support/meshes/kr6_r700_2/visual/link_3.dae
-- Symlinking: /home/alex/Desktop/Robot/grupo_07_kuka_kr7_r900_3_ws/install/kuka_agilus_support/share/kuka_agilus_support/meshes/kr6_r700_2/visual/link_4.dae
-- Symlinking: /home/alex/Desktop/Robot/grupo_07_kuka_kr7_r900_3_ws/install/kuka_agilus_support/share/kuka_agilus_support/meshes/kr6_r700_2/visual/link_5.dae
-- Symlinking: /home/alex/Desktop/Robot/grupo_07_kuka_kr7_r900_3_ws/install/kuka_agilus_support/share/kuka_agilus_support/meshes/kr6_r700_2/visual/link_6.dae
-- Symlinking: /home/alex/Desktop/Robot/grupo_07_kuka_kr7_r900_3_ws/install/kuka_agilus_support/share/kuka_agilus_support/meshes/kr6_r700_sixx/collision/base_link.stl
-- Symlinking: /home/alex/Desktop/Robot/grupo_07_kuka_kr7_r900_3_ws/install/kuka_agilus_support/share/kuka_agilus_support/meshes/kr6_r700_sixx/collision/link_1.stl
-- Symlinking: /home/alex/Desktop/Robot/grupo_07_kuka_kr7_r900_3_ws/install/kuka_agilus_support/share/kuka_agilus_support/meshes/kr6_r700_sixx/collision/link_2.stl
-- Symlinking: /home/alex/Desktop/Robot/grupo_07_kuka_kr7_r900_3_ws/install/kuka_agilus_support/share/kuka_agilus_support/meshes/kr6_r700_sixx/collision/link_3.stl
-- Symlinking: /home/alex/Desktop/Robot/grupo_07_kuka_kr7_r900_3_ws/install/kuka_agilus_support/share/kuka_agilus_support/meshes/kr6_r700_sixx/collision/link_4.stl
-- Symlinking: /home/alex/Desktop/Robot/grupo_07_kuka_kr7_r900_3_ws/install/kuka_agilus_support/share/kuka_agilus_support/meshes/kr6_r700_sixx/collision/link_5.stl
-- Symlinking: /home/alex/Desktop/Robot/grupo_07_kuka_kr7_r900_3_ws/install/kuka_agilus_support/share/kuka_agilus_support/meshes/kr6_r700_sixx/collision/link_6.stl
-- Symlinking: /home/alex/Desktop/Robot/grupo_07_kuka_kr7_r900_3_ws/install/kuka_agilus_support/share/kuka_agilus_support/meshes/kr6_r700_sixx/visual/base_link.dae
-- Symlinking: /home/alex/Desktop/Robot/grupo_07_kuka_kr7_r900_3_ws/install/kuka_agilus_support/share/kuka_agilus_support/meshes/kr6_r700_sixx/visual/link_1.dae
-- Symlinking: /home/alex/Desktop/Robot/grupo_07_kuka_kr7_r900_3_ws/install/kuka_agilus_support/share/kuka_agilus_support/meshes/kr6_r700_sixx/visual/link_2.dae
-- Symlinking: /home/alex/Desktop/Robot/grupo_07_kuka_kr7_r900_3_ws/install/kuka_agilus_support/share/kuka_agilus_support/meshes/kr6_r700_sixx/visual/link_3.dae
-- Symlinking: /home/alex/Desktop/Robot/grupo_07_kuka_kr7_r900_3_ws/install/kuka_agilus_support/share/kuka_agilus_support/meshes/kr6_r700_sixx/visual/link_4.dae
-- Symlinking: /home/alex/Desktop/Robot/grupo_07_kuka_kr7_r900_3_ws/install/kuka_agilus_support/share/kuka_agilus_support/meshes/kr6_r700_sixx/visual/link_5.dae
-- Symlinking: /home/alex/Desktop/Robot/grupo_07_kuka_kr7_r900_3_ws/install/kuka_agilus_support/share/kuka_agilus_support/meshes/kr6_r700_sixx/visual/link_6.dae
-- Symlinking: /home/alex/Desktop/Robot/grupo_07_kuka_kr7_r900_3_ws/install/kuka_agilus_support/share/kuka_agilus_support/meshes/kr6_r900_2/collision/base_link.stl
-- Symlinking: /home/alex/Desktop/Robot/grupo_07_kuka_kr7_r900_3_ws/install/kuka_agilus_support/share/kuka_agilus_support/meshes/kr6_r900_2/collision/link_1.stl
-- Symlinking: /home/alex/Desktop/Robot/grupo_07_kuka_kr7_r900_3_ws/install/kuka_agilus_support/share/kuka_agilus_support/meshes/kr6_r900_2/collision/link_2.stl
-- Symlinking: /home/alex/Desktop/Robot/grupo_07_kuka_kr7_r900_3_ws/install/kuka_agilus_support/share/kuka_agilus_support/meshes/kr6_r900_2/collision/link_3.stl
-- Symlinking: /home/alex/Desktop/Robot/grupo_07_kuka_kr7_r900_3_ws/install/kuka_agilus_support/share/kuka_agilus_support/meshes/kr6_r900_2/collision/link_4.stl
-- Symlinking: /home/alex/Desktop/Robot/grupo_07_kuka_kr7_r900_3_ws/install/kuka_agilus_support/share/kuka_agilus_support/meshes/kr6_r900_2/collision/link_5.stl
-- Symlinking: /home/alex/Desktop/Robot/grupo_07_kuka_kr7_r900_3_ws/install/kuka_agilus_support/share/kuka_agilus_support/meshes/kr6_r900_2/collision/link_6.stl
-- Symlinking: /home/alex/Desktop/Robot/grupo_07_kuka_kr7_r900_3_ws/install/kuka_agilus_support/share/kuka_agilus_support/meshes/kr6_r900_2/visual/base_link.dae
-- Symlinking: /home/alex/Desktop/Robot/grupo_07_kuka_kr7_r900_3_ws/install/kuka_agilus_support/share/kuka_agilus_support/meshes/kr6_r900_2/visual/link_1.dae
-- Symlinking: /home/alex/Desktop/Robot/grupo_07_kuka_kr7_r900_3_ws/install/kuka_agilus_support/share/kuka_agilus_support/meshes/kr6_r900_2/visual/link_2.dae
-- Symlinking: /home/alex/Desktop/Robot/grupo_07_kuka_kr7_r900_3_ws/install/kuka_agilus_support/share/kuka_agilus_support/meshes/kr6_r900_2/visual/link_3.dae
-- Symlinking: /home/alex/Desktop/Robot/grupo_07_kuka_kr7_r900_3_ws/install/kuka_agilus_support/share/kuka_agilus_support/meshes/kr6_r900_2/visual/link_4.dae
-- Symlinking: /home/alex/Desktop/Robot/grupo_07_kuka_kr7_r900_3_ws/install/kuka_agilus_support/share/kuka_agilus_support/meshes/kr6_r900_2/visual/link_5.dae
-- Symlinking: /home/alex/Desktop/Robot/grupo_07_kuka_kr7_r900_3_ws/install/kuka_agilus_support/share/kuka_agilus_support/meshes/kr6_r900_2/visual/link_6.dae
-- Symlinking: /home/alex/Desktop/Robot/grupo_07_kuka_kr7_r900_3_ws/install/kuka_agilus_support/share/kuka_agilus_support/meshes/kr6_r900_sixx/collision/base_link.stl
-- Symlinking: /home/alex/Desktop/Robot/grupo_07_kuka_kr7_r900_3_ws/install/kuka_agilus_support/share/kuka_agilus_support/meshes/kr6_r900_sixx/collision/link_1.stl
-- Symlinking: /home/alex/Desktop/Robot/grupo_07_kuka_kr7_r900_3_ws/install/kuka_agilus_support/share/kuka_agilus_support/meshes/kr6_r900_sixx/collision/link_2.stl
-- Symlinking: /home/alex/Desktop/Robot/grupo_07_kuka_kr7_r900_3_ws/install/kuka_agilus_support/share/kuka_agilus_support/meshes/kr6_r900_sixx/collision/link_3.stl
-- Symlinking: /home/alex/Desktop/Robot/grupo_07_kuka_kr7_r900_3_ws/install/kuka_agilus_support/share/kuka_agilus_support/meshes/kr6_r900_sixx/collision/link_4.stl
-- Symlinking: /home/alex/Desktop/Robot/grupo_07_kuka_kr7_r900_3_ws/install/kuka_agilus_support/share/kuka_agilus_support/meshes/kr6_r900_sixx/collision/link_5.stl
-- Symlinking: /home/alex/Desktop/Robot/grupo_07_kuka_kr7_r900_3_ws/install/kuka_agilus_support/share/kuka_agilus_support/meshes/kr6_r900_sixx/collision/link_6.stl
-- Symlinking: /home/alex/Desktop/Robot/grupo_07_kuka_kr7_r900_3_ws/install/kuka_agilus_support/share/kuka_agilus_support/meshes/kr6_r900_sixx/visual/base_link.dae
-- Symlinking: /home/alex/Desktop/Robot/grupo_07_kuka_kr7_r900_3_ws/install/kuka_agilus_support/share/kuka_agilus_support/meshes/kr6_r900_sixx/visual/link_1.dae
-- Symlinking: /home/alex/Desktop/Robot/grupo_07_kuka_kr7_r900_3_ws/install/kuka_agilus_support/share/kuka_agilus_support/meshes/kr6_r900_sixx/visual/link_2.dae
-- Symlinking: /home/alex/Desktop/Robot/grupo_07_kuka_kr7_r900_3_ws/install/kuka_agilus_support/share/kuka_agilus_support/meshes/kr6_r900_sixx/visual/link_3.dae
-- Symlinking: /home/alex/Desktop/Robot/grupo_07_kuka_kr7_r900_3_ws/install/kuka_agilus_support/share/kuka_agilus_support/meshes/kr6_r900_sixx/visual/link_4.dae
-- Symlinking: /home/alex/Desktop/Robot/grupo_07_kuka_kr7_r900_3_ws/install/kuka_agilus_support/share/kuka_agilus_support/meshes/kr6_r900_sixx/visual/link_5.dae
-- Symlinking: /home/alex/Desktop/Robot/grupo_07_kuka_kr7_r900_3_ws/install/kuka_agilus_support/share/kuka_agilus_support/meshes/kr6_r900_sixx/visual/link_6.dae
-- Symlinking: /home/alex/Desktop/Robot/grupo_07_kuka_kr7_r900_3_ws/install/kuka_agilus_support/share/kuka_agilus_support/meshes/kr7_r900_3/collision/base_link.stl
-- Symlinking: /home/alex/Desktop/Robot/grupo_07_kuka_kr7_r900_3_ws/install/kuka_agilus_support/share/kuka_agilus_support/meshes/kr7_r900_3/collision/link_1.stl
-- Symlinking: /home/alex/Desktop/Robot/grupo_07_kuka_kr7_r900_3_ws/install/kuka_agilus_support/share/kuka_agilus_support/meshes/kr7_r900_3/collision/link_2.stl
-- Symlinking: /home/alex/Desktop/Robot/grupo_07_kuka_kr7_r900_3_ws/install/kuka_agilus_support/share/kuka_agilus_support/meshes/kr7_r900_3/collision/link_3.stl
-- Symlinking: /home/alex/Desktop/Robot/grupo_07_kuka_kr7_r900_3_ws/install/kuka_agilus_support/share/kuka_agilus_support/meshes/kr7_r900_3/collision/link_4.stl
-- Symlinking: /home/alex/Desktop/Robot/grupo_07_kuka_kr7_r900_3_ws/install/kuka_agilus_support/share/kuka_agilus_support/meshes/kr7_r900_3/collision/link_5.stl
-- Symlinking: /home/alex/Desktop/Robot/grupo_07_kuka_kr7_r900_3_ws/install/kuka_agilus_support/share/kuka_agilus_support/meshes/kr7_r900_3/collision/link_6.stl
-- Symlinking: /home/alex/Desktop/Robot/grupo_07_kuka_kr7_r900_3_ws/install/kuka_agilus_support/share/kuka_agilus_support/meshes/kr7_r900_3/visual/base_link.dae
-- Symlinking: /home/alex/Desktop/Robot/grupo_07_kuka_kr7_r900_3_ws/install/kuka_agilus_support/share/kuka_agilus_support/meshes/kr7_r900_3/visual/link_1.dae
-- Symlinking: /home/alex/Desktop/Robot/grupo_07_kuka_kr7_r900_3_ws/install/kuka_agilus_support/share/kuka_agilus_support/meshes/kr7_r900_3/visual/link_2.dae
-- Symlinking: /home/alex/Desktop/Robot/grupo_07_kuka_kr7_r900_3_ws/install/kuka_agilus_support/share/kuka_agilus_support/meshes/kr7_r900_3/visual/link_3.dae
-- Symlinking: /home/alex/Desktop/Robot/grupo_07_kuka_kr7_r900_3_ws/install/kuka_agilus_support/share/kuka_agilus_support/meshes/kr7_r900_3/visual/link_4.dae
-- Symlinking: /home/alex/Desktop/Robot/grupo_07_kuka_kr7_r900_3_ws/install/kuka_agilus_support/share/kuka_agilus_support/meshes/kr7_r900_3/visual/link_5.dae
-- Symlinking: /home/alex/Desktop/Robot/grupo_07_kuka_kr7_r900_3_ws/install/kuka_agilus_support/share/kuka_agilus_support/meshes/kr7_r900_3/visual/link_6.dae
-- Symlinking: /home/alex/Desktop/Robot/grupo_07_kuka_kr7_r900_3_ws/install/kuka_agilus_support/share/kuka_agilus_support/urdf/kr10_r1100_2.urdf.xacro
-- Symlinking: /home/alex/Desktop/Robot/grupo_07_kuka_kr7_r900_3_ws/install/kuka_agilus_support/share/kuka_agilus_support/urdf/kr10_r1100_2_macro.xacro
-- Symlinking: /home/alex/Desktop/Robot/grupo_07_kuka_kr7_r900_3_ws/install/kuka_agilus_support/share/kuka_agilus_support/urdf/kr10_r1100_3.urdf.xacro
-- Symlinking: /home/alex/Desktop/Robot/grupo_07_kuka_kr7_r900_3_ws/install/kuka_agilus_support/share/kuka_agilus_support/urdf/kr10_r1100_3_macro.xacro
-- Symlinking: /home/alex/Desktop/Robot/grupo_07_kuka_kr7_r900_3_ws/install/kuka_agilus_support/share/kuka_agilus_support/urdf/kr10_r900_2.urdf.xacro
-- Symlinking: /home/alex/Desktop/Robot/grupo_07_kuka_kr7_r900_3_ws/install/kuka_agilus_support/share/kuka_agilus_support/urdf/kr10_r900_2_macro.xacro
-- Symlinking: /home/alex/Desktop/Robot/grupo_07_kuka_kr7_r900_3_ws/install/kuka_agilus_support/share/kuka_agilus_support/urdf/kr13_r900_3.urdf.xacro
-- Symlinking: /home/alex/Desktop/Robot/grupo_07_kuka_kr7_r900_3_ws/install/kuka_agilus_support/share/kuka_agilus_support/urdf/kr13_r900_3_macro.xacro
-- Symlinking: /home/alex/Desktop/Robot/grupo_07_kuka_kr7_r900_3_ws/install/kuka_agilus_support/share/kuka_agilus_support/urdf/kr16_r1100_3.urdf.xacro
-- Symlinking: /home/alex/Desktop/Robot/grupo_07_kuka_kr7_r900_3_ws/install/kuka_agilus_support/share/kuka_agilus_support/urdf/kr16_r1100_3_macro.xacro
-- Symlinking: /home/alex/Desktop/Robot/grupo_07_kuka_kr7_r900_3_ws/install/kuka_agilus_support/share/kuka_agilus_support/urdf/kr4_r600.urdf.xacro
-- Symlinking: /home/alex/Desktop/Robot/grupo_07_kuka_kr7_r900_3_ws/install/kuka_agilus_support/share/kuka_agilus_support/urdf/kr4_r600_macro.xacro
-- Symlinking: /home/alex/Desktop/Robot/grupo_07_kuka_kr7_r900_3_ws/install/kuka_agilus_support/share/kuka_agilus_support/urdf/kr6_r700_2.urdf.xacro
-- Symlinking: /home/alex/Desktop/Robot/grupo_07_kuka_kr7_r900_3_ws/install/kuka_agilus_support/share/kuka_agilus_support/urdf/kr6_r700_2_macro.xacro
-- Symlinking: /home/alex/Desktop/Robot/grupo_07_kuka_kr7_r900_3_ws/install/kuka_agilus_support/share/kuka_agilus_support/urdf/kr6_r700_sixx.urdf.xacro
-- Symlinking: /home/alex/Desktop/Robot/grupo_07_kuka_kr7_r900_3_ws/install/kuka_agilus_support/share/kuka_agilus_support/urdf/kr6_r700_sixx_macro.xacro
-- Symlinking: /home/alex/Desktop/Robot/grupo_07_kuka_kr7_r900_3_ws/install/kuka_agilus_support/share/kuka_agilus_support/urdf/kr6_r900_2.urdf.xacro
-- Symlinking: /home/alex/Desktop/Robot/grupo_07_kuka_kr7_r900_3_ws/install/kuka_agilus_support/share/kuka_agilus_support/urdf/kr6_r900_2_macro.xacro
-- Symlinking: /home/alex/Desktop/Robot/grupo_07_kuka_kr7_r900_3_ws/install/kuka_agilus_support/share/kuka_agilus_support/urdf/kr6_r900_sixx.urdf.xacro
-- Symlinking: /home/alex/Desktop/Robot/grupo_07_kuka_kr7_r900_3_ws/install/kuka_agilus_support/share/kuka_agilus_support/urdf/kr6_r900_sixx_macro.xacro
-- Symlinking: /home/alex/Desktop/Robot/grupo_07_kuka_kr7_r900_3_ws/install/kuka_agilus_support/share/kuka_agilus_support/urdf/kr7_r900_3.urdf.xacro
-- Symlinking: /home/alex/Desktop/Robot/grupo_07_kuka_kr7_r900_3_ws/install/kuka_agilus_support/share/kuka_agilus_support/urdf/kr7_r900_3_macro.xacro
-- Symlinking: /home/alex/Desktop/Robot/grupo_07_kuka_kr7_r900_3_ws/install/kuka_agilus_support/share/kuka_agilus_support/urdf/kr_agilus_ros2_control_macro.xacro
-- Symlinking: /home/alex/Desktop/Robot/grupo_07_kuka_kr7_r900_3_ws/install/kuka_agilus_support/share/kuka_agilus_support/environment/kuka_agilus_support.dsv
-- Symlinking: /home/alex/Desktop/Robot/grupo_07_kuka_kr7_r900_3_ws/install/kuka_agilus_support/share/ament_index/resource_index/package_run_dependencies/kuka_agilus_support
-- Symlinking: /home/alex/Desktop/Robot/grupo_07_kuka_kr7_r900_3_ws/install/kuka_agilus_support/share/ament_index/resource_index/parent_prefix_path/kuka_agilus_support
-- Symlinking: /home/alex/Desktop/Robot/grupo_07_kuka_kr7_r900_3_ws/install/kuka_agilus_support/share/kuka_agilus_support/environment/ament_prefix_path.sh
-- Symlinking: /home/alex/Desktop/Robot/grupo_07_kuka_kr7_r900_3_ws/install/kuka_agilus_support/share/kuka_agilus_support/environment/ament_prefix_path.dsv
-- Symlinking: /home/alex/Desktop/Robot/grupo_07_kuka_kr7_r900_3_ws/install/kuka_agilus_support/share/kuka_agilus_support/environment/path.sh
-- Symlinking: /home/alex/Desktop/Robot/grupo_07_kuka_kr7_r900_3_ws/install/kuka_agilus_support/share/kuka_agilus_support/environment/path.dsv
-- Symlinking: /home/alex/Desktop/Robot/grupo_07_kuka_kr7_r900_3_ws/install/kuka_agilus_support/share/kuka_agilus_support/local_setup.bash
-- Symlinking: /home/alex/Desktop/Robot/grupo_07_kuka_kr7_r900_3_ws/install/kuka_agilus_support/share/kuka_agilus_support/local_setup.sh
-- Symlinking: /home/alex/Desktop/Robot/grupo_07_kuka_kr7_r900_3_ws/install/kuka_agilus_support/share/kuka_agilus_support/local_setup.zsh
-- Symlinking: /home/alex/Desktop/Robot/grupo_07_kuka_kr7_r900_3_ws/install/kuka_agilus_support/share/kuka_agilus_support/local_setup.dsv
-- Symlinking: /home/alex/Desktop/Robot/grupo_07_kuka_kr7_r900_3_ws/install/kuka_agilus_support/share/kuka_agilus_support/package.dsv
-- Symlinking: /home/alex/Desktop/Robot/grupo_07_kuka_kr7_r900_3_ws/install/kuka_agilus_support/share/ament_index/resource_index/packages/kuka_agilus_support
-- Symlinking: /home/alex/Desktop/Robot/grupo_07_kuka_kr7_r900_3_ws/install/kuka_agilus_support/share/kuka_agilus_support/cmake/kuka_agilus_supportConfig.cmake
-- Symlinking: /home/alex/Desktop/Robot/grupo_07_kuka_kr7_r900_3_ws/install/kuka_agilus_support/share/kuka_agilus_support/cmake/kuka_agilus_supportConfig-version.cmake
-- Symlinking: /home/alex/Desktop/Robot/grupo_07_kuka_kr7_r900_3_ws/install/kuka_agilus_support/share/kuka_agilus_support/package.xml
