[0.007s] Invoking command in '/home/alex/Desktop/Robot/grupo_07_kuka_kr7_r900_3_ws/build/grupo07_kuka_kr7_bringup': AMENT_PREFIX_PATH=/home/alex/Desktop/Robot/grupo_07_kuka_kr7_r900_3_ws/install/kuka_agilus_support:/home/alex/Desktop/Robot/grupo_07_kuka_kr7_r900_3_ws/install/kuka_resources:${AMENT_PREFIX_PATH} CMAKE_PREFIX_PATH=/home/alex/Desktop/Robot/grupo_07_kuka_kr7_r900_3_ws/install/kuka_agilus_support:/home/alex/Desktop/Robot/grupo_07_kuka_kr7_r900_3_ws/install/kuka_resources:/opt/ros/jazzy/opt/gz_sim_vendor:/opt/ros/jazzy/opt/gz_sensors_vendor:/opt/ros/jazzy/opt/gz_physics_vendor:/opt/ros/jazzy/opt/sdformat_vendor:/opt/ros/jazzy/opt/gz_gui_vendor:/opt/ros/jazzy/opt/gz_transport_vendor:/opt/ros/jazzy/opt/gz_rendering_vendor:/opt/ros/jazzy/opt/gz_plugin_vendor:/opt/ros/jazzy/opt/gz_fuel_tools_vendor:/opt/ros/jazzy/opt/gz_msgs_vendor:/opt/ros/jazzy/opt/gz_common_vendor:/opt/ros/jazzy/opt/gz_math_vendor:/opt/ros/jazzy/opt/gz_utils_vendor:/opt/ros/jazzy/opt/gz_tools_vendor:/opt/ros/jazzy/opt/gz_ogre_next_vendor:/opt/ros/jazzy/opt/gz_dartsim_vendor:/opt/ros/jazzy/opt/gz_cmake_vendor:/opt/ros/jazzy DEBUGINFOD_URLS=https://debuginfod.ubuntu.com /usr/bin/cmake /home/alex/Desktop/Robot/grupo_07_kuka_kr7_r900_3_ws/src/grupo07_kuka_kr7_bringup -DAMENT_CMAKE_SYMLINK_INSTALL=1 -DCMAKE_INSTALL_PREFIX=/home/alex/Desktop/Robot/grupo_07_kuka_kr7_r900_3_ws/install/grupo07_kuka_kr7_bringup
[0.059s] -- The C compiler identification is GNU 13.3.0
[0.106s] -- The CXX compiler identification is GNU 13.3.0
[0.123s] -- Detecting C compiler ABI info
[0.208s] -- Detecting C compiler ABI info - done
[0.215s] -- Check for working C compiler: /usr/bin/cc - skipped
[0.216s] -- Detecting C compile features
[0.216s] -- Detecting C compile features - done
[0.225s] -- Detecting CXX compiler ABI info
[0.322s] -- Detecting CXX compiler ABI info - done
[0.330s] -- Check for working CXX compiler: /usr/bin/c++ - skipped
[0.330s] -- Detecting CXX compile features
[0.332s] -- Detecting CXX compile features - done
[0.335s] -- Found ament_cmake: 2.5.6 (/opt/ros/jazzy/share/ament_cmake/cmake)
[0.477s] -- Found Python3: /usr/bin/python3 (found version "3.12.3") found components: Interpreter 
[0.547s] -- Override CMake install command with custom implementation using symlinks instead of copying resources
[0.680s] -- Configuring done (0.7s)
[0.683s] -- Generating done (0.0s)
[0.684s] -- Build files have been written to: /home/alex/Desktop/Robot/grupo_07_kuka_kr7_r900_3_ws/build/grupo07_kuka_kr7_bringup
[0.689s] Invoked command in '/home/alex/Desktop/Robot/grupo_07_kuka_kr7_r900_3_ws/build/grupo07_kuka_kr7_bringup' returned '0': AMENT_PREFIX_PATH=/home/alex/Desktop/Robot/grupo_07_kuka_kr7_r900_3_ws/install/kuka_agilus_support:/home/alex/Desktop/Robot/grupo_07_kuka_kr7_r900_3_ws/install/kuka_resources:${AMENT_PREFIX_PATH} CMAKE_PREFIX_PATH=/home/alex/Desktop/Robot/grupo_07_kuka_kr7_r900_3_ws/install/kuka_agilus_support:/home/alex/Desktop/Robot/grupo_07_kuka_kr7_r900_3_ws/install/kuka_resources:/opt/ros/jazzy/opt/gz_sim_vendor:/opt/ros/jazzy/opt/gz_sensors_vendor:/opt/ros/jazzy/opt/gz_physics_vendor:/opt/ros/jazzy/opt/sdformat_vendor:/opt/ros/jazzy/opt/gz_gui_vendor:/opt/ros/jazzy/opt/gz_transport_vendor:/opt/ros/jazzy/opt/gz_rendering_vendor:/opt/ros/jazzy/opt/gz_plugin_vendor:/opt/ros/jazzy/opt/gz_fuel_tools_vendor:/opt/ros/jazzy/opt/gz_msgs_vendor:/opt/ros/jazzy/opt/gz_common_vendor:/opt/ros/jazzy/opt/gz_math_vendor:/opt/ros/jazzy/opt/gz_utils_vendor:/opt/ros/jazzy/opt/gz_tools_vendor:/opt/ros/jazzy/opt/gz_ogre_next_vendor:/opt/ros/jazzy/opt/gz_dartsim_vendor:/opt/ros/jazzy/opt/gz_cmake_vendor:/opt/ros/jazzy DEBUGINFOD_URLS=https://debuginfod.ubuntu.com /usr/bin/cmake /home/alex/Desktop/Robot/grupo_07_kuka_kr7_r900_3_ws/src/grupo07_kuka_kr7_bringup -DAMENT_CMAKE_SYMLINK_INSTALL=1 -DCMAKE_INSTALL_PREFIX=/home/alex/Desktop/Robot/grupo_07_kuka_kr7_r900_3_ws/install/grupo07_kuka_kr7_bringup
[0.690s] Invoking command in '/home/alex/Desktop/Robot/grupo_07_kuka_kr7_r900_3_ws/build/grupo07_kuka_kr7_bringup': AMENT_PREFIX_PATH=/home/alex/Desktop/Robot/grupo_07_kuka_kr7_r900_3_ws/install/kuka_agilus_support:/home/alex/Desktop/Robot/grupo_07_kuka_kr7_r900_3_ws/install/kuka_resources:${AMENT_PREFIX_PATH} CMAKE_PREFIX_PATH=/home/alex/Desktop/Robot/grupo_07_kuka_kr7_r900_3_ws/install/kuka_agilus_support:/home/alex/Desktop/Robot/grupo_07_kuka_kr7_r900_3_ws/install/kuka_resources:/opt/ros/jazzy/opt/gz_sim_vendor:/opt/ros/jazzy/opt/gz_sensors_vendor:/opt/ros/jazzy/opt/gz_physics_vendor:/opt/ros/jazzy/opt/sdformat_vendor:/opt/ros/jazzy/opt/gz_gui_vendor:/opt/ros/jazzy/opt/gz_transport_vendor:/opt/ros/jazzy/opt/gz_rendering_vendor:/opt/ros/jazzy/opt/gz_plugin_vendor:/opt/ros/jazzy/opt/gz_fuel_tools_vendor:/opt/ros/jazzy/opt/gz_msgs_vendor:/opt/ros/jazzy/opt/gz_common_vendor:/opt/ros/jazzy/opt/gz_math_vendor:/opt/ros/jazzy/opt/gz_utils_vendor:/opt/ros/jazzy/opt/gz_tools_vendor:/opt/ros/jazzy/opt/gz_ogre_next_vendor:/opt/ros/jazzy/opt/gz_dartsim_vendor:/opt/ros/jazzy/opt/gz_cmake_vendor:/opt/ros/jazzy DEBUGINFOD_URLS=https://debuginfod.ubuntu.com /usr/bin/cmake --build /home/alex/Desktop/Robot/grupo_07_kuka_kr7_r900_3_ws/build/grupo07_kuka_kr7_bringup -- -j16 -l16
[0.732s] Invoked command in '/home/alex/Desktop/Robot/grupo_07_kuka_kr7_r900_3_ws/build/grupo07_kuka_kr7_bringup' returned '0': AMENT_PREFIX_PATH=/home/alex/Desktop/Robot/grupo_07_kuka_kr7_r900_3_ws/install/kuka_agilus_support:/home/alex/Desktop/Robot/grupo_07_kuka_kr7_r900_3_ws/install/kuka_resources:${AMENT_PREFIX_PATH} CMAKE_PREFIX_PATH=/home/alex/Desktop/Robot/grupo_07_kuka_kr7_r900_3_ws/install/kuka_agilus_support:/home/alex/Desktop/Robot/grupo_07_kuka_kr7_r900_3_ws/install/kuka_resources:/opt/ros/jazzy/opt/gz_sim_vendor:/opt/ros/jazzy/opt/gz_sensors_vendor:/opt/ros/jazzy/opt/gz_physics_vendor:/opt/ros/jazzy/opt/sdformat_vendor:/opt/ros/jazzy/opt/gz_gui_vendor:/opt/ros/jazzy/opt/gz_transport_vendor:/opt/ros/jazzy/opt/gz_rendering_vendor:/opt/ros/jazzy/opt/gz_plugin_vendor:/opt/ros/jazzy/opt/gz_fuel_tools_vendor:/opt/ros/jazzy/opt/gz_msgs_vendor:/opt/ros/jazzy/opt/gz_common_vendor:/opt/ros/jazzy/opt/gz_math_vendor:/opt/ros/jazzy/opt/gz_utils_vendor:/opt/ros/jazzy/opt/gz_tools_vendor:/opt/ros/jazzy/opt/gz_ogre_next_vendor:/opt/ros/jazzy/opt/gz_dartsim_vendor:/opt/ros/jazzy/opt/gz_cmake_vendor:/opt/ros/jazzy DEBUGINFOD_URLS=https://debuginfod.ubuntu.com /usr/bin/cmake --build /home/alex/Desktop/Robot/grupo_07_kuka_kr7_r900_3_ws/build/grupo07_kuka_kr7_bringup -- -j16 -l16
[0.733s] Invoking command in '/home/alex/Desktop/Robot/grupo_07_kuka_kr7_r900_3_ws/build/grupo07_kuka_kr7_bringup': AMENT_PREFIX_PATH=/home/alex/Desktop/Robot/grupo_07_kuka_kr7_r900_3_ws/install/kuka_agilus_support:/home/alex/Desktop/Robot/grupo_07_kuka_kr7_r900_3_ws/install/kuka_resources:${AMENT_PREFIX_PATH} CMAKE_PREFIX_PATH=/home/alex/Desktop/Robot/grupo_07_kuka_kr7_r900_3_ws/install/kuka_agilus_support:/home/alex/Desktop/Robot/grupo_07_kuka_kr7_r900_3_ws/install/kuka_resources:/opt/ros/jazzy/opt/gz_sim_vendor:/opt/ros/jazzy/opt/gz_sensors_vendor:/opt/ros/jazzy/opt/gz_physics_vendor:/opt/ros/jazzy/opt/sdformat_vendor:/opt/ros/jazzy/opt/gz_gui_vendor:/opt/ros/jazzy/opt/gz_transport_vendor:/opt/ros/jazzy/opt/gz_rendering_vendor:/opt/ros/jazzy/opt/gz_plugin_vendor:/opt/ros/jazzy/opt/gz_fuel_tools_vendor:/opt/ros/jazzy/opt/gz_msgs_vendor:/opt/ros/jazzy/opt/gz_common_vendor:/opt/ros/jazzy/opt/gz_math_vendor:/opt/ros/jazzy/opt/gz_utils_vendor:/opt/ros/jazzy/opt/gz_tools_vendor:/opt/ros/jazzy/opt/gz_ogre_next_vendor:/opt/ros/jazzy/opt/gz_dartsim_vendor:/opt/ros/jazzy/opt/gz_cmake_vendor:/opt/ros/jazzy DEBUGINFOD_URLS=https://debuginfod.ubuntu.com /usr/bin/cmake --install /home/alex/Desktop/Robot/grupo_07_kuka_kr7_r900_3_ws/build/grupo07_kuka_kr7_bringup
[0.743s] -- Install configuration: ""
[0.744s] -- Execute custom install script
[0.745s] -- Symlinking: /home/alex/Desktop/Robot/grupo_07_kuka_kr7_r900_3_ws/install/grupo07_kuka_kr7_bringup/share/grupo07_kuka_kr7_bringup/launch/display.launch.py
[0.756s] -- Symlinking: /home/alex/Desktop/Robot/grupo_07_kuka_kr7_r900_3_ws/install/grupo07_kuka_kr7_bringup/share/ament_index/resource_index/package_run_dependencies/grupo07_kuka_kr7_bringup
[0.766s] -- Symlinking: /home/alex/Desktop/Robot/grupo_07_kuka_kr7_r900_3_ws/install/grupo07_kuka_kr7_bringup/share/ament_index/resource_index/parent_prefix_path/grupo07_kuka_kr7_bringup
[0.776s] -- Symlinking: /home/alex/Desktop/Robot/grupo_07_kuka_kr7_r900_3_ws/install/grupo07_kuka_kr7_bringup/share/grupo07_kuka_kr7_bringup/environment/ament_prefix_path.sh
[0.785s] -- Symlinking: /home/alex/Desktop/Robot/grupo_07_kuka_kr7_r900_3_ws/install/grupo07_kuka_kr7_bringup/share/grupo07_kuka_kr7_bringup/environment/ament_prefix_path.dsv
[0.794s] -- Symlinking: /home/alex/Desktop/Robot/grupo_07_kuka_kr7_r900_3_ws/install/grupo07_kuka_kr7_bringup/share/grupo07_kuka_kr7_bringup/environment/path.sh
[0.804s] -- Symlinking: /home/alex/Desktop/Robot/grupo_07_kuka_kr7_r900_3_ws/install/grupo07_kuka_kr7_bringup/share/grupo07_kuka_kr7_bringup/environment/path.dsv
[0.815s] -- Symlinking: /home/alex/Desktop/Robot/grupo_07_kuka_kr7_r900_3_ws/install/grupo07_kuka_kr7_bringup/share/grupo07_kuka_kr7_bringup/local_setup.bash
[0.824s] -- Symlinking: /home/alex/Desktop/Robot/grupo_07_kuka_kr7_r900_3_ws/install/grupo07_kuka_kr7_bringup/share/grupo07_kuka_kr7_bringup/local_setup.sh
[0.834s] -- Symlinking: /home/alex/Desktop/Robot/grupo_07_kuka_kr7_r900_3_ws/install/grupo07_kuka_kr7_bringup/share/grupo07_kuka_kr7_bringup/local_setup.zsh
[0.843s] -- Symlinking: /home/alex/Desktop/Robot/grupo_07_kuka_kr7_r900_3_ws/install/grupo07_kuka_kr7_bringup/share/grupo07_kuka_kr7_bringup/local_setup.dsv
[0.852s] -- Symlinking: /home/alex/Desktop/Robot/grupo_07_kuka_kr7_r900_3_ws/install/grupo07_kuka_kr7_bringup/share/grupo07_kuka_kr7_bringup/package.dsv
[0.863s] -- Symlinking: /home/alex/Desktop/Robot/grupo_07_kuka_kr7_r900_3_ws/install/grupo07_kuka_kr7_bringup/share/ament_index/resource_index/packages/grupo07_kuka_kr7_bringup
[0.872s] -- Symlinking: /home/alex/Desktop/Robot/grupo_07_kuka_kr7_r900_3_ws/install/grupo07_kuka_kr7_bringup/share/grupo07_kuka_kr7_bringup/cmake/grupo07_kuka_kr7_bringupConfig.cmake
[0.882s] -- Symlinking: /home/alex/Desktop/Robot/grupo_07_kuka_kr7_r900_3_ws/install/grupo07_kuka_kr7_bringup/share/grupo07_kuka_kr7_bringup/cmake/grupo07_kuka_kr7_bringupConfig-version.cmake
[0.891s] -- Symlinking: /home/alex/Desktop/Robot/grupo_07_kuka_kr7_r900_3_ws/install/grupo07_kuka_kr7_bringup/share/grupo07_kuka_kr7_bringup/package.xml
[0.903s] Invoked command in '/home/alex/Desktop/Robot/grupo_07_kuka_kr7_r900_3_ws/build/grupo07_kuka_kr7_bringup' returned '0': AMENT_PREFIX_PATH=/home/alex/Desktop/Robot/grupo_07_kuka_kr7_r900_3_ws/install/kuka_agilus_support:/home/alex/Desktop/Robot/grupo_07_kuka_kr7_r900_3_ws/install/kuka_resources:${AMENT_PREFIX_PATH} CMAKE_PREFIX_PATH=/home/alex/Desktop/Robot/grupo_07_kuka_kr7_r900_3_ws/install/kuka_agilus_support:/home/alex/Desktop/Robot/grupo_07_kuka_kr7_r900_3_ws/install/kuka_resources:/opt/ros/jazzy/opt/gz_sim_vendor:/opt/ros/jazzy/opt/gz_sensors_vendor:/opt/ros/jazzy/opt/gz_physics_vendor:/opt/ros/jazzy/opt/sdformat_vendor:/opt/ros/jazzy/opt/gz_gui_vendor:/opt/ros/jazzy/opt/gz_transport_vendor:/opt/ros/jazzy/opt/gz_rendering_vendor:/opt/ros/jazzy/opt/gz_plugin_vendor:/opt/ros/jazzy/opt/gz_fuel_tools_vendor:/opt/ros/jazzy/opt/gz_msgs_vendor:/opt/ros/jazzy/opt/gz_common_vendor:/opt/ros/jazzy/opt/gz_math_vendor:/opt/ros/jazzy/opt/gz_utils_vendor:/opt/ros/jazzy/opt/gz_tools_vendor:/opt/ros/jazzy/opt/gz_ogre_next_vendor:/opt/ros/jazzy/opt/gz_dartsim_vendor:/opt/ros/jazzy/opt/gz_cmake_vendor:/opt/ros/jazzy DEBUGINFOD_URLS=https://debuginfod.ubuntu.com /usr/bin/cmake --install /home/alex/Desktop/Robot/grupo_07_kuka_kr7_r900_3_ws/build/grupo07_kuka_kr7_bringup
