\BOOKMARK [1][-]{section.1}{\376\377\000R\000e\000q\000u\000i\000s\000i\000t\000o\000s\000\040\000m\000\355\000n\000i\000m\000o\000s\000\040\000d\000e\000\040\000l\000a\000\040\000e\000n\000t\000r\000e\000g\000a}{}% 1
\BOOKMARK [1][-]{section.2}{\376\377\000D\000e\000s\000c\000r\000i\000p\000c\000i\000\363\000n\000\040\000d\000e\000l\000\040\000r\000o\000b\000o\000t\000\040\000a\000s\000i\000g\000n\000a\000d\000o}{}% 2
\BOOKMARK [2][-]{subsection.2.1}{\376\377\000D\000a\000t\000o\000s\000\040\000g\000e\000n\000e\000r\000a\000l\000e\000s}{section.2}% 3
\BOOKMARK [2][-]{subsection.2.2}{\376\377\000C\000a\000d\000e\000n\000a\000\040\000c\000i\000n\000e\000m\000\341\000t\000i\000c\000a}{section.2}% 4
\BOOKMARK [1][-]{section.3}{\376\377\000A\000s\000i\000g\000n\000a\000c\000i\000\363\000n\000\040\000d\000e\000\040\000m\000a\000r\000c\000o\000s\000\040\000d\000e\000\040\000r\000e\000f\000e\000r\000e\000n\000c\000i\000a}{}% 5
\BOOKMARK [2][-]{subsection.3.1}{\376\377\000C\000o\000n\000v\000e\000n\000c\000i\000\363\000n\000\040\000u\000t\000i\000l\000i\000z\000a\000d\000a}{section.3}% 6
\BOOKMARK [1][-]{section.4}{\376\377\000P\000a\000r\000\341\000m\000e\000t\000r\000o\000s\000\040\000D\000e\000n\000a\000v\000i\000t\040\023\000H\000a\000r\000t\000e\000n\000b\000e\000r\000g}{}% 7
\BOOKMARK [2][-]{subsection.4.1}{\376\377\000V\000e\000r\000i\000f\000i\000c\000a\000c\000i\000\363\000n\000\040\000g\000e\000o\000m\000\351\000t\000r\000i\000c\000a\000\040\000d\000e\000\040\000l\000o\000s\000\040\000p\000a\000r\000\341\000m\000e\000t\000r\000o\000s}{section.4}% 8
\BOOKMARK [1][-]{section.5}{\376\377\000C\000i\000n\000e\000m\000\341\000t\000i\000c\000a\000\040\000d\000i\000r\000e\000c\000t\000a}{}% 9
\BOOKMARK [2][-]{subsection.5.1}{\376\377\000M\000a\000t\000r\000i\000c\000e\000s\000\040\000h\000o\000m\000o\000g\000\351\000n\000e\000a\000s\000\040\000i\000n\000d\000i\000v\000i\000d\000u\000a\000l\000e\000s}{section.5}% 10
\BOOKMARK [2][-]{subsection.5.2}{\376\377\000M\000a\000t\000r\000i\000z\000\040\000d\000e\000\040\000t\000r\000a\000n\000s\000f\000o\000r\000m\000a\000c\000i\000\363\000n\000\040\000t\000o\000t\000a\000l}{section.5}% 11
\BOOKMARK [2][-]{subsection.5.3}{\376\377\000P\000o\000s\000i\000c\000i\000\363\000n\000\040\000y\000\040\000o\000r\000i\000e\000n\000t\000a\000c\000i\000\363\000n\000\040\000d\000e\000l\000\040\000e\000f\000e\000c\000t\000o\000r}{section.5}% 12
\BOOKMARK [2][-]{subsection.5.4}{\376\377\000C\000o\000m\000p\000r\000o\000b\000a\000c\000i\000o\000n\000e\000s\000\040\000m\000a\000t\000e\000m\000\341\000t\000i\000c\000a\000s}{section.5}% 13
\BOOKMARK [1][-]{section.6}{\376\377\000J\000a\000c\000o\000b\000i\000a\000n\000o\000\040\000d\000e\000l\000\040\000m\000a\000n\000i\000p\000u\000l\000a\000d\000o\000r}{}% 14
\BOOKMARK [2][-]{subsection.6.1}{\376\377\000J\000a\000c\000o\000b\000i\000a\000n\000o\000\040\000u\000t\000i\000l\000i\000z\000a\000d\000o\000\040\000e\000n\000\040\000e\000l\000\040\000p\000r\000o\000y\000e\000c\000t\000o}{section.6}% 15
\BOOKMARK [2][-]{subsection.6.2}{\376\377\000C\000o\000n\000s\000i\000d\000e\000r\000a\000c\000i\000\363\000n\000\040\000d\000e\000\040\000s\000i\000n\000g\000u\000l\000a\000r\000i\000d\000a\000d\000e\000s}{section.6}% 16
\BOOKMARK [1][-]{section.7}{\376\377\000C\000i\000n\000e\000m\000\341\000t\000i\000c\000a\000\040\000i\000n\000v\000e\000r\000s\000a}{}% 17
\BOOKMARK [2][-]{subsection.7.1}{\376\377\000D\000e\000f\000i\000n\000i\000c\000i\000\363\000n\000\040\000d\000e\000l\000\040\000p\000r\000o\000b\000l\000e\000m\000a}{section.7}% 18
\BOOKMARK [2][-]{subsection.7.2}{\376\377\000O\000b\000j\000e\000t\000i\000v\000o\000\040\000r\000e\000c\000i\000b\000i\000d\000o\000\040\000m\000e\000d\000i\000a\000n\000t\000e\000\040\000R\000O\000S\000\040\0002}{section.7}% 19
\BOOKMARK [2][-]{subsection.7.3}{\376\377\000M\000\351\000t\000o\000d\000o\000\040\000n\000u\000m\000\351\000r\000i\000c\000o\000\040\000i\000t\000e\000r\000a\000t\000i\000v\000o}{section.7}% 20
\BOOKMARK [2][-]{subsection.7.4}{\376\377\000C\000o\000n\000f\000i\000g\000u\000r\000a\000c\000i\000\363\000n\000\040\000i\000n\000i\000c\000i\000a\000l}{section.7}% 21
\BOOKMARK [2][-]{subsection.7.5}{\376\377\000A\000r\000t\000i\000c\000u\000l\000a\000c\000i\000o\000n\000e\000s\000\040\000u\000t\000i\000l\000i\000z\000a\000d\000a\000s}{section.7}% 22
\BOOKMARK [2][-]{subsection.7.6}{\376\377\000L\000\355\000m\000i\000t\000e\000s\000\040\000a\000r\000t\000i\000c\000u\000l\000a\000r\000e\000s}{section.7}% 23
\BOOKMARK [2][-]{subsection.7.7}{\376\377\000C\000r\000i\000t\000e\000r\000i\000o\000\040\000d\000e\000\040\000c\000o\000n\000v\000e\000r\000g\000e\000n\000c\000i\000a}{section.7}% 24
\BOOKMARK [2][-]{subsection.7.8}{\376\377\000P\000u\000b\000l\000i\000c\000a\000c\000i\000\363\000n\000\040\000d\000e\000\040\000l\000a\000\040\000s\000o\000l\000u\000c\000i\000\363\000n\000\040\000a\000r\000t\000i\000c\000u\000l\000a\000r}{section.7}% 25
\BOOKMARK [2][-]{subsection.7.9}{\376\377\000V\000e\000r\000i\000f\000i\000c\000a\000c\000i\000\363\000n\000\040\000m\000e\000d\000i\000a\000n\000t\000e\000\040\000c\000i\000n\000e\000m\000\341\000t\000i\000c\000a\000\040\000d\000i\000r\000e\000c\000t\000a}{section.7}% 26
\BOOKMARK [1][-]{section.8}{\376\377\000I\000m\000p\000l\000e\000m\000e\000n\000t\000a\000c\000i\000\363\000n\000\040\000e\000n\000\040\000P\000y\000t\000h\000o\000n\000\040\000y\000\040\000R\000O\000S\000\040\0002}{}% 27
\BOOKMARK [2][-]{subsection.8.1}{\376\377\000H\000e\000r\000r\000a\000m\000i\000e\000n\000t\000a\000s}{section.8}% 28
\BOOKMARK [2][-]{subsection.8.2}{\376\377\000N\000o\000d\000o\000\040\000d\000e\000\040\000c\000i\000n\000e\000m\000\341\000t\000i\000c\000a\000\040\000d\000i\000r\000e\000c\000t\000a}{section.8}% 29
\BOOKMARK [2][-]{subsection.8.3}{\376\377\000N\000o\000d\000o\000\040\000d\000e\000\040\000c\000i\000n\000e\000m\000\341\000t\000i\000c\000a\000\040\000i\000n\000v\000e\000r\000s\000a}{section.8}% 30
\BOOKMARK [2][-]{subsection.8.4}{\376\377\000I\000n\000t\000e\000r\000a\000c\000c\000i\000\363\000n\000\040\000c\000o\000n\000\040\000J\000o\000i\000n\000t\000\040\000S\000t\000a\000t\000e\000\040\000P\000u\000b\000l\000i\000s\000h\000e\000r\000\040\000G\000U\000I}{section.8}% 31
\BOOKMARK [1][-]{section.9}{\376\377\000W\000o\000r\000k\000s\000p\000a\000c\000e\000\040\000R\000O\000S\000\040\0002}{}% 32
\BOOKMARK [2][-]{subsection.9.1}{\376\377\000E\000s\000t\000r\000u\000c\000t\000u\000r\000a\000\040\000m\000\355\000n\000i\000m\000a}{section.9}% 33
\BOOKMARK [2][-]{subsection.9.2}{\376\377\000C\000o\000m\000p\000i\000l\000a\000c\000i\000\363\000n}{section.9}% 34
\BOOKMARK [2][-]{subsection.9.3}{\376\377\000E\000j\000e\000c\000u\000c\000i\000\363\000n\000\040\000d\000e\000l\000\040\000r\000o\000b\000o\000t}{section.9}% 35
\BOOKMARK [2][-]{subsection.9.4}{\376\377\000E\000j\000e\000c\000u\000c\000i\000\363\000n\000\040\000d\000e\000\040\000l\000o\000s\000\040\000n\000o\000d\000o\000s\000\040\000p\000r\000o\000p\000i\000o\000s}{section.9}% 36
\BOOKMARK [1][-]{section.10}{\376\377\000V\000a\000l\000i\000d\000a\000c\000i\000\363\000n\000\040\000d\000e\000\040\000l\000a\000\040\000c\000i\000n\000e\000m\000\341\000t\000i\000c\000a\000\040\000d\000i\000r\000e\000c\000t\000a}{}% 37
\BOOKMARK [2][-]{subsection.10.1}{\376\377\000P\000r\000u\000e\000b\000a\000s\000\040\000p\000o\000r\000\040\000t\000r\000a\000n\000s\000f\000o\000r\000m\000a\000c\000i\000o\000n\000e\000s\000\040\000p\000a\000r\000c\000i\000a\000l\000e\000s}{section.10}% 38
\BOOKMARK [1][-]{section.11}{\376\377\000V\000a\000l\000i\000d\000a\000c\000i\000\363\000n\000\040\000d\000e\000\040\000l\000a\000\040\000c\000i\000n\000e\000m\000\341\000t\000i\000c\000a\000\040\000i\000n\000v\000e\000r\000s\000a}{}% 39
\BOOKMARK [1][-]{section.12}{\376\377\000R\000e\000p\000o\000s\000i\000t\000o\000r\000i\000o\000\040\000G\000i\000t\000H\000u\000b\000\040\000y\000\040\000r\000e\000p\000r\000o\000d\000u\000c\000i\000b\000i\000l\000i\000d\000a\000d}{}% 40
\BOOKMARK [2][-]{subsection.12.1}{\376\377\000E\000n\000l\000a\000c\000e}{section.12}% 41
\BOOKMARK [2][-]{subsection.12.2}{\376\377\000C\000o\000n\000t\000e\000n\000i\000d\000o\000\040\000m\000\355\000n\000i\000m\000o\000\040\000d\000e\000l\000\040\000r\000e\000p\000o\000s\000i\000t\000o\000r\000i\000o}{section.12}% 42
\BOOKMARK [2][-]{subsection.12.3}{\376\377\000A\000r\000c\000h\000i\000v\000o\000s\000\040\000q\000u\000e\000\040\000n\000o\000\040\000d\000e\000b\000e\000n\000\040\000s\000u\000b\000i\000r\000s\000e}{section.12}% 43
\BOOKMARK [2][-]{subsection.12.4}{\376\377\000R\000e\000q\000u\000i\000s\000i\000t\000o\000s\000\040\000d\000e\000l\000\040\000R\000E\000A\000D\000M\000E}{section.12}% 44
\BOOKMARK [2][-]{subsection.12.5}{\376\377\000P\000r\000o\000c\000e\000d\000i\000m\000i\000e\000n\000t\000o\000\040\000m\000\355\000n\000i\000m\000o\000\040\000d\000e\000\040\000r\000e\000p\000r\000o\000d\000u\000c\000c\000i\000\363\000n}{section.12}% 45
\BOOKMARK [2][-]{subsection.12.6}{\376\377\000D\000e\000p\000e\000n\000d\000e\000n\000c\000i\000a\000s\000\040\000e\000x\000t\000e\000r\000n\000a\000s\000\040\000r\000e\000p\000r\000o\000d\000u\000c\000i\000b\000l\000e\000s}{section.12}% 46
\BOOKMARK [1][-]{section.13}{\376\377\000R\000e\000s\000u\000l\000t\000a\000d\000o\000s\000\040\000y\000\040\000d\000i\000s\000c\000u\000s\000i\000\363\000n}{}% 47
\BOOKMARK [1][-]{section.14}{\376\377\000C\000o\000n\000c\000l\000u\000s\000i\000o\000n\000e\000s}{}% 48
\BOOKMARK [1][-]{section.15}{\376\377\000R\000e\000f\000e\000r\000e\000n\000c\000i\000a\000s}{}% 49
\BOOKMARK [1][-]{section*.1}{\376\377\000R\000e\000f\000e\000r\000e\000n\000c\000i\000a\000s}{}% 50
\BOOKMARK [1][-]{section*.2}{\376\377\000A\000p\000\351\000n\000d\000i\000c\000e\000\040\000A\000:\000\040\000C\000h\000e\000c\000k\000l\000i\000s\000t\000\040\000p\000r\000e\000v\000i\000o\000\040\000a\000\040\000l\000a\000\040\000e\000n\000t\000r\000e\000g\000a}{}% 51
