[0.035s] Invoking command in '/home/alex/Desktop/Robot/grupo_07_kuka_kr7_r900_3_ws/build/kuka_resources': CMAKE_PREFIX_PATH=${CMAKE_PREFIX_PATH}:/home/alex/Desktop/Robot/grupo_07_kuka_kr7_r900_3_ws/install/grupo07_robot_kinematics:/home/alex/Desktop/Robot/grupo_07_kuka_kr7_r900_3_ws/install/grupo07_kuka_kr7_kinematics:/home/alex/Desktop/Robotica/ros2_ws/install/turtlebot_services:/home/alex/Desktop/Robotica/ros2_ws/install/turtlebot3_teleop:/home/alex/Desktop/Robotica/ros2_ws/install/turtlebot3_tasks:/home/alex/Desktop/Robotica/ros2_ws/install/turtlebot3_systems:/home/alex/Desktop/Robotica/ros2_ws/install/turtlebot3_example:/home/alex/Desktop/Robotica/ros2_ws/install/turtlebot3_autorace:/home/alex/Desktop/Robotica/ros2_ws/src/install/turtlebot_services:/home/alex/Desktop/Robotica/ros2_ws/src/install/turtlebot3_teleop:/home/alex/Desktop/Robotica/ros2_ws/src/install/turtlebot3_tasks:/home/alex/Desktop/Robotica/ros2_ws/src/install/turtlebot3_systems:/home/alex/Desktop/Robotica/ros2_ws/src/install/turtlebot3_example:/home/alex/Desktop/Robotica/ros2_ws/src/install/turtlebot3_autorace:/opt/ros/jazzy DEBUGINFOD_URLS=https://debuginfod.ubuntu.com PS1=[ROSLAB d43] \u@\h:\w$ /usr/bin/cmake --build /home/alex/Desktop/Robot/grupo_07_kuka_kr7_r900_3_ws/build/kuka_resources -- -j16 -l16
[0.536s] Invoked command in '/home/alex/Desktop/Robot/grupo_07_kuka_kr7_r900_3_ws/build/kuka_resources' returned '0': CMAKE_PREFIX_PATH=${CMAKE_PREFIX_PATH}:/home/alex/Desktop/Robot/grupo_07_kuka_kr7_r900_3_ws/install/grupo07_robot_kinematics:/home/alex/Desktop/Robot/grupo_07_kuka_kr7_r900_3_ws/install/grupo07_kuka_kr7_kinematics:/home/alex/Desktop/Robotica/ros2_ws/install/turtlebot_services:/home/alex/Desktop/Robotica/ros2_ws/install/turtlebot3_teleop:/home/alex/Desktop/Robotica/ros2_ws/install/turtlebot3_tasks:/home/alex/Desktop/Robotica/ros2_ws/install/turtlebot3_systems:/home/alex/Desktop/Robotica/ros2_ws/install/turtlebot3_example:/home/alex/Desktop/Robotica/ros2_ws/install/turtlebot3_autorace:/home/alex/Desktop/Robotica/ros2_ws/src/install/turtlebot_services:/home/alex/Desktop/Robotica/ros2_ws/src/install/turtlebot3_teleop:/home/alex/Desktop/Robotica/ros2_ws/src/install/turtlebot3_tasks:/home/alex/Desktop/Robotica/ros2_ws/src/install/turtlebot3_systems:/home/alex/Desktop/Robotica/ros2_ws/src/install/turtlebot3_example:/home/alex/Desktop/Robotica/ros2_ws/src/install/turtlebot3_autorace:/opt/ros/jazzy DEBUGINFOD_URLS=https://debuginfod.ubuntu.com PS1=[ROSLAB d43] \u@\h:\w$ /usr/bin/cmake --build /home/alex/Desktop/Robot/grupo_07_kuka_kr7_r900_3_ws/build/kuka_resources -- -j16 -l16
[0.549s] Invoking command in '/home/alex/Desktop/Robot/grupo_07_kuka_kr7_r900_3_ws/build/kuka_resources': CMAKE_PREFIX_PATH=${CMAKE_PREFIX_PATH}:/home/alex/Desktop/Robot/grupo_07_kuka_kr7_r900_3_ws/install/grupo07_robot_kinematics:/home/alex/Desktop/Robot/grupo_07_kuka_kr7_r900_3_ws/install/grupo07_kuka_kr7_kinematics:/home/alex/Desktop/Robotica/ros2_ws/install/turtlebot_services:/home/alex/Desktop/Robotica/ros2_ws/install/turtlebot3_teleop:/home/alex/Desktop/Robotica/ros2_ws/install/turtlebot3_tasks:/home/alex/Desktop/Robotica/ros2_ws/install/turtlebot3_systems:/home/alex/Desktop/Robotica/ros2_ws/install/turtlebot3_example:/home/alex/Desktop/Robotica/ros2_ws/install/turtlebot3_autorace:/home/alex/Desktop/Robotica/ros2_ws/src/install/turtlebot_services:/home/alex/Desktop/Robotica/ros2_ws/src/install/turtlebot3_teleop:/home/alex/Desktop/Robotica/ros2_ws/src/install/turtlebot3_tasks:/home/alex/Desktop/Robotica/ros2_ws/src/install/turtlebot3_systems:/home/alex/Desktop/Robotica/ros2_ws/src/install/turtlebot3_example:/home/alex/Desktop/Robotica/ros2_ws/src/install/turtlebot3_autorace:/opt/ros/jazzy DEBUGINFOD_URLS=https://debuginfod.ubuntu.com PS1=[ROSLAB d43] \u@\h:\w$ /usr/bin/cmake --install /home/alex/Desktop/Robot/grupo_07_kuka_kr7_r900_3_ws/build/kuka_resources
[0.560s] -- Install configuration: ""
[0.560s] -- Execute custom install script
[0.561s] -- Up-to-date symlink: /home/alex/Desktop/Robot/grupo_07_kuka_kr7_r900_3_ws/install/kuka_resources/share/kuka_resources/srdf/dual_arm_template.srdf.xacro
[0.561s] -- Up-to-date symlink: /home/alex/Desktop/Robot/grupo_07_kuka_kr7_r900_3_ws/install/kuka_resources/share/kuka_resources/srdf/robot_arm_group_macro.xacro
[0.561s] -- Up-to-date symlink: /home/alex/Desktop/Robot/grupo_07_kuka_kr7_r900_3_ws/install/kuka_resources/share/kuka_resources/srdf/robot_arm_macro.xacro
[0.561s] -- Up-to-date symlink: /home/alex/Desktop/Robot/grupo_07_kuka_kr7_r900_3_ws/install/kuka_resources/share/kuka_resources/srdf/robot_with_external_axis_template.srdf.xacro
[0.561s] -- Up-to-date symlink: /home/alex/Desktop/Robot/grupo_07_kuka_kr7_r900_3_ws/install/kuka_resources/share/kuka_resources/urdf/common_colours.xacro
[0.562s] -- Up-to-date symlink: /home/alex/Desktop/Robot/grupo_07_kuka_kr7_r900_3_ws/install/kuka_resources/share/kuka_resources/urdf/common_constants.xacro
[0.562s] -- Up-to-date symlink: /home/alex/Desktop/Robot/grupo_07_kuka_kr7_r900_3_ws/install/kuka_resources/share/kuka_resources/urdf/common_materials.xacro
[0.562s] -- Up-to-date symlink: /home/alex/Desktop/Robot/grupo_07_kuka_kr7_r900_3_ws/install/kuka_resources/share/kuka_resources/urdf/dual_arm_template.urdf.xacro
[0.562s] -- Up-to-date symlink: /home/alex/Desktop/Robot/grupo_07_kuka_kr7_r900_3_ws/install/kuka_resources/share/kuka_resources/urdf/robot_with_external_axis_template.urdf.xacro
[0.562s] -- Up-to-date symlink: /home/alex/Desktop/Robot/grupo_07_kuka_kr7_r900_3_ws/install/kuka_resources/share/kuka_resources/config/fake_hardware_config_6_axis.yaml
[0.562s] -- Up-to-date symlink: /home/alex/Desktop/Robot/grupo_07_kuka_kr7_r900_3_ws/install/kuka_resources/share/kuka_resources/config/fake_hardware_config_6_axis_kl.yaml
[0.562s] -- Up-to-date symlink: /home/alex/Desktop/Robot/grupo_07_kuka_kr7_r900_3_ws/install/kuka_resources/share/kuka_resources/config/fake_hardware_config_7_axis.yaml
[0.562s] -- Up-to-date symlink: /home/alex/Desktop/Robot/grupo_07_kuka_kr7_r900_3_ws/install/kuka_resources/share/kuka_resources/config/moveit_controllers_6_axis_kl.yaml
[0.563s] -- Up-to-date symlink: /home/alex/Desktop/Robot/grupo_07_kuka_kr7_r900_3_ws/install/kuka_resources/share/kuka_resources/config/planning_6_axis.rviz
[0.563s] -- Up-to-date symlink: /home/alex/Desktop/Robot/grupo_07_kuka_kr7_r900_3_ws/install/kuka_resources/share/kuka_resources/config/planning_6_axis_kl.rviz
[0.563s] -- Up-to-date symlink: /home/alex/Desktop/Robot/grupo_07_kuka_kr7_r900_3_ws/install/kuka_resources/share/kuka_resources/config/planning_7_axis.rviz
[0.563s] -- Up-to-date symlink: /home/alex/Desktop/Robot/grupo_07_kuka_kr7_r900_3_ws/install/kuka_resources/share/kuka_resources/config/view_6_axis_kl_urdf.rviz
[0.563s] -- Up-to-date symlink: /home/alex/Desktop/Robot/grupo_07_kuka_kr7_r900_3_ws/install/kuka_resources/share/kuka_resources/config/view_6_axis_planning_scene.rviz
[0.563s] -- Up-to-date symlink: /home/alex/Desktop/Robot/grupo_07_kuka_kr7_r900_3_ws/install/kuka_resources/share/kuka_resources/config/view_6_axis_urdf.rviz
[0.563s] -- Up-to-date symlink: /home/alex/Desktop/Robot/grupo_07_kuka_kr7_r900_3_ws/install/kuka_resources/share/kuka_resources/config/view_7_axis_planning_scene.rviz
[0.563s] -- Up-to-date symlink: /home/alex/Desktop/Robot/grupo_07_kuka_kr7_r900_3_ws/install/kuka_resources/share/kuka_resources/config/view_7_axis_urdf.rviz
[0.563s] -- Up-to-date symlink: /home/alex/Desktop/Robot/grupo_07_kuka_kr7_r900_3_ws/install/kuka_resources/share/kuka_resources/config/view_multi_6_axis_urdf.rviz
[0.564s] -- Up-to-date symlink: /home/alex/Desktop/Robot/grupo_07_kuka_kr7_r900_3_ws/install/kuka_resources/share/kuka_resources/launch/fake_hardware_planning_template.launch.py
[0.564s] -- Up-to-date symlink: /home/alex/Desktop/Robot/grupo_07_kuka_kr7_r900_3_ws/install/kuka_resources/share/kuka_resources/launch/moveit_server_template.launch.py
[0.564s] -- Up-to-date symlink: /home/alex/Desktop/Robot/grupo_07_kuka_kr7_r900_3_ws/install/kuka_resources/share/ament_index/resource_index/package_run_dependencies/kuka_resources
[0.564s] -- Up-to-date symlink: /home/alex/Desktop/Robot/grupo_07_kuka_kr7_r900_3_ws/install/kuka_resources/share/ament_index/resource_index/parent_prefix_path/kuka_resources
[0.564s] -- Up-to-date symlink: /home/alex/Desktop/Robot/grupo_07_kuka_kr7_r900_3_ws/install/kuka_resources/share/kuka_resources/environment/ament_prefix_path.sh
[0.564s] -- Up-to-date symlink: /home/alex/Desktop/Robot/grupo_07_kuka_kr7_r900_3_ws/install/kuka_resources/share/kuka_resources/environment/ament_prefix_path.dsv
[0.564s] -- Up-to-date symlink: /home/alex/Desktop/Robot/grupo_07_kuka_kr7_r900_3_ws/install/kuka_resources/share/kuka_resources/environment/path.sh
[0.564s] -- Up-to-date symlink: /home/alex/Desktop/Robot/grupo_07_kuka_kr7_r900_3_ws/install/kuka_resources/share/kuka_resources/environment/path.dsv
[0.565s] -- Up-to-date symlink: /home/alex/Desktop/Robot/grupo_07_kuka_kr7_r900_3_ws/install/kuka_resources/share/kuka_resources/local_setup.bash
[0.565s] -- Up-to-date symlink: /home/alex/Desktop/Robot/grupo_07_kuka_kr7_r900_3_ws/install/kuka_resources/share/kuka_resources/local_setup.sh
[0.565s] -- Up-to-date symlink: /home/alex/Desktop/Robot/grupo_07_kuka_kr7_r900_3_ws/install/kuka_resources/share/kuka_resources/local_setup.zsh
[0.565s] -- Up-to-date symlink: /home/alex/Desktop/Robot/grupo_07_kuka_kr7_r900_3_ws/install/kuka_resources/share/kuka_resources/local_setup.dsv
[0.565s] -- Symlinking: /home/alex/Desktop/Robot/grupo_07_kuka_kr7_r900_3_ws/install/kuka_resources/share/kuka_resources/package.dsv
[0.579s] -- Up-to-date symlink: /home/alex/Desktop/Robot/grupo_07_kuka_kr7_r900_3_ws/install/kuka_resources/share/ament_index/resource_index/packages/kuka_resources
[0.579s] -- Up-to-date symlink: /home/alex/Desktop/Robot/grupo_07_kuka_kr7_r900_3_ws/install/kuka_resources/share/kuka_resources/cmake/kuka_resourcesConfig.cmake
[0.579s] -- Up-to-date symlink: /home/alex/Desktop/Robot/grupo_07_kuka_kr7_r900_3_ws/install/kuka_resources/share/kuka_resources/cmake/kuka_resourcesConfig-version.cmake
[0.579s] -- Up-to-date symlink: /home/alex/Desktop/Robot/grupo_07_kuka_kr7_r900_3_ws/install/kuka_resources/share/kuka_resources/package.xml
[0.584s] Invoked command in '/home/alex/Desktop/Robot/grupo_07_kuka_kr7_r900_3_ws/build/kuka_resources' returned '0': CMAKE_PREFIX_PATH=${CMAKE_PREFIX_PATH}:/home/alex/Desktop/Robot/grupo_07_kuka_kr7_r900_3_ws/install/grupo07_robot_kinematics:/home/alex/Desktop/Robot/grupo_07_kuka_kr7_r900_3_ws/install/grupo07_kuka_kr7_kinematics:/home/alex/Desktop/Robotica/ros2_ws/install/turtlebot_services:/home/alex/Desktop/Robotica/ros2_ws/install/turtlebot3_teleop:/home/alex/Desktop/Robotica/ros2_ws/install/turtlebot3_tasks:/home/alex/Desktop/Robotica/ros2_ws/install/turtlebot3_systems:/home/alex/Desktop/Robotica/ros2_ws/install/turtlebot3_example:/home/alex/Desktop/Robotica/ros2_ws/install/turtlebot3_autorace:/home/alex/Desktop/Robotica/ros2_ws/src/install/turtlebot_services:/home/alex/Desktop/Robotica/ros2_ws/src/install/turtlebot3_teleop:/home/alex/Desktop/Robotica/ros2_ws/src/install/turtlebot3_tasks:/home/alex/Desktop/Robotica/ros2_ws/src/install/turtlebot3_systems:/home/alex/Desktop/Robotica/ros2_ws/src/install/turtlebot3_example:/home/alex/Desktop/Robotica/ros2_ws/src/install/turtlebot3_autorace:/opt/ros/jazzy DEBUGINFOD_URLS=https://debuginfod.ubuntu.com PS1=[ROSLAB d43] \u@\h:\w$ /usr/bin/cmake --install /home/alex/Desktop/Robot/grupo_07_kuka_kr7_r900_3_ws/build/kuka_resources
