[1.137s] Invoking command in '/home/alex/Desktop/Robot/grupo_07_kuka_kr7_r900_3_ws/build/grupo07_robot_kinematics': DEBUGINFOD_URLS=https://debuginfod.ubuntu.com PS1=[ROSLAB d43] \u@\h:\w$ PYTHONPATH=/home/alex/Desktop/Robot/grupo_07_kuka_kr7_r900_3_ws/build/grupo07_robot_kinematics/prefix_override:/usr/lib/python3/dist-packages/colcon_core/task/python/colcon_distutils_commands:/home/alex/Desktop/Robot/grupo_07_kuka_kr7_r900_3_ws/install/grupo07_robot_kinematics/lib/python3.12/site-packages:${PYTHONPATH} /usr/bin/python3 -W ignore:setup.py install is deprecated -W ignore:easy_install command is deprecated setup.py develop --uninstall --editable --build-directory /home/alex/Desktop/Robot/grupo_07_kuka_kr7_r900_3_ws/build/grupo07_robot_kinematics/build
[1.456s] running develop
[1.684s] Removing /home/alex/Desktop/Robot/grupo_07_kuka_kr7_r900_3_ws/install/grupo07_robot_kinematics/lib/python3.12/site-packages/grupo07-robot-kinematics.egg-link (link to .)
[1.717s] Invoked command in '/home/alex/Desktop/Robot/grupo_07_kuka_kr7_r900_3_ws/build/grupo07_robot_kinematics' returned '0': DEBUGINFOD_URLS=https://debuginfod.ubuntu.com PS1=[ROSLAB d43] \u@\h:\w$ PYTHONPATH=/home/alex/Desktop/Robot/grupo_07_kuka_kr7_r900_3_ws/build/grupo07_robot_kinematics/prefix_override:/usr/lib/python3/dist-packages/colcon_core/task/python/colcon_distutils_commands:/home/alex/Desktop/Robot/grupo_07_kuka_kr7_r900_3_ws/install/grupo07_robot_kinematics/lib/python3.12/site-packages:${PYTHONPATH} /usr/bin/python3 -W ignore:setup.py install is deprecated -W ignore:easy_install command is deprecated setup.py develop --uninstall --editable --build-directory /home/alex/Desktop/Robot/grupo_07_kuka_kr7_r900_3_ws/build/grupo07_robot_kinematics/build
[1.719s] Invoking command in '/home/alex/Desktop/Robot/grupo_07_kuka_kr7_r900_3_ws/src/grupo07_robot_kinematics': DEBUGINFOD_URLS=https://debuginfod.ubuntu.com PS1=[ROSLAB d43] \u@\h:\w$ PYTHONPATH=/home/alex/Desktop/Robot/grupo_07_kuka_kr7_r900_3_ws/build/grupo07_robot_kinematics/prefix_override:/usr/lib/python3/dist-packages/colcon_core/task/python/colcon_distutils_commands:/home/alex/Desktop/Robot/grupo_07_kuka_kr7_r900_3_ws/install/grupo07_robot_kinematics/lib/python3.12/site-packages:${PYTHONPATH} /usr/bin/python3 -W ignore:setup.py install is deprecated -W ignore:easy_install command is deprecated setup.py egg_info --egg-base ../../build/grupo07_robot_kinematics build --build-base /home/alex/Desktop/Robot/grupo_07_kuka_kr7_r900_3_ws/build/grupo07_robot_kinematics/build install --record /home/alex/Desktop/Robot/grupo_07_kuka_kr7_r900_3_ws/build/grupo07_robot_kinematics/install.log --install-scripts $base/lib/grupo07_robot_kinematics --single-version-externally-managed install_data --force
[1.982s] running egg_info
[2.002s] writing ../../build/grupo07_robot_kinematics/grupo07_robot_kinematics.egg-info/PKG-INFO
[2.003s] writing dependency_links to ../../build/grupo07_robot_kinematics/grupo07_robot_kinematics.egg-info/dependency_links.txt
[2.003s] writing entry points to ../../build/grupo07_robot_kinematics/grupo07_robot_kinematics.egg-info/entry_points.txt
[2.003s] writing requirements to ../../build/grupo07_robot_kinematics/grupo07_robot_kinematics.egg-info/requires.txt
[2.003s] writing top-level names to ../../build/grupo07_robot_kinematics/grupo07_robot_kinematics.egg-info/top_level.txt
[2.047s] reading manifest file '../../build/grupo07_robot_kinematics/grupo07_robot_kinematics.egg-info/SOURCES.txt'
[2.048s] writing manifest file '../../build/grupo07_robot_kinematics/grupo07_robot_kinematics.egg-info/SOURCES.txt'
[2.048s] running build
[2.048s] running build_py
[2.049s] copying grupo07_robot_kinematics/kinematics.py -> /home/alex/Desktop/Robot/grupo_07_kuka_kr7_r900_3_ws/build/grupo07_robot_kinematics/build/lib/grupo07_robot_kinematics
[2.049s] copying grupo07_robot_kinematics/fk_node.py -> /home/alex/Desktop/Robot/grupo_07_kuka_kr7_r900_3_ws/build/grupo07_robot_kinematics/build/lib/grupo07_robot_kinematics
[2.049s] copying grupo07_robot_kinematics/ik_node.py -> /home/alex/Desktop/Robot/grupo_07_kuka_kr7_r900_3_ws/build/grupo07_robot_kinematics/build/lib/grupo07_robot_kinematics
[2.049s] running install
[2.055s] running install_lib
[2.079s] creating /home/alex/Desktop/Robot/grupo_07_kuka_kr7_r900_3_ws/install/grupo07_robot_kinematics/lib/python3.12/site-packages/grupo07_robot_kinematics
[2.079s] copying /home/alex/Desktop/Robot/grupo_07_kuka_kr7_r900_3_ws/build/grupo07_robot_kinematics/build/lib/grupo07_robot_kinematics/kinematics.py -> /home/alex/Desktop/Robot/grupo_07_kuka_kr7_r900_3_ws/install/grupo07_robot_kinematics/lib/python3.12/site-packages/grupo07_robot_kinematics
[2.079s] copying /home/alex/Desktop/Robot/grupo_07_kuka_kr7_r900_3_ws/build/grupo07_robot_kinematics/build/lib/grupo07_robot_kinematics/__init__.py -> /home/alex/Desktop/Robot/grupo_07_kuka_kr7_r900_3_ws/install/grupo07_robot_kinematics/lib/python3.12/site-packages/grupo07_robot_kinematics
[2.080s] copying /home/alex/Desktop/Robot/grupo_07_kuka_kr7_r900_3_ws/build/grupo07_robot_kinematics/build/lib/grupo07_robot_kinematics/fk_node.py -> /home/alex/Desktop/Robot/grupo_07_kuka_kr7_r900_3_ws/install/grupo07_robot_kinematics/lib/python3.12/site-packages/grupo07_robot_kinematics
[2.080s] copying /home/alex/Desktop/Robot/grupo_07_kuka_kr7_r900_3_ws/build/grupo07_robot_kinematics/build/lib/grupo07_robot_kinematics/ik_node.py -> /home/alex/Desktop/Robot/grupo_07_kuka_kr7_r900_3_ws/install/grupo07_robot_kinematics/lib/python3.12/site-packages/grupo07_robot_kinematics
[2.080s] byte-compiling /home/alex/Desktop/Robot/grupo_07_kuka_kr7_r900_3_ws/install/grupo07_robot_kinematics/lib/python3.12/site-packages/grupo07_robot_kinematics/kinematics.py to kinematics.cpython-312.pyc
[2.082s] byte-compiling /home/alex/Desktop/Robot/grupo_07_kuka_kr7_r900_3_ws/install/grupo07_robot_kinematics/lib/python3.12/site-packages/grupo07_robot_kinematics/__init__.py to __init__.cpython-312.pyc
[2.082s] byte-compiling /home/alex/Desktop/Robot/grupo_07_kuka_kr7_r900_3_ws/install/grupo07_robot_kinematics/lib/python3.12/site-packages/grupo07_robot_kinematics/fk_node.py to fk_node.cpython-312.pyc
[2.083s] byte-compiling /home/alex/Desktop/Robot/grupo_07_kuka_kr7_r900_3_ws/install/grupo07_robot_kinematics/lib/python3.12/site-packages/grupo07_robot_kinematics/ik_node.py to ik_node.cpython-312.pyc
[2.085s] running install_data
[2.086s] copying resource/grupo07_robot_kinematics -> /home/alex/Desktop/Robot/grupo_07_kuka_kr7_r900_3_ws/install/grupo07_robot_kinematics/share/ament_index/resource_index/packages
[2.086s] copying package.xml -> /home/alex/Desktop/Robot/grupo_07_kuka_kr7_r900_3_ws/install/grupo07_robot_kinematics/share/grupo07_robot_kinematics
[2.086s] running install_egg_info
[2.109s] Copying ../../build/grupo07_robot_kinematics/grupo07_robot_kinematics.egg-info to /home/alex/Desktop/Robot/grupo_07_kuka_kr7_r900_3_ws/install/grupo07_robot_kinematics/lib/python3.12/site-packages/grupo07_robot_kinematics-0.0.0-py3.12.egg-info
[2.110s] running install_scripts
[2.252s] Installing fk_node script to /home/alex/Desktop/Robot/grupo_07_kuka_kr7_r900_3_ws/install/grupo07_robot_kinematics/lib/grupo07_robot_kinematics
[2.252s] Installing ik_node script to /home/alex/Desktop/Robot/grupo_07_kuka_kr7_r900_3_ws/install/grupo07_robot_kinematics/lib/grupo07_robot_kinematics
[2.253s] writing list of installed files to '/home/alex/Desktop/Robot/grupo_07_kuka_kr7_r900_3_ws/build/grupo07_robot_kinematics/install.log'
[2.282s] Invoked command in '/home/alex/Desktop/Robot/grupo_07_kuka_kr7_r900_3_ws/src/grupo07_robot_kinematics' returned '0': DEBUGINFOD_URLS=https://debuginfod.ubuntu.com PS1=[ROSLAB d43] \u@\h:\w$ PYTHONPATH=/home/alex/Desktop/Robot/grupo_07_kuka_kr7_r900_3_ws/build/grupo07_robot_kinematics/prefix_override:/usr/lib/python3/dist-packages/colcon_core/task/python/colcon_distutils_commands:/home/alex/Desktop/Robot/grupo_07_kuka_kr7_r900_3_ws/install/grupo07_robot_kinematics/lib/python3.12/site-packages:${PYTHONPATH} /usr/bin/python3 -W ignore:setup.py install is deprecated -W ignore:easy_install command is deprecated setup.py egg_info --egg-base ../../build/grupo07_robot_kinematics build --build-base /home/alex/Desktop/Robot/grupo_07_kuka_kr7_r900_3_ws/build/grupo07_robot_kinematics/build install --record /home/alex/Desktop/Robot/grupo_07_kuka_kr7_r900_3_ws/build/grupo07_robot_kinematics/install.log --install-scripts $base/lib/grupo07_robot_kinematics --single-version-externally-managed install_data --force
